<html>
<body>
<pre>
<h1>礦ision Build Log</h1>
<h2>Tool Versions:</h2>
IDE-Version: μVision V5.23.0.0
Copyright (C) 2017 ARM Ltd and ARM Germany GmbH. All rights reserved.
License Information: chen Microsoft, Microsoft, LIC=RC9VE-597FB-MLPCI-TY9K4-AJNCZ-236WK
 
Tool Versions:
Toolchain:       MDK-ARM Plus  Version: 5.23
Toolchain Path:  C:\Keil_v5\ARM\ARMCC\Bin
C Compiler:      Armcc.exe V5.06 update 4 (build 422)
Assembler:       Armasm.exe V5.06 update 4 (build 422)
Linker/Locator:  ArmLink.exe V5.06 update 4 (build 422)
Library Manager: ArmAr.exe V5.06 update 4 (build 422)
Hex Converter:   FromElf.exe V5.06 update 4 (build 422)
CPU DLL:         SARMCM3.DLL V5.23
Dialog DLL:      DCM.DLL V1.15.0.0
Target DLL:      STLink\ST-LINKIII-KEIL_SWO.dll V2.0.18.0
Dialog DLL:      TCM.DLL V1.27.0.0
 
<h2>Project:</h2>
D:\大四轴_rpi_资料\MyBigFly\myBigfly.uvprojx
Project File Date:  06/05/2018

<h2>Output:</h2>
*** Using Compiler 'V5.06 update 4 (build 422)', folder: 'C:\Keil_v5\ARM\ARMCC\Bin'
Build target 'Target 1'
compiling core_cm3.c...
compiling system_stm32f10x.c...
assembling startup_stm32f10x_md.s...
compiling main.c...
compiling stm32f10x_it.c...
compiling sysclock.c...
compiling control.c...
compiling misc.c...
compiling stm32f10x_gpio.c...
compiling stm32f10x_rtc.c...
compiling stm32f10x_rcc.c...
compiling stm32f10x_flash.c...
compiling stm32f10x_usart.c...
compiling stm32f10x_tim.c...
compiling stm32f10x_dma.c...
compiling led.c...
compiling usart.c...
.\Hardware\H\i2c.h(39): warning:  #47-D: incompatible redefinition of macro "true"  (declared at line 140 of ".\eMPL\driver\include\mltypes.h")
  #define true  0
.\Hardware\H\i2c.h(40): warning:  #47-D: incompatible redefinition of macro "false"  (declared at line 136 of ".\eMPL\driver\include\mltypes.h")
  #define false 1
Hardware\C\usart.c: 2 warnings, 0 errors
compiling i2c.c...
compiling ms5611.c...
compiling pca9685.c...
compiling timer.c...
compiling inv_mpu.c...
compiling inv_mpu_dmp_motion_driver.c...
compiling mpu_userapi.c...
.\Hardware\H\i2c.h(39): warning:  #47-D: incompatible redefinition of macro "true"  (declared at line 140 of ".\eMPL\driver\include\mltypes.h")
  #define true  0
.\Hardware\H\i2c.h(40): warning:  #47-D: incompatible redefinition of macro "false"  (declared at line 136 of ".\eMPL\driver\include\mltypes.h")
  #define false 1
eMPL\mpu_userapi.c(1055): warning:  #177-D: variable "new_temp"  was declared but never referenced
      unsigned char accel_fsr,  new_temp = 0;
eMPL\mpu_userapi.c(1061): warning:  #177-D: variable "new_compass"  was declared but never referenced
      unsigned char new_compass = 0;
eMPL\mpu_userapi.c: 4 warnings, 0 errors
compiling eMPL_outputs.c...
compiling hal_outputs.c...
compiling data_builder.c...
compiling message_layer.c...
compiling ml_math_func.c...
compiling mlmath.c...
compiling mpl.c...
compiling results_holder.c...
compiling start_manager.c...
compiling storage_manager.c...
compiling log_stm32.c...
linking...
Program Size: Code=62116 RO-data=4532 RW-data=312 ZI-data=6760  
FromELF: creating hex file...
".\Objects\myBigfly.axf" - 0 Error(s), 6 Warning(s).

<h2>Collection of Component include folders:</h2>
  .\RTE\_Target_1
  C:\Keil_v5\ARM\PACK\Keil\STM32F1xx_DFP\2.1.0\Device\Include

<h2>Collection of Component Files used:</h2>
Build Time Elapsed:  00:00:24
</pre>
</body>
</html>
