Component: ARM Compiler 5.05 update 1 (build 106) Tool: armlink [4d0efa]

==============================================================================

Section Cross References

    system_stm32f10x.o(i.SetSysClock) refers to system_stm32f10x.o(i.SetSysClockTo72) for SetSysClockTo72
    system_stm32f10x.o(i.SystemCoreClockUpdate) refers to system_stm32f10x.o(.data) for SystemCoreClock
    system_stm32f10x.o(i.SystemInit) refers to system_stm32f10x.o(i.SetSysClock) for SetSysClock
    startup_stm32f10x_md.o(RESET) refers to startup_stm32f10x_md.o(STACK) for __initial_sp
    startup_stm32f10x_md.o(RESET) refers to startup_stm32f10x_md.o(.text) for Reset_Handler
    startup_stm32f10x_md.o(RESET) refers to stm32f10x_it.o(i.NMI_Handler) for NMI_Handler
    startup_stm32f10x_md.o(RESET) refers to stm32f10x_it.o(i.HardFault_Handler) for HardFault_Handler
    startup_stm32f10x_md.o(RESET) refers to stm32f10x_it.o(i.MemManage_Handler) for MemManage_Handler
    startup_stm32f10x_md.o(RESET) refers to stm32f10x_it.o(i.BusFault_Handler) for BusFault_Handler
    startup_stm32f10x_md.o(RESET) refers to stm32f10x_it.o(i.UsageFault_Handler) for UsageFault_Handler
    startup_stm32f10x_md.o(RESET) refers to stm32f10x_it.o(i.SVC_Handler) for SVC_Handler
    startup_stm32f10x_md.o(RESET) refers to stm32f10x_it.o(i.DebugMon_Handler) for DebugMon_Handler
    startup_stm32f10x_md.o(RESET) refers to stm32f10x_it.o(i.PendSV_Handler) for PendSV_Handler
    startup_stm32f10x_md.o(RESET) refers to sysclock.o(i.SysTick_Handler) for SysTick_Handler
    startup_stm32f10x_md.o(RESET) refers to timer.o(i.DMA1_Channel7_IRQHandler) for DMA1_Channel7_IRQHandler
    startup_stm32f10x_md.o(RESET) refers to timer.o(i.TIM2_IRQHandler) for TIM2_IRQHandler
    startup_stm32f10x_md.o(RESET) refers to usart.o(i.USART1_IRQHandler) for USART1_IRQHandler
    startup_stm32f10x_md.o(.text) refers to system_stm32f10x.o(i.SystemInit) for SystemInit
    startup_stm32f10x_md.o(.text) refers to entry.o(.ARM.Collect$$$$00000000) for __main
    main.o(i.main) refers to sysclock.o(i.SetSysClockToHSE) for SetSysClockToHSE
    main.o(i.main) refers to sysclock.o(i.cycleCounterInit) for cycleCounterInit
    main.o(i.main) refers to usart.o(i.USART_Config) for USART_Config
    main.o(i.main) refers to usart.o(i.UART1NVIC_Configuration) for UART1NVIC_Configuration
    main.o(i.main) refers to i2c.o(i.IIC_Init) for IIC_Init
    main.o(i.main) refers to mpu_userapi.o(i.mpu9250_initialize) for mpu9250_initialize
    main.o(i.main) refers to printfa.o(i.__0printf) for __2printf
    main.o(i.main) refers to pca9685.o(i.PCA9685_SetPWMFreq) for PCA9685_SetPWMFreq
    main.o(i.main) refers to timer.o(i.TIM2_CAP_Init) for TIM2_CAP_Init
    main.o(i.main) refers to sysclock.o(i.delay_ms) for delay_ms
    main.o(i.main) refers to mpu_userapi.o(i.mpu_mpl_get_data) for mpu_mpl_get_data
    main.o(i.main) refers to f2d.o(.text) for __aeabi_f2d
    main.o(i.main) refers to system_stm32f10x.o(.data) for SystemCoreClock
    main.o(i.main) refers to control.o(.bss) for myControl
    sysclock.o(i.DelayMs) refers to sysclock.o(i.micros) for micros
    sysclock.o(i.SetSysClockToHSE) refers to stm32f10x_rcc.o(i.RCC_DeInit) for RCC_DeInit
    sysclock.o(i.SetSysClockToHSE) refers to stm32f10x_rcc.o(i.RCC_HSEConfig) for RCC_HSEConfig
    sysclock.o(i.SetSysClockToHSE) refers to stm32f10x_rcc.o(i.RCC_LSEConfig) for RCC_LSEConfig
    sysclock.o(i.SetSysClockToHSE) refers to stm32f10x_rcc.o(i.RCC_WaitForHSEStartUp) for RCC_WaitForHSEStartUp
    sysclock.o(i.SetSysClockToHSE) refers to stm32f10x_rcc.o(i.RCC_HCLKConfig) for RCC_HCLKConfig
    sysclock.o(i.SetSysClockToHSE) refers to stm32f10x_rcc.o(i.RCC_PCLK2Config) for RCC_PCLK2Config
    sysclock.o(i.SetSysClockToHSE) refers to stm32f10x_rcc.o(i.RCC_PCLK1Config) for RCC_PCLK1Config
    sysclock.o(i.SetSysClockToHSE) refers to stm32f10x_flash.o(i.FLASH_SetLatency) for FLASH_SetLatency
    sysclock.o(i.SetSysClockToHSE) refers to stm32f10x_flash.o(i.FLASH_PrefetchBufferCmd) for FLASH_PrefetchBufferCmd
    sysclock.o(i.SetSysClockToHSE) refers to stm32f10x_rcc.o(i.RCC_PLLConfig) for RCC_PLLConfig
    sysclock.o(i.SetSysClockToHSE) refers to stm32f10x_rcc.o(i.RCC_PLLCmd) for RCC_PLLCmd
    sysclock.o(i.SetSysClockToHSE) refers to stm32f10x_rcc.o(i.RCC_GetFlagStatus) for RCC_GetFlagStatus
    sysclock.o(i.SetSysClockToHSE) refers to stm32f10x_rcc.o(i.RCC_SYSCLKConfig) for RCC_SYSCLKConfig
    sysclock.o(i.SetSysClockToHSE) refers to stm32f10x_rcc.o(i.RCC_GetSYSCLKSource) for RCC_GetSYSCLKSource
    sysclock.o(i.SysTick_Handler) refers to sysclock.o(.data) for sysTickUptime
    sysclock.o(i.SystemClock_HSE) refers to sysclock.o(i.MYRCC_DeInit) for MYRCC_DeInit
    sysclock.o(i.SystemClock_HSE) refers to sysclock.o(.data) for SysClock
    sysclock.o(i.cycleCounterInit) refers to stm32f10x_rcc.o(i.RCC_GetClocksFreq) for RCC_GetClocksFreq
    sysclock.o(i.cycleCounterInit) refers to sysclock.o(.data) for usTicks
[...]
    inv_get_gyro_ts                          0x08003397   Thumb Code    30  gyro_tc.o(.text)
    inv_set_gyro_ts                          0x080033b5   Thumb Code    16  gyro_tc.o(.text)
    inv_set_gtc_order                        0x080033c5   Thumb Code    16  gyro_tc.o(.text)
    inv_print_gtc_data                       0x080033d5   Thumb Code    62  gyro_tc.o(.text)
    inv_start_gyro_tc                        0x08003413   Thumb Code    10  gyro_tc.o(.text)
    inv_stop_gyro_tc                         0x0800341d   Thumb Code     6  gyro_tc.o(.text)
    inv_enable_gyro_tc                       0x08003423   Thumb Code    48  gyro_tc.o(.text)
    inv_disable_gyro_tc                      0x08003453   Thumb Code    40  gyro_tc.o(.text)
    inv_set_magnetic_disturbance             0x0800348d   Thumb Code    16  mag_disturb.o(.text)
    inv_init_magnetic_disturbance            0x0800349d   Thumb Code    50  mag_disturb.o(.text)
    MagDisturbSetDisturbance                 0x080034cf   Thumb Code    98  mag_disturb.o(.text)
    MagDisturbCheckSettling                  0x08003531   Thumb Code    54  mag_disturb.o(.text)
    ComputeAngleVelocity                     0x08003567   Thumb Code    94  mag_disturb.o(.text)
    inv_disable_dip_tracking                 0x080035c5   Thumb Code    10  mag_disturb.o(.text)
    Mag3ofNormalizedLong                     0x080035cf   Thumb Code    72  mag_disturb.o(.text)
    inv_track_dip_angle                      0x08003617   Thumb Code   114  mag_disturb.o(.text)
    inv_check_magnetic_disturbance           0x08003689   Thumb Code   690  mag_disturb.o(.text)
    inv_magnetic_disturbance_process         0x0800393b   Thumb Code    50  mag_disturb.o(.text)
    inv_start_magnetic_disturbance           0x0800396d   Thumb Code    14  mag_disturb.o(.text)
    inv_stop_magnetic_disturbance            0x0800397b   Thumb Code     8  mag_disturb.o(.text)
    inv_enable_magnetic_disturbance          0x08003983   Thumb Code    40  mag_disturb.o(.text)
    inv_disable_magnetic_disturbance         0x080039ab   Thumb Code    22  mag_disturb.o(.text)
    inv_enable_dip_tracking                  0x080039c1   Thumb Code    14  mag_disturb.o(.text)
    inv_get_magnetic_disturbance_state       0x080039cf   Thumb Code     8  mag_disturb.o(.text)
    inv_generate_gyro_quaternion             0x08003d6d   Thumb Code   260  quaternion_supervisor.o(.text)
    inv_set_quaternion                       0x0800405f   Thumb Code    38  quaternion_supervisor.o(.text)
    inv_generate_accel_gyro_quaternion       0x08004085   Thumb Code   428  quaternion_supervisor.o(.text)
    inv_stop_quaternion                      0x08004279   Thumb Code     6  quaternion_supervisor.o(.text)
    inv_init_quaternion                      0x0800427f   Thumb Code    34  quaternion_supervisor.o(.text)
    inv_start_quaternion                     0x080042a1   Thumb Code    34  quaternion_supervisor.o(.text)
    inv_enable_quaternion                    0x080042c3   Thumb Code    24  quaternion_supervisor.o(.text)
    inv_disable_quaternion                   0x080042db   Thumb Code    20  quaternion_supervisor.o(.text)
    inv_init_accel_maxmin                    0x0800431d   Thumb Code    28  accel_auto_cal.o(.text)
    inv_record_good_accel_maxmin             0x08004339   Thumb Code    56  accel_auto_cal.o(.text)
    inv_get_current_calibrated_accel         0x08004371   Thumb Code    70  accel_auto_cal.o(.text)
    inv_sort_order_4_T                       0x080046bf   Thumb Code   186  accel_auto_cal.o(.text)
    inv_init_check_sample_balance            0x08004779   Thumb Code    30  accel_auto_cal.o(.text)
    inv_init_check_sample_balance_parameter  0x08004797   Thumb Code    28  accel_auto_cal.o(.text)
    inv_add_accel_block_data                 0x080047b3   Thumb Code   152  accel_auto_cal.o(.text)
    inv_add_vector_block_data                0x0800484b   Thumb Code   120  accel_auto_cal.o(.text)
    inv_check_sample_balance                 0x080048c3   Thumb Code   344  accel_auto_cal.o(.text)
    inv_auto_calibrate                       0x08004a51   Thumb Code   720  accel_auto_cal.o(.text)
    inv_init_in_use_auto_calibration         0x08004d21   Thumb Code    80  accel_auto_cal.o(.text)
    inv_start_in_use_auto_calibration        0x08004d71   Thumb Code    14  accel_auto_cal.o(.text)
    inv_stop_in_use_auto_calibration         0x08004d7f   Thumb Code     8  accel_auto_cal.o(.text)
    inv_enable_in_use_auto_calibration       0x08004d87   Thumb Code    24  accel_auto_cal.o(.text)
    inv_disable_in_use_auto_calibration      0x08004d9f   Thumb Code    94  accel_auto_cal.o(.text)
    inv_get_accel_bias_stage                 0x08004dfd   Thumb Code     6  accel_auto_cal.o(.text)
    __aeabi_ldivmod                          0x08004e09   Thumb Code    98  ldiv.o(.text)
    __aeabi_llsl                             0x08004e6b   Thumb Code    30  llshl.o(.text)
    _ll_shift_l                              0x08004e6b   Thumb Code     0  llshl.o(.text)
    __aeabi_lasr                             0x08004e89   Thumb Code    36  llsshr.o(.text)
    _ll_sshift_r                             0x08004e89   Thumb Code     0  llsshr.o(.text)
    ___aeabi_memcpy8$move                    0x08004ead   Thumb Code     0  memmovea.o(.text)
    __aeabi_memcpy                           0x08004ead   Thumb Code    64  memmovea.o(.text)
    __aeabi_memcpy4                          0x08004ead   Thumb Code     0  memmovea.o(.text)
    __aeabi_memmove                          0x08004ead   Thumb Code     0  memmovea.o(.text)
    __aeabi_memmove4                         0x08004ead   Thumb Code     0  memmovea.o(.text)
    __aeabi_memmove8                         0x08004ead   Thumb Code     0  memmovea.o(.text)
    __aeabi_memset                           0x08004eed   Thumb Code    14  memseta.o(.text)
    __aeabi_memset4                          0x08004eed   Thumb Code     0  memseta.o(.text)
    __aeabi_memset8                          0x08004eed   Thumb Code     0  memseta.o(.text)
    __aeabi_memclr                           0x08004efb   Thumb Code     4  memseta.o(.text)
    __aeabi_memclr4                          0x08004efb   Thumb Code     0  memseta.o(.text)
    __aeabi_memclr8                          0x08004efb   Thumb Code     0  memseta.o(.text)
    _memset$wrapper                          0x08004eff   Thumb Code    18  memseta.o(.text)
    memcmp                                   0x08004f11   Thumb Code    26  memcmp.o(.text)
    __aeabi_fadd                             0x08004f2b   Thumb Code   164  fadd.o(.text)
    __aeabi_fsub                             0x08004fcf   Thumb Code     6  fadd.o(.text)
    __aeabi_frsub                            0x08004fd5   Thumb Code     6  fadd.o(.text)
    __aeabi_fmul                             0x08004fdb   Thumb Code   100  fmul.o(.text)
    __aeabi_fdiv                             0x0800503f   Thumb Code   124  fdiv.o(.text)
    __ARM_scalbnf                            0x080050bb   Thumb Code    24  fscalb.o(.text)
    scalbnf                                  0x080050bb   Thumb Code     0  fscalb.o(.text)
    __aeabi_dadd                             0x080050d3   Thumb Code   322  dadd.o(.text)
    __aeabi_dsub                             0x08005215   Thumb Code     6  dadd.o(.text)
    __aeabi_drsub                            0x0800521b   Thumb Code     6  dadd.o(.text)
    __aeabi_dmul                             0x08005221   Thumb Code   228  dmul.o(.text)
    __aeabi_ddiv                             0x08005305   Thumb Code   222  ddiv.o(.text)
    __ARM_scalbn                             0x080053e3   Thumb Code    46  dscalb.o(.text)
    scalbn                                   0x080053e3   Thumb Code     0  dscalb.o(.text)
    __aeabi_i2f                              0x08005411   Thumb Code    18  fflti.o(.text)
    __aeabi_ui2f                             0x08005423   Thumb Code    10  ffltui.o(.text)
    __aeabi_l2f                              0x0800542d   Thumb Code    44  ffltl.o(.text)
    __aeabi_i2d                              0x08005459   Thumb Code    34  dflti.o(.text)
    __aeabi_f2iz                             0x0800547b   Thumb Code    50  ffixi.o(.text)
    __aeabi_f2uiz                            0x080054ad   Thumb Code    40  ffixui.o(.text)
    __aeabi_f2lz                             0x080054d5   Thumb Code    66  ffixl.o(.text)
    __aeabi_d2iz                             0x08005517   Thumb Code    62  dfixi.o(.text)
    __aeabi_d2uiz                            0x08005555   Thumb Code    50  dfixui.o(.text)
    __aeabi_f2d                              0x08005587   Thumb Code    38  f2d.o(.text)
    __aeabi_cdcmpeq                          0x080055ad   Thumb Code     0  cdcmple.o(.text)
    __aeabi_cdcmple                          0x080055ad   Thumb Code    48  cdcmple.o(.text)
    __aeabi_cdrcmple                         0x080055dd   Thumb Code    48  cdrcmple.o(.text)
    __aeabi_d2f                              0x0800560d   Thumb Code    56  d2f.o(.text)
    __aeabi_cfcmpeq                          0x08005645   Thumb Code     0  cfcmple.o(.text)
    __aeabi_cfcmple                          0x08005645   Thumb Code    20  cfcmple.o(.text)
    __aeabi_cfrcmple                         0x08005659   Thumb Code    20  cfrcmple.o(.text)
    __aeabi_uidiv                            0x0800566d   Thumb Code     0  uidiv.o(.text)
    __aeabi_uidivmod                         0x0800566d   Thumb Code    44  uidiv.o(.text)
    __aeabi_uldivmod                         0x08005699   Thumb Code    98  uldiv.o(.text)
    __aeabi_llsr                             0x080056fb   Thumb Code    32  llushr.o(.text)
    _ll_ushift_r                             0x080056fb   Thumb Code     0  llushr.o(.text)
    __I$use$fp                               0x0800571b   Thumb Code     0  iusefp.o(.text)
    _float_round                             0x0800571b   Thumb Code    18  fepilogue.o(.text)
    _float_epilogue                          0x0800572d   Thumb Code    92  fepilogue.o(.text)
    _fsqrt                                   0x08005789   Thumb Code    94  fsqrt.o(.text)
    _frnd                                    0x080057e7   Thumb Code    60  frnd.o(.text)
    _double_round                            0x08005823   Thumb Code    30  depilogue.o(.text)
    _double_epilogue                         0x08005841   Thumb Code   156  depilogue.o(.text)
    _dsqrt                                   0x080058dd   Thumb Code   162  dsqrt.o(.text)
    __aeabi_d2ulz                            0x0800597f   Thumb Code    48  dfixul.o(.text)
    __scatterload                            0x080059b1   Thumb Code    28  init.o(.text)
    __scatterload_rt2                        0x080059b1   Thumb Code     0  init.o(.text)
    __aeabi_ui2d                             0x080059d5   Thumb Code    26  dfltui.o(.text)
    BusFault_Handler                         0x080059ef   Thumb Code     4  stm32f10x_it.o(i.BusFault_Handler)
    DMA1_Channel7_IRQHandler                 0x080059f5   Thumb Code    30  timer.o(i.DMA1_Channel7_IRQHandler)
    DMA_ClearITPendingBit                    0x08005a25   Thumb Code    18  stm32f10x_dma.o(i.DMA_ClearITPendingBit)
    DMA_GetITStatus                          0x08005a41   Thumb Code    36  stm32f10x_dma.o(i.DMA_GetITStatus)
    DebugMon_Handler                         0x08005a6d   Thumb Code     2  stm32f10x_it.o(i.DebugMon_Handler)
    FLASH_PrefetchBufferCmd                  0x08005a71   Thumb Code    22  stm32f10x_flash.o(i.FLASH_PrefetchBufferCmd)
    FLASH_SetLatency                         0x08005a8d   Thumb Code    18  stm32f10x_flash.o(i.FLASH_SetLatency)
    GPIO_Init                                0x08005aa5   Thumb Code   278  stm32f10x_gpio.o(i.GPIO_Init)
    HardFault_Handler                        0x08005bbb   Thumb Code     4  stm32f10x_it.o(i.HardFault_Handler)
    IIC_Ack                                  0x08005bc1   Thumb Code    64  i2c.o(i.IIC_Ack)
    IIC_Init                                 0x08005c0d   Thumb Code    44  i2c.o(i.IIC_Init)
    IIC_NAck                                 0x08005c59   Thumb Code    62  i2c.o(i.IIC_NAck)
    IIC_Read_Byte                            0x08005ca5   Thumb Code    98  i2c.o(i.IIC_Read_Byte)
    IIC_Send_Byte                            0x08005d15   Thumb Code    90  i2c.o(i.IIC_Send_Byte)
    IIC_Start                                0x08005d7d   Thumb Code    64  i2c.o(i.IIC_Start)
    IIC_Stop                                 0x08005dc9   Thumb Code    62  i2c.o(i.IIC_Stop)
    IIC_Wait_Ack                             0x08005e15   Thumb Code    92  i2c.o(i.IIC_Wait_Ack)
    IICreadBytes                             0x08005e7d   Thumb Code   124  i2c.o(i.IICreadBytes)
    IICwriteBytes                            0x08005ef9   Thumb Code    98  i2c.o(i.IICwriteBytes)
    MemManage_Handler                        0x08005f5b   Thumb Code     4  stm32f10x_it.o(i.MemManage_Handler)
    NMI_Handler                              0x08005f5f   Thumb Code     2  stm32f10x_it.o(i.NMI_Handler)
    NVIC_Init                                0x08005f61   Thumb Code   100  misc.o(i.NVIC_Init)
    PCA9685_Read_Byte                        0x08005fd1   Thumb Code    88  pca9685.o(i.PCA9685_Read_Byte)
    PCA9685_SetPWMFreq                       0x08006029   Thumb Code   146  pca9685.o(i.PCA9685_SetPWMFreq)
    PCA9685_Write_Byte                       0x080060e5   Thumb Code    78  pca9685.o(i.PCA9685_Write_Byte)
    PendSV_Handler                           0x08006133   Thumb Code     2  stm32f10x_it.o(i.PendSV_Handler)
    RCC_APB1PeriphClockCmd                   0x08006135   Thumb Code    26  stm32f10x_rcc.o(i.RCC_APB1PeriphClockCmd)
    RCC_APB2PeriphClockCmd                   0x08006155   Thumb Code    26  stm32f10x_rcc.o(i.RCC_APB2PeriphClockCmd)
    RCC_DeInit                               0x08006175   Thumb Code    64  stm32f10x_rcc.o(i.RCC_DeInit)
    RCC_GetClocksFreq                        0x080061c1   Thumb Code   192  stm32f10x_rcc.o(i.RCC_GetClocksFreq)
    RCC_GetFlagStatus                        0x08006295   Thumb Code    56  stm32f10x_rcc.o(i.RCC_GetFlagStatus)
    RCC_GetSYSCLKSource                      0x080062d1   Thumb Code    10  stm32f10x_rcc.o(i.RCC_GetSYSCLKSource)
    RCC_HCLKConfig                           0x080062e1   Thumb Code    18  stm32f10x_rcc.o(i.RCC_HCLKConfig)
    RCC_HSEConfig                            0x080062f9   Thumb Code    70  stm32f10x_rcc.o(i.RCC_HSEConfig)
    RCC_LSEConfig                            0x08006345   Thumb Code    46  stm32f10x_rcc.o(i.RCC_LSEConfig)
    RCC_PCLK1Config                          0x08006379   Thumb Code    18  stm32f10x_rcc.o(i.RCC_PCLK1Config)
    RCC_PCLK2Config                          0x08006391   Thumb Code    20  stm32f10x_rcc.o(i.RCC_PCLK2Config)
    RCC_PLLCmd                               0x080063a9   Thumb Code     6  stm32f10x_rcc.o(i.RCC_PLLCmd)
    RCC_PLLConfig                            0x080063b5   Thumb Code    24  stm32f10x_rcc.o(i.RCC_PLLConfig)
    RCC_SYSCLKConfig                         0x080063d1   Thumb Code    18  stm32f10x_rcc.o(i.RCC_SYSCLKConfig)
    RCC_WaitForHSEStartUp                    0x080063e9   Thumb Code    56  stm32f10x_rcc.o(i.RCC_WaitForHSEStartUp)
    SVC_Handler                              0x08006421   Thumb Code     2  stm32f10x_it.o(i.SVC_Handler)
    SetSysClockToHSE                         0x0800650d   Thumb Code   112  sysclock.o(i.SetSysClockToHSE)
    SysTick_Handler                          0x0800657d   Thumb Code    12  sysclock.o(i.SysTick_Handler)
    SystemInit                               0x0800658d   Thumb Code    78  system_stm32f10x.o(i.SystemInit)
    TIM2_CAP_Init                            0x0800682d   Thumb Code   270  timer.o(i.TIM2_CAP_Init)
    TIM2_IRQHandler                          0x08006959   Thumb Code   858  timer.o(i.TIM2_IRQHandler)
    TIM_ClearFlag                            0x08006cc9   Thumb Code     6  stm32f10x_tim.o(i.TIM_ClearFlag)
    TIM_ClearITPendingBit                    0x08006ccf   Thumb Code     6  stm32f10x_tim.o(i.TIM_ClearITPendingBit)
    TIM_Cmd                                  0x08006cd5   Thumb Code    24  stm32f10x_tim.o(i.TIM_Cmd)
    TIM_GetCapture1                          0x08006ced   Thumb Code     6  stm32f10x_tim.o(i.TIM_GetCapture1)
    TIM_GetCapture2                          0x08006cf3   Thumb Code     6  stm32f10x_tim.o(i.TIM_GetCapture2)
    TIM_GetCapture3                          0x08006cf9   Thumb Code     6  stm32f10x_tim.o(i.TIM_GetCapture3)
    TIM_GetCapture4                          0x08006cff   Thumb Code     8  stm32f10x_tim.o(i.TIM_GetCapture4)
    TIM_GetITStatus                          0x08006d07   Thumb Code    34  stm32f10x_tim.o(i.TIM_GetITStatus)
    TIM_ICInit                               0x08006d29   Thumb Code   150  stm32f10x_tim.o(i.TIM_ICInit)
    TIM_ITConfig                             0x08006dd5   Thumb Code    18  stm32f10x_tim.o(i.TIM_ITConfig)
    TIM_OC1PolarityConfig                    0x08006de7   Thumb Code    18  stm32f10x_tim.o(i.TIM_OC1PolarityConfig)
    TIM_OC2PolarityConfig                    0x08006df9   Thumb Code    26  stm32f10x_tim.o(i.TIM_OC2PolarityConfig)
    TIM_OC3PolarityConfig                    0x08006e13   Thumb Code    26  stm32f10x_tim.o(i.TIM_OC3PolarityConfig)
    TIM_OC4PolarityConfig                    0x08006e2d   Thumb Code    26  stm32f10x_tim.o(i.TIM_OC4PolarityConfig)
    TIM_SetIC1Prescaler                      0x08006e47   Thumb Code    18  stm32f10x_tim.o(i.TIM_SetIC1Prescaler)
    TIM_SetIC2Prescaler                      0x08006e59   Thumb Code    26  stm32f10x_tim.o(i.TIM_SetIC2Prescaler)
    TIM_SetIC3Prescaler                      0x08006e73   Thumb Code    18  stm32f10x_tim.o(i.TIM_SetIC3Prescaler)
    TIM_SetIC4Prescaler                      0x08006e85   Thumb Code    26  stm32f10x_tim.o(i.TIM_SetIC4Prescaler)
    TIM_TimeBaseInit                         0x08006ea1   Thumb Code   122  stm32f10x_tim.o(i.TIM_TimeBaseInit)
    UART1NVIC_Configuration                  0x08006f45   Thumb Code    32  usart.o(i.UART1NVIC_Configuration)
    USART1_IRQHandler                        0x08006f65   Thumb Code    30  usart.o(i.USART1_IRQHandler)
    USART_ClearITPendingBit                  0x08006f89   Thumb Code    30  stm32f10x_usart.o(i.USART_ClearITPendingBit)
    USART_Cmd                                0x08006fa7   Thumb Code    24  stm32f10x_usart.o(i.USART_Cmd)
    USART_Config                             0x08006fc1   Thumb Code   132  usart.o(i.USART_Config)
    USART_GetFlagStatus                      0x0800704d   Thumb Code    26  stm32f10x_usart.o(i.USART_GetFlagStatus)
    USART_GetITStatus                        0x08007067   Thumb Code    84  stm32f10x_usart.o(i.USART_GetITStatus)
    USART_ITConfig                           0x080070bb   Thumb Code    74  stm32f10x_usart.o(i.USART_ITConfig)
    USART_Init                               0x08007105   Thumb Code   210  stm32f10x_usart.o(i.USART_Init)
    USART_ReceiveData                        0x080071dd   Thumb Code    10  stm32f10x_usart.o(i.USART_ReceiveData)
    USART_SendData                           0x080071e7   Thumb Code     8  stm32f10x_usart.o(i.USART_SendData)
    UsageFault_Handler                       0x080071ef   Thumb Code     4  stm32f10x_it.o(i.UsageFault_Handler)
    _MLPrintLog                              0x080071f3   Thumb Code   200  log_stm32.o(i._MLPrintLog)
    __0printf                                0x080072bd   Thumb Code    22  printfa.o(i.__0printf)
    __1printf                                0x080072bd   Thumb Code     0  printfa.o(i.__0printf)
    __2printf                                0x080072bd   Thumb Code     0  printfa.o(i.__0printf)
    __c89printf                              0x080072bd   Thumb Code     0  printfa.o(i.__0printf)
    printf                                   0x080072bd   Thumb Code     0  printfa.o(i.__0printf)
    __0vsprintf                              0x080072dd   Thumb Code    30  printfa.o(i.__0vsprintf)
    __1vsprintf                              0x080072dd   Thumb Code     0  printfa.o(i.__0vsprintf)
    __2vsprintf                              0x080072dd   Thumb Code     0  printfa.o(i.__0vsprintf)
    __c89vsprintf                            0x080072dd   Thumb Code     0  printfa.o(i.__0vsprintf)
    vsprintf                                 0x080072dd   Thumb Code     0  printfa.o(i.__0vsprintf)
    __ARM_fpclassify                         0x08007301   Thumb Code    40  fpclassify.o(i.__ARM_fpclassify)
    __ARM_fpclassifyf                        0x08007329   Thumb Code    38  fpclassifyf.o(i.__ARM_fpclassifyf)
    __ieee754_rem_pio2                       0x08007351   Thumb Code   828  rred.o(i.__ieee754_rem_pio2)
    __kernel_cos                             0x080076d9   Thumb Code   230  cos_i.o(i.__kernel_cos)
    __kernel_poly                            0x080077d5   Thumb Code   170  poly.o(i.__kernel_poly)
    __kernel_sin                             0x08007881   Thumb Code   224  sin_i.o(i.__kernel_sin)
    __mathlib_dbl_divzero                    0x0800796d   Thumb Code    12  dunder.o(i.__mathlib_dbl_divzero)
    __mathlib_dbl_infnan                     0x0800797d   Thumb Code     6  dunder.o(i.__mathlib_dbl_infnan)
    __mathlib_dbl_invalid                    0x08007983   Thumb Code    12  dunder.o(i.__mathlib_dbl_invalid)
    __mathlib_dbl_underflow                  0x08007991   Thumb Code    10  dunder.o(i.__mathlib_dbl_underflow)
    __mathlib_flt_infnan                     0x080079a1   Thumb Code     6  funder.o(i.__mathlib_flt_infnan)
    __mathlib_flt_infnan2                    0x080079a7   Thumb Code     4  funder.o(i.__mathlib_flt_infnan2)
    __mathlib_flt_invalid                    0x080079ab   Thumb Code     8  funder.o(i.__mathlib_flt_invalid)
    __mathlib_flt_underflow                  0x080079b3   Thumb Code    10  funder.o(i.__mathlib_flt_underflow)
    __mathlib_rredf2                         0x080079bd   Thumb Code   344  rredf.o(i.__mathlib_rredf2)
    __scatterload_copy                       0x08007b59   Thumb Code    14  handlers.o(i.__scatterload_copy)
    __scatterload_null                       0x08007b67   Thumb Code     2  handlers.o(i.__scatterload_null)
    __scatterload_zeroinit                   0x08007b69   Thumb Code    14  handlers.o(i.__scatterload_zeroinit)
    __set_errno                              0x08007b79   Thumb Code     6  errno.o(i.__set_errno)
    acosf                                    0x0800893d   Thumb Code   242  acosf.o(i.acosf)
    atan2f                                   0x08008ae5   Thumb Code   528  atan2f.o(i.atan2f)
    cos                                      0x08008e8d   Thumb Code   148  cos.o(i.cos)
    cosf                                     0x08008f29   Thumb Code   328  cosf.o(i.cosf)
    cycleCounterInit                         0x080090a5   Thumb Code    26  sysclock.o(i.cycleCounterInit)
    delay_ms                                 0x0800912d   Thumb Code    34  sysclock.o(i.delay_ms)
    delay_us                                 0x0800914f   Thumb Code    24  sysclock.o(i.delay_us)
    dmp_enable_6x_lp_quat                    0x08009167   Thumb Code    60  inv_mpu_dmp_motion_driver.o(i.dmp_enable_6x_lp_quat)
    dmp_enable_feature                       0x080091a5   Thumb Code   530  inv_mpu_dmp_motion_driver.o(i.dmp_enable_feature)
    dmp_enable_gyro_cal                      0x080093c1   Thumb Code    62  inv_mpu_dmp_motion_driver.o(i.dmp_enable_gyro_cal)
    dmp_enable_lp_quat                       0x08009419   Thumb Code    60  inv_mpu_dmp_motion_driver.o(i.dmp_enable_lp_quat)
    dmp_get_fifo_rate                        0x08009455   Thumb Code    12  inv_mpu_dmp_motion_driver.o(i.dmp_get_fifo_rate)
    dmp_load_motion_driver_firmware          0x08009465   Thumb Code    20  inv_mpu_dmp_motion_driver.o(i.dmp_load_motion_driver_firmware)
    dmp_read_fifo                            0x0800947d   Thumb Code   456  inv_mpu_dmp_motion_driver.o(i.dmp_read_fifo)
    dmp_register_android_orient_cb           0x08009649   Thumb Code    10  inv_mpu_dmp_motion_driver.o(i.dmp_register_android_orient_cb)
    dmp_register_tap_cb                      0x08009659   Thumb Code    10  inv_mpu_dmp_motion_driver.o(i.dmp_register_tap_cb)
    dmp_set_fifo_rate                        0x08009669   Thumb Code    96  inv_mpu_dmp_motion_driver.o(i.dmp_set_fifo_rate)
    dmp_set_interrupt_mode                   0x080096d9   Thumb Code    66  inv_mpu_dmp_motion_driver.o(i.dmp_set_interrupt_mode)
    dmp_set_orientation                      0x08009735   Thumb Code   290  inv_mpu_dmp_motion_driver.o(i.dmp_set_orientation)
    dmp_set_pedometer_step_count             0x0800986d   Thumb Code    42  inv_mpu_dmp_motion_driver.o(i.dmp_set_pedometer_step_count)
    dmp_set_pedometer_walk_time              0x08009897   Thumb Code    48  inv_mpu_dmp_motion_driver.o(i.dmp_set_pedometer_walk_time)
    dmp_set_shake_reject_thresh              0x080098c7   Thumb Code    56  inv_mpu_dmp_motion_driver.o(i.dmp_set_shake_reject_thresh)
    dmp_set_shake_reject_time                0x080098ff   Thumb Code    38  inv_mpu_dmp_motion_driver.o(i.dmp_set_shake_reject_time)
    dmp_set_shake_reject_timeout             0x08009925   Thumb Code    38  inv_mpu_dmp_motion_driver.o(i.dmp_set_shake_reject_timeout)
    dmp_set_tap_axes                         0x0800994b   Thumb Code    70  inv_mpu_dmp_motion_driver.o(i.dmp_set_tap_axes)
    dmp_set_tap_count                        0x08009991   Thumb Code    38  inv_mpu_dmp_motion_driver.o(i.dmp_set_tap_count)
    dmp_set_tap_thresh                       0x080099b9   Thumb Code   396  inv_mpu_dmp_motion_driver.o(i.dmp_set_tap_thresh)
    dmp_set_tap_time                         0x08009b59   Thumb Code    38  inv_mpu_dmp_motion_driver.o(i.dmp_set_tap_time)
    dmp_set_tap_time_multi                   0x08009b7f   Thumb Code    38  inv_mpu_dmp_motion_driver.o(i.dmp_set_tap_time_multi)
    fPutChar                                 0x08009ba5   Thumb Code    30  usart.o(i.fPutChar)
    floor                                    0x08009bc9   Thumb Code   204  floor.o(i.floor)
    fputc                                    0x08009ca5   Thumb Code    24  usart.o(i.fputc)
    get_ms                                   0x08009cc1   Thumb Code     2  inv_mpu.o(i.get_ms)
    handle_input                             0x0800a7dd   Thumb Code  1140  mpu_userapi.o(i.handle_input)
    inv_accel_was_turned_off                 0x0800ac71   Thumb Code     8  data_builder.o(i.inv_accel_was_turned_off)
    inv_apply_calibration                    0x0800ac7d   Thumb Code   106  data_builder.o(i.inv_apply_calibration)
    inv_build_accel                          0x0800ace9   Thumb Code   128  data_builder.o(i.inv_build_accel)
    inv_build_compass                        0x0800ad75   Thumb Code   168  data_builder.o(i.inv_build_compass)
    inv_build_gyro                           0x0800ae25   Thumb Code    46  data_builder.o(i.inv_build_gyro)
    inv_build_temp                           0x0800ae5d   Thumb Code    38  data_builder.o(i.inv_build_temp)
    inv_compass_angle                        0x0800ae89   Thumb Code   162  ml_math_func.o(i.inv_compass_angle)
    inv_compass_was_turned_off               0x0800af2d   Thumb Code    10  data_builder.o(i.inv_compass_was_turned_off)
    inv_convert_to_body_with_scale           0x0800af3d   Thumb Code   114  ml_math_func.o(i.inv_convert_to_body_with_scale)
    inv_disable_compass_soft_iron_matrix     0x0800b019   Thumb Code    10  data_builder.o(i.inv_disable_compass_soft_iron_matrix)
    inv_enable_eMPL_outputs                  0x0800b029   Thumb Code    22  empl_outputs.o(i.inv_enable_eMPL_outputs)
    inv_enable_results_holder                0x0800b045   Thumb Code    26  results_holder.o(i.inv_enable_results_holder)
    inv_execute_mpl_start_notification       0x0800b065   Thumb Code    40  start_manager.o(i.inv_execute_mpl_start_notification)
    inv_execute_on_data                      0x0800b091   Thumb Code   152  data_builder.o(i.inv_execute_on_data)
    inv_generate_results                     0x0800b221   Thumb Code    12  results_holder.o(i.inv_generate_results)
    inv_get_6axis_quaternion                 0x0800b231   Thumb Code    18  results_holder.o(i.inv_get_6axis_quaternion)
    inv_get_acc_state                        0x0800b249   Thumb Code     6  results_holder.o(i.inv_get_acc_state)
    inv_get_accel_accuracy                   0x0800b255   Thumb Code     6  data_builder.o(i.inv_get_accel_accuracy)
    inv_get_accel_on                         0x0800b261   Thumb Code    12  data_builder.o(i.inv_get_accel_on)
    inv_get_accel_set                        0x0800b271   Thumb Code    40  data_builder.o(i.inv_get_accel_set)
    inv_get_compass_bias                     0x0800b29d   Thumb Code    18  data_builder.o(i.inv_get_compass_bias)
    inv_get_compass_correction               0x0800b2b5   Thumb Code    20  results_holder.o(i.inv_get_compass_correction)
    inv_get_compass_on                       0x0800b2cd   Thumb Code    12  data_builder.o(i.inv_get_compass_on)
    inv_get_compass_set                      0x0800b2dd   Thumb Code    58  data_builder.o(i.inv_get_compass_set)
    inv_get_compass_soft_iron_output_data    0x0800b321   Thumb Code    24  data_builder.o(i.inv_get_compass_soft_iron_output_data)
    inv_get_compass_state                    0x0800b33d   Thumb Code     6  results_holder.o(i.inv_get_compass_state)
    inv_get_gravity                          0x0800b349   Thumb Code    90  results_holder.o(i.inv_get_gravity)
    inv_get_gyro                             0x0800b3a9   Thumb Code    12  data_builder.o(i.inv_get_gyro)
    inv_get_gyro_accuracy                    0x0800b3b9   Thumb Code     6  data_builder.o(i.inv_get_gyro_accuracy)
    inv_get_gyro_bias                        0x0800b3c5   Thumb Code    32  data_builder.o(i.inv_get_gyro_bias)
    inv_get_gyro_bias_tc_set                 0x0800b3e9   Thumb Code    26  data_builder.o(i.inv_get_gyro_bias_tc_set)
    inv_get_gyro_on                          0x0800b409   Thumb Code    10  data_builder.o(i.inv_get_gyro_on)
    inv_get_gyro_sum_of_sqr                  0x0800b419   Thumb Code    28  ml_math_func.o(i.inv_get_gyro_sum_of_sqr)
    inv_get_large_mag_field                  0x0800b435   Thumb Code     6  results_holder.o(i.inv_get_large_mag_field)
    inv_get_last_timestamp                   0x0800b441   Thumb Code    98  data_builder.o(i.inv_get_last_timestamp)
    inv_get_linear_accel                     0x0800b4a9   Thumb Code    60  results_holder.o(i.inv_get_linear_accel)
    inv_get_linear_accel_float               0x0800b4e5   Thumb Code    56  results_holder.o(i.inv_get_linear_accel_float)
    inv_get_local_field                      0x0800b51d   Thumb Code    12  results_holder.o(i.inv_get_local_field)
    inv_get_mag_accuracy                     0x0800b52d   Thumb Code    20  data_builder.o(i.inv_get_mag_accuracy)
    inv_get_motion_state                     0x0800b549   Thumb Code    16  results_holder.o(i.inv_get_motion_state)
    inv_get_quaternion                       0x0800b55d   Thumb Code    54  results_holder.o(i.inv_get_quaternion)
    inv_get_quaternion_set                   0x0800b599   Thumb Code    68  results_holder.o(i.inv_get_quaternion_set)
    inv_get_sensor_type_euler                0x0800b5dd   Thumb Code   536  empl_outputs.o(i.inv_get_sensor_type_euler)
    inv_get_sensor_type_gravity              0x0800b80d   Thumb Code    86  hal_outputs.o(i.inv_get_sensor_type_gravity)
    inv_got_compass_bias                     0x0800b86d   Thumb Code     6  results_holder.o(i.inv_got_compass_bias)
    inv_gyro_was_turned_off                  0x0800b879   Thumb Code     8  data_builder.o(i.inv_gyro_was_turned_off)
    inv_init_data_builder                    0x0800b885   Thumb Code    42  data_builder.o(i.inv_init_data_builder)
    inv_init_mpl                             0x0800b8d5   Thumb Code   106  mpl.o(i.inv_init_mpl)
    inv_init_results_holder                  0x0800b959   Thumb Code    46  results_holder.o(i.inv_init_results_holder)
    inv_init_start_manager                   0x0800b991   Thumb Code    14  start_manager.o(i.inv_init_start_manager)
    inv_init_storage_manager                 0x0800b9a5   Thumb Code    20  storage_manager.o(i.inv_init_storage_manager)
    inv_orientation_matrix_to_scalar         0x0800b9bd   Thumb Code    40  ml_math_func.o(i.inv_orientation_matrix_to_scalar)
    inv_q29_mult                             0x0800b9e5   Thumb Code    18  ml_math_func.o(i.inv_q29_mult)
    inv_q30_mult                             0x0800b9f7   Thumb Code    18  ml_math_func.o(i.inv_q30_mult)
    inv_q_add                                0x0800ba1f   Thumb Code    36  ml_math_func.o(i.inv_q_add)
    inv_q_addf                               0x0800ba43   Thumb Code    50  ml_math_func.o(i.inv_q_addf)
    inv_q_invert                             0x0800ba75   Thumb Code    24  ml_math_func.o(i.inv_q_invert)
    inv_q_invertf                            0x0800ba8d   Thumb Code    30  ml_math_func.o(i.inv_q_invertf)
    inv_q_mult                               0x0800baab   Thumb Code   178  ml_math_func.o(i.inv_q_mult)
    inv_q_multf                              0x0800bb5d   Thumb Code   270  ml_math_func.o(i.inv_q_multf)
    inv_q_norm4                              0x0800bc6b   Thumb Code   146  ml_math_func.o(i.inv_q_norm4)
    inv_q_normalizef                         0x0800bcfd   Thumb Code   366  ml_math_func.o(i.inv_q_normalizef)
    inv_q_rotate                             0x0800be6b   Thumb Code    66  ml_math_func.o(i.inv_q_rotate)
    inv_quaternion_sensor_was_turned_off     0x0800bead   Thumb Code    10  data_builder.o(i.inv_quaternion_sensor_was_turned_off)
    inv_quaternion_to_rotation               0x0800bebd   Thumb Code   218  ml_math_func.o(i.inv_quaternion_to_rotation)
    inv_register_data_cb                     0x0800bf99   Thumb Code   234  data_builder.o(i.inv_register_data_cb)
    inv_register_load_store                  0x0800c091   Thumb Code   138  storage_manager.o(i.inv_register_load_store)
    inv_register_mpl_start_notification      0x0800c121   Thumb Code    38  start_manager.o(i.inv_register_mpl_start_notification)
    inv_reset_compass_soft_iron_matrix       0x0800c14d   Thumb Code    70  data_builder.o(i.inv_reset_compass_soft_iron_matrix)
    inv_set_accel_accuracy                   0x0800c1e9   Thumb Code    26  data_builder.o(i.inv_set_accel_accuracy)
    inv_set_accel_bias                       0x0800c20d   Thumb Code    64  data_builder.o(i.inv_set_accel_bias)
    inv_set_accel_bias_found                 0x0800c259   Thumb Code     6  results_holder.o(i.inv_set_accel_bias_found)
    inv_set_accel_bias_mask                  0x0800c265   Thumb Code    84  data_builder.o(i.inv_set_accel_bias_mask)
    inv_set_accel_orientation_and_scale      0x0800c2c5   Thumb Code    18  data_builder.o(i.inv_set_accel_orientation_and_scale)
    inv_set_accel_sample_rate                0x0800c2dd   Thumb Code    36  data_builder.o(i.inv_set_accel_sample_rate)
    inv_set_compass_bias                     0x0800c309   Thumb Code    66  data_builder.o(i.inv_set_compass_bias)
    inv_set_compass_bias_error               0x0800c355   Thumb Code    14  results_holder.o(i.inv_set_compass_bias_error)
    inv_set_compass_bias_found               0x0800c369   Thumb Code     6  results_holder.o(i.inv_set_compass_bias_found)
    inv_set_compass_correction               0x0800c375   Thumb Code    30  results_holder.o(i.inv_set_compass_correction)
    inv_set_compass_disturbance              0x0800c399   Thumb Code     8  data_builder.o(i.inv_set_compass_disturbance)
    inv_set_compass_orientation_and_scale    0x0800c3a5   Thumb Code    18  data_builder.o(i.inv_set_compass_orientation_and_scale)
    inv_set_compass_sample_rate              0x0800c3bd   Thumb Code    40  data_builder.o(i.inv_set_compass_sample_rate)
    inv_set_compass_soft_iron_input_data     0x0800c3ed   Thumb Code    74  data_builder.o(i.inv_set_compass_soft_iron_input_data)
    inv_set_compass_state                    0x0800c441   Thumb Code     6  results_holder.o(i.inv_set_compass_state)
    inv_set_gyro_bias                        0x0800c56d   Thumb Code   102  data_builder.o(i.inv_set_gyro_bias)
    inv_set_gyro_orientation_and_scale       0x0800c5e1   Thumb Code    18  data_builder.o(i.inv_set_gyro_orientation_and_scale)
    inv_set_gyro_sample_rate                 0x0800c5f9   Thumb Code    32  data_builder.o(i.inv_set_gyro_sample_rate)
    inv_set_message                          0x0800c621   Thumb Code    24  message_layer.o(i.inv_set_message)
    inv_set_motion_state                     0x0800c63d   Thumb Code    74  results_holder.o(i.inv_set_motion_state)
    inv_set_quat_sample_rate                 0x0800c68d   Thumb Code    22  data_builder.o(i.inv_set_quat_sample_rate)
    inv_start_mpl                            0x0800c6bd   Thumb Code    38  mpl.o(i.inv_start_mpl)
    inv_start_results_holder                 0x0800c6fd   Thumb Code    18  results_holder.o(i.inv_start_results_holder)
    inv_store_gaming_quaternion              0x0800c715   Thumb Code    30  results_holder.o(i.inv_store_gaming_quaternion)
    inv_unregister_data_cb                   0x0800c739   Thumb Code    96  data_builder.o(i.inv_unregister_data_cb)
    inv_unregister_mpl_start_notification    0x0800c79d   Thumb Code    92  start_manager.o(i.inv_unregister_mpl_start_notification)
    log                                      0x0800c7fd   Thumb Code   808  log.o(i.log)
    main                                     0x0800cb59   Thumb Code   226  main.o(i.main)
    micros                                   0x0800cc89   Thumb Code    58  sysclock.o(i.micros)
    mlMatrixVectorMult                       0x0800cccd   Thumb Code    62  ml_math_func.o(i.mlMatrixVectorMult)
    mpu9250_initialize                       0x0800cd0d   Thumb Code   438  mpu_userapi.o(i.mpu9250_initialize)
    mpu_configure_fifo                       0x0800cfad   Thumb Code   106  inv_mpu.o(i.mpu_configure_fifo)
    mpu_get_accel_fsr                        0x0800d01d   Thumb Code    72  inv_mpu.o(i.mpu_get_accel_fsr)
    mpu_get_accel_sens                       0x0800d069   Thumb Code    78  inv_mpu.o(i.mpu_get_accel_sens)
    mpu_get_compass_fsr                      0x0800d0bd   Thumb Code    14  inv_mpu.o(i.mpu_get_compass_fsr)
    mpu_get_compass_reg                      0x0800d0d1   Thumb Code   208  inv_mpu.o(i.mpu_get_compass_reg)
    mpu_get_fifo_config                      0x0800d1a5   Thumb Code    12  inv_mpu.o(i.mpu_get_fifo_config)
    mpu_get_gyro_fsr                         0x0800d1b5   Thumb Code    64  inv_mpu.o(i.mpu_get_gyro_fsr)
    mpu_get_gyro_sens                        0x0800d1f9   Thumb Code    58  inv_mpu.o(i.mpu_get_gyro_sens)
    mpu_get_lpf                              0x0800d249   Thumb Code    74  inv_mpu.o(i.mpu_get_lpf)
    mpu_get_sample_rate                      0x0800d299   Thumb Code    26  inv_mpu.o(i.mpu_get_sample_rate)
    mpu_get_temperature                      0x0800d2b9   Thumb Code   150  inv_mpu.o(i.mpu_get_temperature)
    mpu_init                                 0x0800d359   Thumb Code   306  inv_mpu.o(i.mpu_init)
    mpu_load_firmware                        0x0800d4c5   Thumb Code   180  inv_mpu.o(i.mpu_load_firmware)
    mpu_lp_accel_mode                        0x0800d57d   Thumb Code   280  inv_mpu.o(i.mpu_lp_accel_mode)
    mpu_mpl_get_data                         0x0800d699   Thumb Code   296  mpu_userapi.o(i.mpu_mpl_get_data)
    mpu_read_fifo_stream                     0x0800d7c9   Thumb Code   186  inv_mpu.o(i.mpu_read_fifo_stream)
    mpu_read_mem                             0x0800d889   Thumb Code   122  inv_mpu.o(i.mpu_read_mem)
    mpu_reg_dump                             0x0800d909   Thumb Code    84  inv_mpu.o(i.mpu_reg_dump)
    mpu_reset_fifo                           0x0800d971   Thumb Code   450  inv_mpu.o(i.mpu_reset_fifo)
    mpu_run_6500_self_test                   0x0800db39   Thumb Code   384  inv_mpu.o(i.mpu_run_6500_self_test)
    mpu_set_accel_fsr                        0x0800ddd5   Thumb Code   126  inv_mpu.o(i.mpu_set_accel_fsr)
    mpu_set_bypass                           0x0800de59   Thumb Code   328  inv_mpu.o(i.mpu_set_bypass)
    mpu_set_compass_sample_rate              0x0800dfa5   Thumb Code    92  inv_mpu.o(i.mpu_set_compass_sample_rate)
    mpu_set_dmp_state                        0x0800e005   Thumb Code   138  inv_mpu.o(i.mpu_set_dmp_state)
    mpu_set_gyro_fsr                         0x0800e095   Thumb Code   132  inv_mpu.o(i.mpu_set_gyro_fsr)
    mpu_set_int_latched                      0x0800e11d   Thumb Code   102  inv_mpu.o(i.mpu_set_int_latched)
    mpu_set_lpf                              0x0800e189   Thumb Code   126  inv_mpu.o(i.mpu_set_lpf)
    mpu_set_sample_rate                      0x0800e20d   Thumb Code   174  inv_mpu.o(i.mpu_set_sample_rate)
    mpu_set_sensors                          0x0800e2c1   Thumb Code   354  inv_mpu.o(i.mpu_set_sensors)
    mpu_write_mem                            0x0800e429   Thumb Code   122  inv_mpu.o(i.mpu_write_mem)
    send_status_compass                      0x0800e6b1   Thumb Code   138  mpu_userapi.o(i.send_status_compass)
    set_sensor_orientation_and_scale         0x0800e7f9   Thumb Code     6  data_builder.o(i.set_sensor_orientation_and_scale)
    sinf                                     0x0800eaf1   Thumb Code   338  sinf.o(i.sinf)
    sqrt                                     0x0800ec79   Thumb Code    76  sqrt.o(i.sqrt)
    sqrtf                                    0x0800ecc5   Thumb Code    44  sqrtf.o(i.sqrtf)
    reg                                      0x0800ed9c   Data          42  inv_mpu.o(.constdata)
    hw                                       0x0800edc6   Data          14  inv_mpu.o(.constdata)
    test                                     0x0800edd4   Data          48  inv_mpu.o(.constdata)
    ml_ver                                   0x0800fbfa   Data          20  mpl.o(.constdata)
    __mathlib_zero                           0x0800fc98   Data           8  qnan.o(.constdata)
    Region$$Table$$Base                      0x0800fe48   Number         0  anon$$obj.o(Region$$Table)
    Region$$Table$$Limit                     0x0800fe68   Number         0  anon$$obj.o(Region$$Table)
    SystemCoreClock                          0x20000000   Data           4  system_stm32f10x.o(.data)
    AHBPrescTable                            0x20000004   Data          16  system_stm32f10x.o(.data)
    SysClock                                 0x20000014   Data           1  sysclock.o(.data)
    sysTickUptime                            0x2000001c   Data           4  sysclock.o(.data)
    __stdout                                 0x20000034   Data           4  usart.o(.data)
    CAPTURE_STA_TIM2CH                       0x20000038   Data           4  timer.o(.data)
    CAPTURE_VAL_TIM2CH                       0x2000003c   Data           8  timer.o(.data)
    CAPTURE_UP_TIM2CH                        0x20000044   Data           8  timer.o(.data)
    CAPTURE_DOWN_TIM2CH                      0x2000004c   Data           8  timer.o(.data)
    hal_timestamp                            0x2000008c   Data           4  mpu_userapi.o(.data)
    rx_new                                   0x20000090   Data           1  mpu_userapi.o(.data)
    mpl_key                                  0x20000094   Data           4  mpu_userapi.o(.data)
    myControl                                0x200000c4   Data          36  control.o(.bss)
    buff                                     0x200000e8   Data          16  timer.o(.bss)
    cb                                       0x20000768   Data         232  compass_vec_cal.o(.bss)
    cb_test                                  0x20000850   Data         232  compass_vec_cal.o(.bss)
    cb_sim                                   0x20000938   Data         232  compass_vec_cal.o(.bss)
    vc                                       0x20000a20   Data         424  compass_vec_cal.o(.bss)
    fnm                                      0x20000bc8   Data         608  fast_no_motion.o(.bss)
    s9axis                                   0x20000e68   Data         312  fusion_9axis.o(.bss)
    mag_disturb                              0x20001164   Data         184  mag_disturb.o(.bss)
    __initial_sp                             0x20001b40   Data           0  startup_stm32f10x_md.o(STACK)



==============================================================================

Memory Map of the image

  Image Entry point : 0x080000ed

  Load Region LR_IROM1 (Base: 0x08000000, Size: 0x0000ff2c, Max: 0x00020000, ABSOLUTE)

    Execution Region ER_IROM1 (Base: 0x08000000, Size: 0x0000fe68, Max: 0x00020000, ABSOLUTE)

    Base Addr    Size         Type   Attr      Idx    E Section Name        Object

    0x08000000   0x000000ec   Data   RO          132    RESET               startup_stm32f10x_md.o
    0x080000ec   0x00000000   Code   RO         4554  * .ARM.Collect$$$$00000000  mc_w.l(entry.o)
    0x080000ec   0x00000004   Code   RO         4934    .ARM.Collect$$$$00000001  mc_w.l(entry2.o)
    0x080000f0   0x00000004   Code   RO         4937    .ARM.Collect$$$$00000004  mc_w.l(entry5.o)
    0x080000f4   0x00000000   Code   RO         4939    .ARM.Collect$$$$00000008  mc_w.l(entry7b.o)
    0x080000f4   0x00000000   Code   RO         4941    .ARM.Collect$$$$0000000A  mc_w.l(entry8b.o)
    0x080000f4   0x00000008   Code   RO         4942    .ARM.Collect$$$$0000000B  mc_w.l(entry9a.o)
    0x080000fc   0x00000000   Code   RO         4944    .ARM.Collect$$$$0000000D  mc_w.l(entry10a.o)
    0x080000fc   0x00000000   Code   RO         4946    .ARM.Collect$$$$0000000F  mc_w.l(entry11a.o)
    0x080000fc   0x00000004   Code   RO         4935    .ARM.Collect$$$$00002712  mc_w.l(entry2.o)
    0x08000100   0x00000024   Code   RO          133    .text               startup_stm32f10x_md.o
    0x08000124   0x00001e5c   Code   RO         4184    .text               libmpllib.lib(compass_vec_cal.o)
    0x08001f80   0x000009f4   Code   RO         4274    .text               libmpllib.lib(fast_no_motion.o)
    0x08002974   0x0000065c   Code   RO         4307    .text               libmpllib.lib(fusion_9axis.o)
    0x08002fd0   0x000004bc   Code   RO         4329    .text               libmpllib.lib(gyro_tc.o)
    0x0800348c   0x00000550   Code   RO         4347    .text               libmpllib.lib(mag_disturb.o)
    0x080039dc   0x00000940   Code   RO         4369    .text               libmpllib.lib(quaternion_supervisor.o)
    0x0800431c   0x00000aec   Code   RO         4387    .text               libmpllib.lib(accel_auto_cal.o)
    0x08004e08   0x00000062   Code   RO         4557    .text               mc_w.l(ldiv.o)
    0x08004e6a   0x0000001e   Code   RO         4559    .text               mc_w.l(llshl.o)
    0x08004e88   0x00000024   Code   RO         4561    .text               mc_w.l(llsshr.o)
    0x08004eac   0x00000040   Code   RO         4565    .text               mc_w.l(memmovea.o)
    0x08004eec   0x00000024   Code   RO         4567    .text               mc_w.l(memseta.o)
    0x08004f10   0x0000001a   Code   RO         4569    .text               mc_w.l(memcmp.o)
    0x08004f2a   0x000000b0   Code   RO         4836    .text               mf_w.l(fadd.o)
    0x08004fda   0x00000064   Code   RO         4838    .text               mf_w.l(fmul.o)
    0x0800503e   0x0000007c   Code   RO         4840    .text               mf_w.l(fdiv.o)
    0x080050ba   0x00000018   Code   RO         4842    .text               mf_w.l(fscalb.o)
    0x080050d2   0x0000014e   Code   RO         4844    .text               mf_w.l(dadd.o)
    0x08005220   0x000000e4   Code   RO         4846    .text               mf_w.l(dmul.o)
    0x08005304   0x000000de   Code   RO         4848    .text               mf_w.l(ddiv.o)
    0x080053e2   0x0000002e   Code   RO         4850    .text               mf_w.l(dscalb.o)
    0x08005410   0x00000012   Code   RO         4852    .text               mf_w.l(fflti.o)
    0x08005422   0x0000000a   Code   RO         4854    .text               mf_w.l(ffltui.o)
    0x0800542c   0x0000002c   Code   RO         4856    .text               mf_w.l(ffltl.o)
    0x08005458   0x00000022   Code   RO         4858    .text               mf_w.l(dflti.o)
    0x0800547a   0x00000032   Code   RO         4860    .text               mf_w.l(ffixi.o)
    0x080054ac   0x00000028   Code   RO         4862    .text               mf_w.l(ffixui.o)
    0x080054d4   0x00000042   Code   RO         4864    .text               mf_w.l(ffixl.o)
    0x08005516   0x0000003e   Code   RO         4866    .text               mf_w.l(dfixi.o)
    0x08005554   0x00000032   Code   RO         4868    .text               mf_w.l(dfixui.o)
    0x08005586   0x00000026   Code   RO         4870    .text               mf_w.l(f2d.o)
    0x080055ac   0x00000030   Code   RO         4872    .text               mf_w.l(cdcmple.o)
    0x080055dc   0x00000030   Code   RO         4874    .text               mf_w.l(cdrcmple.o)
    0x0800560c   0x00000038   Code   RO         4876    .text               mf_w.l(d2f.o)
    0x08005644   0x00000014   Code   RO         4878    .text               mf_w.l(cfcmple.o)
    0x08005658   0x00000014   Code   RO         4880    .text               mf_w.l(cfrcmple.o)
    0x0800566c   0x0000002c   Code   RO         4948    .text               mc_w.l(uidiv.o)
    0x08005698   0x00000062   Code   RO         4950    .text               mc_w.l(uldiv.o)
    0x080056fa   0x00000020   Code   RO         4952    .text               mc_w.l(llushr.o)
    0x0800571a   0x00000000   Code   RO         4961    .text               mc_w.l(iusefp.o)
    0x0800571a   0x0000006e   Code   RO         4962    .text               mf_w.l(fepilogue.o)
    0x08005788   0x0000005e   Code   RO         4964    .text               mf_w.l(fsqrt.o)
    0x080057e6   0x0000003c   Code   RO         4966    .text               mf_w.l(frnd.o)
    0x08005822   0x000000ba   Code   RO         4968    .text               mf_w.l(depilogue.o)
    0x080058dc   0x000000a2   Code   RO         4970    .text               mf_w.l(dsqrt.o)
    0x0800597e   0x00000030   Code   RO         4972    .text               mf_w.l(dfixul.o)
    0x080059ae   0x00000002   PAD
    0x080059b0   0x00000024   Code   RO         4974    .text               mc_w.l(init.o)
    0x080059d4   0x0000001a   Code   RO         4976    .text               mf_w.l(dfltui.o)
    0x080059ee   0x00000004   Code   RO          298    i.BusFault_Handler  stm32f10x_it.o
    0x080059f2   0x00000002   PAD
    0x080059f4   0x00000030   Code   RO         2113    i.DMA1_Channel7_IRQHandler  timer.o
    0x08005a24   0x0000001c   Code   RO         1777    i.DMA_ClearITPendingBit  stm32f10x_dma.o
    0x08005a40   0x0000002c   Code   RO         1782    i.DMA_GetITStatus   stm32f10x_dma.o
    0x08005a6c   0x00000002   Code   RO          299    i.DebugMon_Handler  stm32f10x_it.o
    0x08005a6e   0x00000002   PAD
    0x08005a70   0x0000001c   Code   RO          891    i.FLASH_PrefetchBufferCmd  stm32f10x_flash.o
    0x08005a8c   0x00000018   Code   RO          896    i.FLASH_SetLatency  stm32f10x_flash.o
    0x08005aa4   0x00000116   Code   RO          476    i.GPIO_Init         stm32f10x_gpio.o
    0x08005bba   0x00000004   Code   RO          300    i.HardFault_Handler  stm32f10x_it.o
    0x08005bbe   0x00000002   PAD
    0x08005bc0   0x0000004c   Code   RO         1931    i.IIC_Ack           i2c.o
    0x08005c0c   0x0000004c   Code   RO         1932    i.IIC_Init          i2c.o
    0x08005c58   0x0000004c   Code   RO         1933    i.IIC_NAck          i2c.o
    0x08005ca4   0x00000070   Code   RO         1934    i.IIC_Read_Byte     i2c.o
    0x08005d14   0x00000068   Code   RO         1935    i.IIC_Send_Byte     i2c.o
    0x08005d7c   0x0000004c   Code   RO         1936    i.IIC_Start         i2c.o
    0x08005dc8   0x0000004c   Code   RO         1937    i.IIC_Stop          i2c.o
    0x08005e14   0x00000068   Code   RO         1938    i.IIC_Wait_Ack      i2c.o
    0x08005e7c   0x0000007c   Code   RO         1939    i.IICreadBytes      i2c.o
    0x08005ef8   0x00000062   Code   RO         1940    i.IICwriteBytes     i2c.o
    0x08005f5a   0x00000004   Code   RO          301    i.MemManage_Handler  stm32f10x_it.o
    0x08005f5e   0x00000002   Code   RO          302    i.NMI_Handler       stm32f10x_it.o
    0x08005f60   0x00000070   Code   RO          434    i.NVIC_Init         misc.o
    0x08005fd0   0x00000058   Code   RO         2072    i.PCA9685_Read_Byte  pca9685.o
    0x08006028   0x000000bc   Code   RO         2075    i.PCA9685_SetPWMFreq  pca9685.o
    0x080060e4   0x0000004e   Code   RO         2076    i.PCA9685_Write_Byte  pca9685.o
    0x08006132   0x00000002   Code   RO          303    i.PendSV_Handler    stm32f10x_it.o
    0x08006134   0x00000020   Code   RO          676    i.RCC_APB1PeriphClockCmd  stm32f10x_rcc.o
    0x08006154   0x00000020   Code   RO          678    i.RCC_APB2PeriphClockCmd  stm32f10x_rcc.o
    0x08006174   0x0000004c   Code   RO          685    i.RCC_DeInit        stm32f10x_rcc.o
    0x080061c0   0x000000d4   Code   RO          686    i.RCC_GetClocksFreq  stm32f10x_rcc.o
    0x08006294   0x0000003c   Code   RO          687    i.RCC_GetFlagStatus  stm32f10x_rcc.o
    0x080062d0   0x00000010   Code   RO          689    i.RCC_GetSYSCLKSource  stm32f10x_rcc.o
    0x080062e0   0x00000018   Code   RO          690    i.RCC_HCLKConfig    stm32f10x_rcc.o
    0x080062f8   0x0000004c   Code   RO          691    i.RCC_HSEConfig     stm32f10x_rcc.o
    0x08006344   0x00000034   Code   RO          694    i.RCC_LSEConfig     stm32f10x_rcc.o
    0x08006378   0x00000018   Code   RO          697    i.RCC_PCLK1Config   stm32f10x_rcc.o
    0x08006390   0x00000018   Code   RO          698    i.RCC_PCLK2Config   stm32f10x_rcc.o
    0x080063a8   0x0000000c   Code   RO          699    i.RCC_PLLCmd        stm32f10x_rcc.o
    0x080063b4   0x0000001c   Code   RO          700    i.RCC_PLLConfig     stm32f10x_rcc.o
    0x080063d0   0x00000018   Code   RO          703    i.RCC_SYSCLKConfig  stm32f10x_rcc.o
    0x080063e8   0x00000038   Code   RO          705    i.RCC_WaitForHSEStartUp  stm32f10x_rcc.o
    0x08006420   0x00000002   Code   RO          304    i.SVC_Handler       stm32f10x_it.o
    0x08006422   0x00000008   Code   RO           17    i.SetSysClock       system_stm32f10x.o
    0x0800642a   0x00000002   PAD
    0x0800642c   0x000000e0   Code   RO           18    i.SetSysClockTo72   system_stm32f10x.o
    0x0800650c   0x00000070   Code   RO          361    i.SetSysClockToHSE  sysclock.o
    0x0800657c   0x00000010   Code   RO          362    i.SysTick_Handler   sysclock.o
    0x0800658c   0x00000060   Code   RO           20    i.SystemInit        system_stm32f10x.o
    0x080065ec   0x00000080   Code   RO         1228    i.TI1_Config        stm32f10x_tim.o
    0x0800666c   0x00000098   Code   RO         1229    i.TI2_Config        stm32f10x_tim.o
    0x08006704   0x00000090   Code   RO         1230    i.TI3_Config        stm32f10x_tim.o
    0x08006794   0x00000098   Code   RO         1231    i.TI4_Config        stm32f10x_tim.o
    0x0800682c   0x0000012c   Code   RO         2115    i.TIM2_CAP_Init     timer.o
    0x08006958   0x00000370   Code   RO         2116    i.TIM2_IRQHandler   timer.o
    0x08006cc8   0x00000006   Code   RO         1238    i.TIM_ClearFlag     stm32f10x_tim.o
    0x08006cce   0x00000006   Code   RO         1239    i.TIM_ClearITPendingBit  stm32f10x_tim.o
    0x08006cd4   0x00000018   Code   RO         1244    i.TIM_Cmd           stm32f10x_tim.o
    0x08006cec   0x00000006   Code   RO         1259    i.TIM_GetCapture1   stm32f10x_tim.o
    0x08006cf2   0x00000006   Code   RO         1260    i.TIM_GetCapture2   stm32f10x_tim.o
    0x08006cf8   0x00000006   Code   RO         1261    i.TIM_GetCapture3   stm32f10x_tim.o
    0x08006cfe   0x00000008   Code   RO         1262    i.TIM_GetCapture4   stm32f10x_tim.o
    0x08006d06   0x00000022   Code   RO         1265    i.TIM_GetITStatus   stm32f10x_tim.o
    0x08006d28   0x000000ac   Code   RO         1267    i.TIM_ICInit        stm32f10x_tim.o
    0x08006dd4   0x00000012   Code   RO         1269    i.TIM_ITConfig      stm32f10x_tim.o
    0x08006de6   0x00000012   Code   RO         1275    i.TIM_OC1PolarityConfig  stm32f10x_tim.o
    0x08006df8   0x0000001a   Code   RO         1280    i.TIM_OC2PolarityConfig  stm32f10x_tim.o
    0x08006e12   0x0000001a   Code   RO         1285    i.TIM_OC3PolarityConfig  stm32f10x_tim.o
    0x08006e2c   0x0000001a   Code   RO         1289    i.TIM_OC4PolarityConfig  stm32f10x_tim.o
    0x08006e46   0x00000012   Code   RO         1310    i.TIM_SetIC1Prescaler  stm32f10x_tim.o
    0x08006e58   0x0000001a   Code   RO         1311    i.TIM_SetIC2Prescaler  stm32f10x_tim.o
    0x08006e72   0x00000012   Code   RO         1312    i.TIM_SetIC3Prescaler  stm32f10x_tim.o
    0x08006e84   0x0000001a   Code   RO         1313    i.TIM_SetIC4Prescaler  stm32f10x_tim.o
    0x08006e9e   0x00000002   PAD
    0x08006ea0   0x000000a4   Code   RO         1315    i.TIM_TimeBaseInit  stm32f10x_tim.o
    0x08006f44   0x00000020   Code   RO         1860    i.UART1NVIC_Configuration  usart.o
    0x08006f64   0x00000024   Code   RO         1861    i.USART1_IRQHandler  usart.o
    0x08006f88   0x0000001e   Code   RO         1049    i.USART_ClearITPendingBit  stm32f10x_usart.o
    0x08006fa6   0x00000018   Code   RO         1052    i.USART_Cmd         stm32f10x_usart.o
    0x08006fbe   0x00000002   PAD
    0x08006fc0   0x0000008c   Code   RO         1862    i.USART_Config      usart.o
    0x0800704c   0x0000001a   Code   RO         1055    i.USART_GetFlagStatus  stm32f10x_usart.o
    0x08007066   0x00000054   Code   RO         1056    i.USART_GetITStatus  stm32f10x_usart.o
    0x080070ba   0x0000004a   Code   RO         1058    i.USART_ITConfig    stm32f10x_usart.o
    0x08007104   0x000000d8   Code   RO         1059    i.USART_Init        stm32f10x_usart.o
    0x080071dc   0x0000000a   Code   RO         1066    i.USART_ReceiveData  stm32f10x_usart.o
    0x080071e6   0x00000008   Code   RO         1069    i.USART_SendData    stm32f10x_usart.o
    0x080071ee   0x00000004   Code   RO          305    i.UsageFault_Handler  stm32f10x_it.o
    0x080071f2   0x000000c8   Code   RO         4157    i._MLPrintLog       log_stm32.o
    0x080072ba   0x00000002   PAD
    0x080072bc   0x00000020   Code   RO         4808    i.__0printf         mc_w.l(printfa.o)
    0x080072dc   0x00000024   Code   RO         4814    i.__0vsprintf       mc_w.l(printfa.o)
    0x08007300   0x00000028   Code   RO         4899    i.__ARM_fpclassify  m_ws.l(fpclassify.o)
    0x08007328   0x00000026   Code   RO         4901    i.__ARM_fpclassifyf  m_ws.l(fpclassifyf.o)
    0x0800734e   0x00000002   PAD
    0x08007350   0x00000388   Code   RO         4920    i.__ieee754_rem_pio2  m_ws.l(rred.o)
    0x080076d8   0x000000fc   Code   RO         4882    i.__kernel_cos      m_ws.l(cos_i.o)
    0x080077d4   0x000000aa   Code   RO         4917    i.__kernel_poly     m_ws.l(poly.o)
    0x0800787e   0x00000002   PAD
    0x08007880   0x000000ec   Code   RO         4928    i.__kernel_sin      m_ws.l(sin_i.o)
    0x0800796c   0x00000010   Code   RO         4885    i.__mathlib_dbl_divzero  m_ws.l(dunder.o)
    0x0800797c   0x00000006   Code   RO         4886    i.__mathlib_dbl_infnan  m_ws.l(dunder.o)
    0x08007982   0x0000000c   Code   RO         4888    i.__mathlib_dbl_invalid  m_ws.l(dunder.o)
    0x0800798e   0x00000002   PAD
    0x08007990   0x00000010   Code   RO         4891    i.__mathlib_dbl_underflow  m_ws.l(dunder.o)
    0x080079a0   0x00000006   Code   RO         4904    i.__mathlib_flt_infnan  m_ws.l(funder.o)
    0x080079a6   0x00000004   Code   RO         4905    i.__mathlib_flt_infnan2  m_ws.l(funder.o)
    0x080079aa   0x00000008   Code   RO         4906    i.__mathlib_flt_invalid  m_ws.l(funder.o)
    0x080079b2   0x0000000a   Code   RO         4909    i.__mathlib_flt_underflow  m_ws.l(funder.o)
    0x080079bc   0x00000168   Code   RO         4925    i.__mathlib_rredf2  m_ws.l(rredf.o)
    0x08007b24   0x00000034   Code   RO         3809    i.__print_result_location  mpl.o
    0x08007b58   0x0000000e   Code   RO         4980    i.__scatterload_copy  mc_w.l(handlers.o)
    0x08007b66   0x00000002   Code   RO         4981    i.__scatterload_null  mc_w.l(handlers.o)
    0x08007b68   0x0000000e   Code   RO         4982    i.__scatterload_zeroinit  mc_w.l(handlers.o)
    0x08007b76   0x00000002   PAD
    0x08007b78   0x0000000c   Code   RO         4956    i.__set_errno       mc_w.l(errno.o)
    0x08007b84   0x00000164   Code   RO         4815    i._fp_digits        mc_w.l(printfa.o)
    0x08007ce8   0x000006dc   Code   RO         4816    i._printf_core      mc_w.l(printfa.o)
    0x080083c4   0x00000024   Code   RO         4817    i._printf_post_padding  mc_w.l(printfa.o)
    0x080083e8   0x0000002e   Code   RO         4818    i._printf_pre_padding  mc_w.l(printfa.o)
    0x08008416   0x0000000a   Code   RO         4820    i._sputc            mc_w.l(printfa.o)
    0x08008420   0x0000051c   Code   RO         2147    i.accel_6500_self_test  inv_mpu.o
    0x0800893c   0x0000011c   Code   RO         4427    i.acosf             m_ws.l(acosf.o)
    0x08008a58   0x0000008c   Code   RO         2670    i.android_orient_cb  mpu_userapi.o
    0x08008ae4   0x0000025c   Code   RO         4471    i.atan2f            m_ws.l(atan2f.o)
    0x08008d40   0x0000014c   Code   RO         2148    i.compass_self_test  inv_mpu.o
    0x08008e8c   0x0000009c   Code   RO         4483    i.cos               m_ws.l(cos.o)
    0x08008f28   0x0000017c   Code   RO         4491    i.cosf              m_ws.l(cosf.o)
    0x080090a4   0x00000024   Code   RO          364    i.cycleCounterInit  sysclock.o
    0x080090c8   0x00000064   Code   RO         2484    i.decode_gesture    inv_mpu_dmp_motion_driver.o
    0x0800912c   0x00000022   Code   RO          365    i.delay_ms          sysclock.o
    0x0800914e   0x00000018   Code   RO          366    i.delay_us          sysclock.o
    0x08009166   0x0000003c   Code   RO         2485    i.dmp_enable_6x_lp_quat  inv_mpu_dmp_motion_driver.o
    0x080091a2   0x00000002   PAD
    0x080091a4   0x0000021c   Code   RO         2486    i.dmp_enable_feature  inv_mpu_dmp_motion_driver.o
    0x080093c0   0x00000058   Code   RO         2487    i.dmp_enable_gyro_cal  inv_mpu_dmp_motion_driver.o
    0x08009418   0x0000003c   Code   RO         2488    i.dmp_enable_lp_quat  inv_mpu_dmp_motion_driver.o
    0x08009454   0x00000010   Code   RO         2490    i.dmp_get_fifo_rate  inv_mpu_dmp_motion_driver.o
    0x08009464   0x00000018   Code   RO         2493    i.dmp_load_motion_driver_firmware  inv_mpu_dmp_motion_driver.o
    0x0800947c   0x000001cc   Code   RO         2494    i.dmp_read_fifo     inv_mpu_dmp_motion_driver.o
    0x08009648   0x00000010   Code   RO         2495    i.dmp_register_android_orient_cb  inv_mpu_dmp_motion_driver.o
    0x08009658   0x00000010   Code   RO         2496    i.dmp_register_tap_cb  inv_mpu_dmp_motion_driver.o
    0x08009668   0x00000070   Code   RO         2498    i.dmp_set_fifo_rate  inv_mpu_dmp_motion_driver.o
    0x080096d8   0x0000005c   Code   RO         2500    i.dmp_set_interrupt_mode  inv_mpu_dmp_motion_driver.o
    0x08009734   0x00000138   Code   RO         2501    i.dmp_set_orientation  inv_mpu_dmp_motion_driver.o
    0x0800986c   0x0000002a   Code   RO         2502    i.dmp_set_pedometer_step_count  inv_mpu_dmp_motion_driver.o
    0x08009896   0x00000030   Code   RO         2503    i.dmp_set_pedometer_walk_time  inv_mpu_dmp_motion_driver.o
    0x080098c6   0x00000038   Code   RO         2504    i.dmp_set_shake_reject_thresh  inv_mpu_dmp_motion_driver.o
    0x080098fe   0x00000026   Code   RO         2505    i.dmp_set_shake_reject_time  inv_mpu_dmp_motion_driver.o
    0x08009924   0x00000026   Code   RO         2506    i.dmp_set_shake_reject_timeout  inv_mpu_dmp_motion_driver.o
    0x0800994a   0x00000046   Code   RO         2507    i.dmp_set_tap_axes  inv_mpu_dmp_motion_driver.o
    0x08009990   0x00000026   Code   RO         2508    i.dmp_set_tap_count  inv_mpu_dmp_motion_driver.o
    0x080099b6   0x00000002   PAD
    0x080099b8   0x000001a0   Code   RO         2509    i.dmp_set_tap_thresh  inv_mpu_dmp_motion_driver.o
    0x08009b58   0x00000026   Code   RO         2510    i.dmp_set_tap_time  inv_mpu_dmp_motion_driver.o
    0x08009b7e   0x00000026   Code   RO         2511    i.dmp_set_tap_time_multi  inv_mpu_dmp_motion_driver.o
    0x08009ba4   0x00000024   Code   RO         1864    i.fPutChar          usart.o
    0x08009bc8   0x000000dc   Code   RO         4499    i.floor             m_ws.l(floor.o)
    0x08009ca4   0x0000001c   Code   RO         1866    i.fputc             usart.o
    0x08009cc0   0x00000002   Code   RO         2149    i.get_ms            inv_mpu.o
    0x08009cc2   0x00000002   PAD
    0x08009cc4   0x00000650   Code   RO         2150    i.get_st_6500_biases  inv_mpu.o
    0x0800a314   0x000004c8   Code   RO         2152    i.gyro_6500_self_test  inv_mpu.o
    0x0800a7dc   0x00000494   Code   RO         2672    i.handle_input      mpu_userapi.o
    0x0800ac70   0x0000000c   Code   RO         2969    i.inv_accel_was_turned_off  data_builder.o
    0x0800ac7c   0x0000006a   Code   RO         2970    i.inv_apply_calibration  data_builder.o
    0x0800ace6   0x00000002   PAD
    0x0800ace8   0x0000008c   Code   RO         2971    i.inv_build_accel   data_builder.o
    0x0800ad74   0x000000b0   Code   RO         2972    i.inv_build_compass  data_builder.o
    0x0800ae24   0x00000038   Code   RO         2973    i.inv_build_gyro    data_builder.o
    0x0800ae5c   0x0000002c   Code   RO         2975    i.inv_build_temp    data_builder.o
    0x0800ae88   0x000000a2   Code   RO         3449    i.inv_compass_angle  ml_math_func.o
    0x0800af2a   0x00000002   PAD
    0x0800af2c   0x00000010   Code   RO         2976    i.inv_compass_was_turned_off  data_builder.o
    0x0800af3c   0x00000072   Code   RO         3451    i.inv_convert_to_body_with_scale  ml_math_func.o
    0x0800afae   0x00000002   PAD
    0x0800afb0   0x00000050   Code   RO         2977    i.inv_db_load_func  data_builder.o
    0x0800b000   0x00000018   Code   RO         2978    i.inv_db_save_func  data_builder.o
    0x0800b018   0x00000010   Code   RO         2979    i.inv_disable_compass_soft_iron_matrix  data_builder.o
    0x0800b028   0x0000001c   Code   RO         2751    i.inv_enable_eMPL_outputs  empl_outputs.o
    0x0800b044   0x00000020   Code   RO         3847    i.inv_enable_results_holder  results_holder.o
    0x0800b064   0x0000002c   Code   RO         4082    i.inv_execute_mpl_start_notification  start_manager.o
    0x0800b090   0x000000a0   Code   RO         2981    i.inv_execute_on_data  data_builder.o
    0x0800b130   0x000000f0   Code   RO         2752    i.inv_generate_eMPL_outputs  empl_outputs.o
    0x0800b220   0x00000010   Code   RO         3848    i.inv_generate_results  results_holder.o
    0x0800b230   0x00000018   Code   RO         3849    i.inv_get_6axis_quaternion  results_holder.o
    0x0800b248   0x0000000c   Code   RO         3850    i.inv_get_acc_state  results_holder.o
    0x0800b254   0x0000000c   Code   RO         2982    i.inv_get_accel_accuracy  data_builder.o
    0x0800b260   0x00000010   Code   RO         2984    i.inv_get_accel_on  data_builder.o
    0x0800b270   0x0000002c   Code   RO         2988    i.inv_get_accel_set  data_builder.o
    0x0800b29c   0x00000018   Code   RO         2989    i.inv_get_compass_bias  data_builder.o
    0x0800b2b4   0x00000018   Code   RO         3854    i.inv_get_compass_correction  results_holder.o
    0x0800b2cc   0x00000010   Code   RO         2991    i.inv_get_compass_on  data_builder.o
    0x0800b2dc   0x00000044   Code   RO         2994    i.inv_get_compass_set  data_builder.o
    0x0800b320   0x0000001c   Code   RO         2998    i.inv_get_compass_soft_iron_output_data  data_builder.o
    0x0800b33c   0x0000000c   Code   RO         3855    i.inv_get_compass_state  results_holder.o
    0x0800b348   0x00000060   Code   RO         3856    i.inv_get_gravity   results_holder.o
    0x0800b3a8   0x00000010   Code   RO         2999    i.inv_get_gyro      data_builder.o
    0x0800b3b8   0x0000000c   Code   RO         3000    i.inv_get_gyro_accuracy  data_builder.o
    0x0800b3c4   0x00000024   Code   RO         3001    i.inv_get_gyro_bias  data_builder.o
    0x0800b3e8   0x00000020   Code   RO         3002    i.inv_get_gyro_bias_tc_set  data_builder.o
    0x0800b408   0x00000010   Code   RO         3003    i.inv_get_gyro_on   data_builder.o
    0x0800b418   0x0000001c   Code   RO         3455    i.inv_get_gyro_sum_of_sqr  ml_math_func.o
    0x0800b434   0x0000000c   Code   RO         3859    i.inv_get_large_mag_field  results_holder.o
    0x0800b440   0x00000068   Code   RO         3009    i.inv_get_last_timestamp  data_builder.o
    0x0800b4a8   0x0000003c   Code   RO         3860    i.inv_get_linear_accel  results_holder.o
    0x0800b4e4   0x00000038   Code   RO         3861    i.inv_get_linear_accel_float  results_holder.o
    0x0800b51c   0x00000010   Code   RO         3862    i.inv_get_local_field  results_holder.o
    0x0800b52c   0x0000001c   Code   RO         3010    i.inv_get_mag_accuracy  data_builder.o
    0x0800b548   0x00000014   Code   RO         3864    i.inv_get_motion_state  results_holder.o
    0x0800b55c   0x0000003c   Code   RO         3865    i.inv_get_quaternion  results_holder.o
    0x0800b598   0x00000044   Code   RO         3867    i.inv_get_quaternion_set  results_holder.o
    0x0800b5dc   0x00000230   Code   RO         2755    i.inv_get_sensor_type_euler  empl_outputs.o
    0x0800b80c   0x00000060   Code   RO         2853    i.inv_get_sensor_type_gravity  hal_outputs.o
    0x0800b86c   0x0000000c   Code   RO         3869    i.inv_got_compass_bias  results_holder.o
    0x0800b878   0x0000000c   Code   RO         3012    i.inv_gyro_was_turned_off  data_builder.o
    0x0800b884   0x0000003c   Code   RO         3013    i.inv_init_data_builder  data_builder.o
    0x0800b8c0   0x00000014   Code   RO         2760    i.inv_init_eMPL_outputs  empl_outputs.o
    0x0800b8d4   0x00000084   Code   RO         3811    i.inv_init_mpl      mpl.o
    0x0800b958   0x00000038   Code   RO         3870    i.inv_init_results_holder  results_holder.o
    0x0800b990   0x00000014   Code   RO         4083    i.inv_init_start_manager  start_manager.o
    0x0800b9a4   0x00000018   Code   RO         4116    i.inv_init_storage_manager  storage_manager.o
    0x0800b9bc   0x00000028   Code   RO         3464    i.inv_orientation_matrix_to_scalar  ml_math_func.o
    0x0800b9e4   0x00000012   Code   RO         3465    i.inv_q29_mult      ml_math_func.o
    0x0800b9f6   0x00000012   Code   RO         3467    i.inv_q30_mult      ml_math_func.o
    0x0800ba08   0x00000016   Code   RO         3469    i.inv_q30_to_float  ml_math_func.o
    0x0800ba1e   0x00000024   Code   RO         3470    i.inv_q_add         ml_math_func.o
    0x0800ba42   0x00000032   Code   RO         3471    i.inv_q_addf        ml_math_func.o
    0x0800ba74   0x00000018   Code   RO         3472    i.inv_q_invert      ml_math_func.o
    0x0800ba8c   0x0000001e   Code   RO         3473    i.inv_q_invertf     ml_math_func.o
    0x0800baaa   0x000000b2   Code   RO         3474    i.inv_q_mult        ml_math_func.o
    0x0800bb5c   0x0000010e   Code   RO         3475    i.inv_q_multf       ml_math_func.o
    0x0800bc6a   0x00000092   Code   RO         3476    i.inv_q_norm4       ml_math_func.o
    0x0800bcfc   0x0000016e   Code   RO         3478    i.inv_q_normalizef  ml_math_func.o
    0x0800be6a   0x00000042   Code   RO         3479    i.inv_q_rotate      ml_math_func.o
    0x0800beac   0x00000010   Code   RO         3015    i.inv_quaternion_sensor_was_turned_off  data_builder.o
    0x0800bebc   0x000000da   Code   RO         3481    i.inv_quaternion_to_rotation  ml_math_func.o
    0x0800bf96   0x00000002   PAD
    0x0800bf98   0x000000f8   Code   RO         3016    i.inv_register_data_cb  data_builder.o
    0x0800c090   0x00000090   Code   RO         4118    i.inv_register_load_store  storage_manager.o
    0x0800c120   0x0000002c   Code   RO         4084    i.inv_register_mpl_start_notification  start_manager.o
    0x0800c14c   0x0000004c   Code   RO         3017    i.inv_reset_compass_soft_iron_matrix  data_builder.o
    0x0800c198   0x0000004e   Code   RO         3483    i.inv_row_2_scale   ml_math_func.o
    0x0800c1e6   0x00000002   PAD
    0x0800c1e8   0x00000024   Code   RO         3018    i.inv_set_accel_accuracy  data_builder.o
    0x0800c20c   0x0000004c   Code   RO         3020    i.inv_set_accel_bias  data_builder.o
    0x0800c258   0x0000000c   Code   RO         3873    i.inv_set_accel_bias_found  results_holder.o
    0x0800c264   0x00000060   Code   RO         3021    i.inv_set_accel_bias_mask  data_builder.o
    0x0800c2c4   0x00000018   Code   RO         3022    i.inv_set_accel_orientation_and_scale  data_builder.o
    0x0800c2dc   0x0000002c   Code   RO         3023    i.inv_set_accel_sample_rate  data_builder.o
    0x0800c308   0x0000004c   Code   RO         3025    i.inv_set_compass_bias  data_builder.o
    0x0800c354   0x00000014   Code   RO         3874    i.inv_set_compass_bias_error  results_holder.o
    0x0800c368   0x0000000c   Code   RO         3875    i.inv_set_compass_bias_found  results_holder.o
    0x0800c374   0x00000024   Code   RO         3876    i.inv_set_compass_correction  results_holder.o
    0x0800c398   0x0000000c   Code   RO         3026    i.inv_set_compass_disturbance  data_builder.o
    0x0800c3a4   0x00000018   Code   RO         3027    i.inv_set_compass_orientation_and_scale  data_builder.o
    0x0800c3bc   0x00000030   Code   RO         3028    i.inv_set_compass_sample_rate  data_builder.o
    0x0800c3ec   0x00000054   Code   RO         3029    i.inv_set_compass_soft_iron_input_data  data_builder.o
    0x0800c440   0x0000000c   Code   RO         3877    i.inv_set_compass_state  results_holder.o
    0x0800c44c   0x00000120   Code   RO         3032    i.inv_set_contiguous  data_builder.o
    0x0800c56c   0x00000074   Code   RO         3034    i.inv_set_gyro_bias  data_builder.o
    0x0800c5e0   0x00000018   Code   RO         3035    i.inv_set_gyro_orientation_and_scale  data_builder.o
    0x0800c5f8   0x00000028   Code   RO         3036    i.inv_set_gyro_sample_rate  data_builder.o
    0x0800c620   0x0000001c   Code   RO         3424    i.inv_set_message   message_layer.o
    0x0800c63c   0x00000050   Code   RO         3882    i.inv_set_motion_state  results_holder.o
    0x0800c68c   0x0000001c   Code   RO         3037    i.inv_set_quat_sample_rate  data_builder.o
    0x0800c6a8   0x00000014   Code   RO         2761    i.inv_start_eMPL_outputs  empl_outputs.o
    0x0800c6bc   0x00000040   Code   RO         3812    i.inv_start_mpl     mpl.o
    0x0800c6fc   0x00000018   Code   RO         3883    i.inv_start_results_holder  results_holder.o
    0x0800c714   0x00000024   Code   RO         3884    i.inv_store_gaming_quaternion  results_holder.o
    0x0800c738   0x00000064   Code   RO         3039    i.inv_unregister_data_cb  data_builder.o
    0x0800c79c   0x00000060   Code   RO         4085    i.inv_unregister_mpl_start_notification  start_manager.o
    0x0800c7fc   0x0000035c   Code   RO         4503    i.log               m_ws.l(log.o)
    0x0800cb58   0x00000130   Code   RO          138    i.main              main.o
    0x0800cc88   0x00000044   Code   RO          367    i.micros            sysclock.o
    0x0800cccc   0x0000003e   Code   RO         3488    i.mlMatrixVectorMult  ml_math_func.o
    0x0800cd0a   0x00000002   PAD
    0x0800cd0c   0x000002a0   Code   RO         2673    i.mpu9250_initialize  mpu_userapi.o
    0x0800cfac   0x00000070   Code   RO         2153    i.mpu_configure_fifo  inv_mpu.o
    0x0800d01c   0x0000004c   Code   RO         2154    i.mpu_get_accel_fsr  inv_mpu.o
    0x0800d068   0x00000054   Code   RO         2156    i.mpu_get_accel_sens  inv_mpu.o
    0x0800d0bc   0x00000014   Code   RO         2157    i.mpu_get_compass_fsr  inv_mpu.o
    0x0800d0d0   0x000000d4   Code   RO         2158    i.mpu_get_compass_reg  inv_mpu.o
    0x0800d1a4   0x00000010   Code   RO         2161    i.mpu_get_fifo_config  inv_mpu.o
    0x0800d1b4   0x00000044   Code   RO         2162    i.mpu_get_gyro_fsr  inv_mpu.o
    0x0800d1f8   0x00000050   Code   RO         2164    i.mpu_get_gyro_sens  inv_mpu.o
    0x0800d248   0x00000050   Code   RO         2166    i.mpu_get_lpf       inv_mpu.o
    0x0800d298   0x00000020   Code   RO         2168    i.mpu_get_sample_rate  inv_mpu.o
    0x0800d2b8   0x000000a0   Code   RO         2169    i.mpu_get_temperature  inv_mpu.o
    0x0800d358   0x0000016c   Code   RO         2170    i.mpu_init          inv_mpu.o
    0x0800d4c4   0x000000b8   Code   RO         2171    i.mpu_load_firmware  inv_mpu.o
    0x0800d57c   0x0000011c   Code   RO         2172    i.mpu_lp_accel_mode  inv_mpu.o
    0x0800d698   0x00000130   Code   RO         2674    i.mpu_mpl_get_data  mpu_userapi.o
    0x0800d7c8   0x000000c0   Code   RO         2178    i.mpu_read_fifo_stream  inv_mpu.o
    0x0800d888   0x00000080   Code   RO         2179    i.mpu_read_mem      inv_mpu.o
    0x0800d908   0x00000068   Code   RO         2181    i.mpu_reg_dump      inv_mpu.o
    0x0800d970   0x000001c8   Code   RO         2182    i.mpu_reset_fifo    inv_mpu.o
    0x0800db38   0x0000029c   Code   RO         2183    i.mpu_run_6500_self_test  inv_mpu.o
    0x0800ddd4   0x00000084   Code   RO         2187    i.mpu_set_accel_fsr  inv_mpu.o
    0x0800de58   0x0000014c   Code   RO         2188    i.mpu_set_bypass    inv_mpu.o
    0x0800dfa4   0x00000060   Code   RO         2189    i.mpu_set_compass_sample_rate  inv_mpu.o
    0x0800e004   0x00000090   Code   RO         2190    i.mpu_set_dmp_state  inv_mpu.o
    0x0800e094   0x00000088   Code   RO         2192    i.mpu_set_gyro_fsr  inv_mpu.o
    0x0800e11c   0x0000006c   Code   RO         2193    i.mpu_set_int_latched  inv_mpu.o
    0x0800e188   0x00000084   Code   RO         2195    i.mpu_set_lpf       inv_mpu.o
    0x0800e20c   0x000000b4   Code   RO         2196    i.mpu_set_sample_rate  inv_mpu.o
    0x0800e2c0   0x00000168   Code   RO         2197    i.mpu_set_sensors   inv_mpu.o
    0x0800e428   0x00000080   Code   RO         2198    i.mpu_write_mem     inv_mpu.o
    0x0800e4a8   0x00000208   Code   RO         2676    i.run_self_test     mpu_userapi.o
    0x0800e6b0   0x000000b8   Code   RO         2677    i.send_status_compass  mpu_userapi.o
    0x0800e768   0x00000090   Code   RO         2199    i.set_int_enable    inv_mpu.o
    0x0800e7f8   0x00000006   Code   RO         3040    i.set_sensor_orientation_and_scale  data_builder.o
    0x0800e7fe   0x00000002   PAD
    0x0800e800   0x0000027c   Code   RO         2200    i.setup_compass     inv_mpu.o
    0x0800ea7c   0x00000074   Code   RO         2678    i.setup_gyro        mpu_userapi.o
    0x0800eaf0   0x00000188   Code   RO         4531    i.sinf              m_ws.l(sinf.o)
    0x0800ec78   0x0000004c   Code   RO         4539    i.sqrt              m_ws.l(sqrt.o)
    0x0800ecc4   0x0000002c   Code   RO         4547    i.sqrtf             m_ws.l(sqrtf.o)
    0x0800ecf0   0x000000ac   Code   RO         2679    i.tap_cb            mpu_userapi.o
    0x0800ed9c   0x00000268   Data   RO         2201    .constdata          inv_mpu.o
    0x0800f004   0x00000bf6   Data   RO         2513    .constdata          inv_mpu_dmp_motion_driver.o
    0x0800fbfa   0x0000002f   Data   RO         3813    .constdata          mpl.o
    0x0800fc29   0x00000007   PAD
    0x0800fc30   0x00000038   Data   RO         4504    .constdata          m_ws.l(log.o)
    0x0800fc68   0x00000030   Data   RO         4883    .constdata          m_ws.l(cos_i.o)
    0x0800fc98   0x00000008   Data   RO         4919    .constdata          m_ws.l(qnan.o)
    0x0800fca0   0x000000c8   Data   RO         4922    .constdata          m_ws.l(rred.o)
    0x0800fd68   0x00000020   Data   RO         4926    .constdata          m_ws.l(rredf.o)
    0x0800fd88   0x00000028   Data   RO         4929    .constdata          m_ws.l(sin_i.o)
    0x0800fdb0   0x00000051   Data   RO         2682    .conststring        mpu_userapi.o
    0x0800fe01   0x00000003   PAD
    0x0800fe04   0x00000044   Data   RO         3042    .conststring        data_builder.o
    0x0800fe48   0x00000020   Data   RO         4978    Region$$Table       anon$$obj.o


    Execution Region RW_IRAM1 (Base: 0x20000000, Size: 0x00001b40, Max: 0x00005000, ABSOLUTE)

    Base Addr    Size         Type   Attr      Idx    E Section Name        Object

    0x20000000   0x00000014   Data   RW           21    .data               system_stm32f10x.o
    0x20000014   0x0000000c   Data   RW          368    .data               sysclock.o
    0x20000020   0x00000014   Data   RW          706    .data               stm32f10x_rcc.o
    0x20000034   0x00000004   Data   RW         1868    .data               usart.o
    0x20000038   0x0000001c   Data   RW         2118    .data               timer.o
    0x20000054   0x00000038   Data   RW         2202    .data               inv_mpu.o
    0x2000008c   0x0000001e   Data   RW         2683    .data               mpu_userapi.o
    0x200000aa   0x00000002   PAD
    0x200000ac   0x00000004   Data   RW         3425    .data               message_layer.o
    0x200000b0   0x00000010   Data   RW         4186    .data               libmpllib.lib(compass_vec_cal.o)
    0x200000c0   0x00000004   Data   RW         4957    .data               mc_w.l(errno.o)
    0x200000c4   0x00000024   Zero   RW          422    .bss                control.o
    0x200000e8   0x00000010   Zero   RW         2117    .bss                timer.o
    0x200000f8   0x00000010   Zero   RW         2512    .bss                inv_mpu_dmp_motion_driver.o
    0x20000108   0x00000024   Zero   RW         2681    .bss                mpu_userapi.o
    0x2000012c   0x00000028   Zero   RW         2763    .bss                empl_outputs.o
    0x20000154   0x000000c4   Zero   RW         2863    .bss                hal_outputs.o
    0x20000218   0x000002d8   Zero   RW         3041    .bss                data_builder.o
    0x200004f0   0x00000088   Zero   RW         3885    .bss                results_holder.o
    0x20000578   0x00000054   Zero   RW         4086    .bss                start_manager.o
    0x200005cc   0x00000198   Zero   RW         4120    .bss                storage_manager.o
    0x20000764   0x00000004   PAD
    0x20000768   0x00000460   Zero   RW         4185    .bss                libmpllib.lib(compass_vec_cal.o)
    0x20000bc8   0x000002a0   Zero   RW         4275    .bss                libmpllib.lib(fast_no_motion.o)
    0x20000e68   0x00000138   Zero   RW         4308    .bss                libmpllib.lib(fusion_9axis.o)
    0x20000fa0   0x000001c4   Zero   RW         4330    .bss                libmpllib.lib(gyro_tc.o)
    0x20001164   0x000000b8   Zero   RW         4348    .bss                libmpllib.lib(mag_disturb.o)
    0x2000121c   0x0000006c   Zero   RW         4370    .bss                libmpllib.lib(quaternion_supervisor.o)
    0x20001288   0x000004b8   Zero   RW         4388    .bss                libmpllib.lib(accel_auto_cal.o)
    0x20001740   0x00000400   Zero   RW          130    STACK               startup_stm32f10x_md.o


==============================================================================

Image component sizes


      Code (inc. data)   RO Data    RW Data    ZI Data      Debug   Object Name

         0          0          0          0         36        620   control.o
         0          0          0          0          0       4536   core_cm3.o
      2816        332         68          0        728      26635   data_builder.o
       868         44          0          0         40       4286   empl_outputs.o
        96         10          0          0        196       5314   hal_outputs.o
       922        124          0          0          0       5677   i2c.o
     10330       1600        616         56          0      32592   inv_mpu.o
      2718        150       3062          0         16      21038   inv_mpu_dmp_motion_driver.o
       200         10          0          0          0       1026   log_stm32.o
       304         78          0          0          0     219654   main.o
        28          4          0          4          0       1082   message_layer.o
       112         12          0          0          0        888   misc.o
      1926          0          0          0          0      12585   ml_math_func.o
       248         76         47          0          0       2232   mpl.o
      3280        712         81         30         36       8036   mpu_userapi.o
       354         42          0          0          0       1850   pca9685.o
       808        122          0          0        136      13837   results_holder.o
       204         20          0          0         84       2964   start_manager.o
        36          8        236          0       1024        768   startup_stm32f10x_md.o
        72         18          0          0          0       1006   stm32f10x_dma.o
        52         12          0          0          0        969   stm32f10x_flash.o
       278          0          0          0          0       1820   stm32f10x_gpio.o
        24          0          0          0          0       3148   stm32f10x_it.o
       748         98          0         20          0       9982   stm32f10x_rcc.o
      1210        150          0          0          0      12955   stm32f10x_tim.o
       472          6          0          0          0       6203   stm32f10x_usart.o
       168         10          0          0        408       2245   storage_manager.o
       290         24          0         12          0       3328   sysclock.o
       328         28          0         20          0      45325   system_stm32f10x.o
      1228         70          0         28         16       2808   timer.o
       272         24          0          4          0       9886   usart.o

    ----------------------------------------------------------------------
     30426       3784       4152        176       2724     465295   Object Totals
         0          0         32          0          0          0   (incl. Generated)
        34          0         10          2          4          0   (incl. Padding)

    ----------------------------------------------------------------------

      Code (inc. data)   RO Data    RW Data    ZI Data      Debug   Library Member Name

      2796        150          0          0       1208       9108   accel_auto_cal.o
      7772        154          0         16       1120      19264   compass_vec_cal.o
      2548         42          0          0        672      13408   fast_no_motion.o
      1628         54          0          0        312       5308   fusion_9axis.o
      1212         30          0          0        452       5515   gyro_tc.o
      1360         46          0          0        184       7270   mag_disturb.o
      2368        102          0          0        108       5409   quaternion_supervisor.o
       284         42          0          0          0        120   acosf.o
       604         76          0          0          0        116   atan2f.o
       156          8          0          0          0        104   cos.o
       252         22         48          0          0        124   cos_i.o
       380         52          0          0          0        124   cosf.o
        50         10          0          0          0        272   dunder.o
       220         16          0          0          0         84   floor.o
        40          0          0          0          0         68   fpclassify.o
        38          0          0          0          0         68   fpclassifyf.o
        28          0          0          0          0        272   funder.o
       860         52         56          0          0        256   log.o
       170          0          0          0          0         96   poly.o
         0          0          8          0          0          0   qnan.o
       904         76        200          0          0        140   rred.o
       360         16         32          0          0         88   rredf.o
       236         12         40          0          0        128   sin_i.o
       392         54          0          0          0        124   sinf.o
        76          0          0          0          0         84   sqrt.o
        44          0          0          0          0         80   sqrtf.o
         0          0          0          0          0          0   entry.o
         0          0          0          0          0          0   entry10a.o
         0          0          0          0          0          0   entry11a.o
         8          4          0          0          0          0   entry2.o
         4          0          0          0          0          0   entry5.o
         0          0          0          0          0          0   entry7b.o
         0          0          0          0          0          0   entry8b.o
         8          4          0          0          0          0   entry9a.o
        12          6          0          4          0         68   errno.o
        30          0          0          0          0          0   handlers.o
        36          8          0          0          0         68   init.o
         0          0          0          0          0          0   iusefp.o
        98          0          0          0          0         84   ldiv.o
        30          0          0          0          0         68   llshl.o
        36          0          0          0          0         68   llsshr.o
        32          0          0          0          0         68   llushr.o
        26          0          0          0          0         80   memcmp.o
        64          0          0          0          0         76   memmovea.o
        36          0          0          0          0        108   memseta.o
      2272         96          0          0          0        592   printfa.o
        44          0          0          0          0         80   uidiv.o
        98          0          0          0          0         92   uldiv.o
        48          0          0          0          0         68   cdcmple.o
        48          0          0          0          0         68   cdrcmple.o
        20          0          0          0          0         68   cfcmple.o
        20          0          0          0          0         68   cfrcmple.o
        56          0          0          0          0         88   d2f.o
       334          0          0          0          0        148   dadd.o
       222          0          0          0          0        100   ddiv.o
       186          0          0          0          0        176   depilogue.o
        62          0          0          0          0         80   dfixi.o
        50          0          0          0          0         76   dfixui.o
        48          0          0          0          0         68   dfixul.o
        34          0          0          0          0         76   dflti.o
        26          0          0          0          0         76   dfltui.o
       228          0          0          0          0         96   dmul.o
        46          0          0          0          0         80   dscalb.o
       162          0          0          0          0        100   dsqrt.o
        38          0          0          0          0         68   f2d.o
       176          0          0          0          0        140   fadd.o
       124          0          0          0          0         88   fdiv.o
       110          0          0          0          0        168   fepilogue.o
        50          0          0          0          0         68   ffixi.o
        66          0          0          0          0         76   ffixl.o
        40          0          0          0          0         68   ffixui.o
        18          0          0          0          0         68   fflti.o
        44          0          0          0          0         92   ffltl.o
        10          0          0          0          0         68   ffltui.o
       100          0          0          0          0         76   fmul.o
        60          0          0          0          0         76   frnd.o
        24          0          0          0          0         68   fscalb.o
        94          0          0          0          0         96   fsqrt.o

    ----------------------------------------------------------------------
     30166       1132        384         20       4056      71738   Library Totals
        10          0          0          0          0          0   (incl. Padding)

    ----------------------------------------------------------------------

      Code (inc. data)   RO Data    RW Data    ZI Data      Debug   Library Name

     19684        578          0         16       4056      65282   libmpllib.lib
      5094        436        384          0          0       2348   m_ws.l
      2834        118          0          4          0       1452   mc_w.l
      2544          0          0          0          0       2656   mf_w.l

    ----------------------------------------------------------------------
     30166       1132        384         20       4056      71738   Library Totals

    ----------------------------------------------------------------------

==============================================================================


      Code (inc. data)   RO Data    RW Data    ZI Data      Debug   

     60592       4916       4536        196       6780     518933   Grand Totals
     60592       4916       4536        196       6780     518933   ELF Image Totals
     60592       4916       4536        196          0          0   ROM Totals

==============================================================================

    Total RO  Size (Code + RO Data)                65128 (  63.60kB)
    Total RW  Size (RW Data + ZI Data)              6976 (   6.81kB)
    Total ROM Size (Code + RO Data + RW Data)      65324 (  63.79kB)

==============================================================================

