Component: ARM Compiler 5.06 update 4 (build 422) Tool: armlink [4d35d2]

==============================================================================

Section Cross References

    system_stm32f10x.o(i.SetSysClock) refers to system_stm32f10x.o(i.SetSysClockTo72) for SetSysClockTo72
    system_stm32f10x.o(i.SystemCoreClockUpdate) refers to system_stm32f10x.o(.data) for SystemCoreClock
    system_stm32f10x.o(i.SystemInit) refers to system_stm32f10x.o(i.SetSysClock) for SetSysClock
    startup_stm32f10x_md.o(RESET) refers to startup_stm32f10x_md.o(STACK) for __initial_sp
    startup_stm32f10x_md.o(RESET) refers to startup_stm32f10x_md.o(.text) for Reset_Handler
    startup_stm32f10x_md.o(RESET) refers to stm32f10x_it.o(i.NMI_Handler) for NMI_Handler
    startup_stm32f10x_md.o(RESET) refers to stm32f10x_it.o(i.HardFault_Handler) for HardFault_Handler
    startup_stm32f10x_md.o(RESET) refers to stm32f10x_it.o(i.MemManage_Handler) for MemManage_Handler
    startup_stm32f10x_md.o(RESET) refers to stm32f10x_it.o(i.BusFault_Handler) for BusFault_Handler
    startup_stm32f10x_md.o(RESET) refers to stm32f10x_it.o(i.UsageFault_Handler) for UsageFault_Handler
    startup_stm32f10x_md.o(RESET) refers to stm32f10x_it.o(i.SVC_Handler) for SVC_Handler
    startup_stm32f10x_md.o(RESET) refers to stm32f10x_it.o(i.DebugMon_Handler) for DebugMon_Handler
    startup_stm32f10x_md.o(RESET) refers to stm32f10x_it.o(i.PendSV_Handler) for PendSV_Handler
    startup_stm32f10x_md.o(RESET) refers to sysclock.o(i.SysTick_Handler) for SysTick_Handler
    startup_stm32f10x_md.o(RESET) refers to tim2.o(i.TIM2_IRQHandler) for TIM2_IRQHandler
    startup_stm32f10x_md.o(RESET) refers to tim4.o(i.TIM4_IRQHandler) for TIM4_IRQHandler
    startup_stm32f10x_md.o(RESET) refers to usart.o(i.USART1_IRQHandler) for USART1_IRQHandler
    startup_stm32f10x_md.o(.text) refers to system_stm32f10x.o(i.SystemInit) for SystemInit
    startup_stm32f10x_md.o(.text) refers to entry.o(.ARM.Collect$$$$00000000) for __main
    main.o(i.main) refers to sysclock.o(i.SetSysClockToHSE) for SetSysClockToHSE
    main.o(i.main) refers to sysclock.o(i.cycleCounterInit) for cycleCounterInit
    main.o(i.main) refers to usart.o(i.USART_Config) for USART_Config
    main.o(i.main) refers to usart.o(i.UART1NVIC_Configuration) for UART1NVIC_Configuration
    main.o(i.main) refers to i2c.o(i.IIC_Init) for IIC_Init
    main.o(i.main) refers to mpu_userapi.o(i.mpu9250_initialize) for mpu9250_initialize
    main.o(i.main) refers to printfa.o(i.__0printf) for __2printf
    main.o(i.main) refers to pca9685.o(i.PCA9685_SetPWMFreq) for PCA9685_SetPWMFreq
    main.o(i.main) refers to control.o(i.ClearStructMyControl) for ClearStructMyControl
    main.o(i.main) refers to tim2.o(i.TIM2_CAP_Init) for TIM2_CAP_Init
    main.o(i.main) refers to tim4.o(i.TIM4_CAP_Init) for TIM4_CAP_Init
    main.o(i.main) refers to sysclock.o(i.delay_ms) for delay_ms
    main.o(i.main) refers to mpu_userapi.o(i.mpu_mpl_get_data) for mpu_mpl_get_data
    main.o(i.main) refers to control.o(i.Direction_Control) for Direction_Control
    main.o(i.main) refers to control.o(i.Outter_PID) for Outter_PID
    main.o(i.main) refers to control.o(i.Inner_PID) for Inner_PID
    main.o(i.main) refers to control.o(i.Deal_Pwm) for Deal_Pwm
    main.o(i.main) refers to control.o(i.Set_Pwm) for Set_Pwm
    main.o(i.main) refers to f2d.o(.text) for __aeabi_f2d
    main.o(i.main) refers to system_stm32f10x.o(.data) for SystemCoreClock
    main.o(i.main) refers to control.o(.bss) for myControl
    sysclock.o(i.DelayMs) refers to sysclock.o(i.micros) for micros
    sysclock.o(i.SetSysClockToHSE) refers to stm32f10x_rcc.o(i.RCC_DeInit) for RCC_DeInit
    sysclock.o(i.SetSysClockToHSE) refers to stm32f10x_rcc.o(i.RCC_HSEConfig) for RCC_HSEConfig
    sysclock.o(i.SetSysClockToHSE) refers to stm32f10x_rcc.o(i.RCC_LSEConfig) for RCC_LSEConfig
    sysclock.o(i.SetSysClockToHSE) refers to stm32f10x_rcc.o(i.RCC_WaitForHSEStartUp) for RCC_WaitForHSEStartUp
    sysclock.o(i.SetSysClockToHSE) refers to stm32f10x_rcc.o(i.RCC_HCLKConfig) for RCC_HCLKConfig
    sysclock.o(i.SetSysClockToHSE) refers to stm32f10x_rcc.o(i.RCC_PCLK2Config) for RCC_PCLK2Config
    sysclock.o(i.SetSysClockToHSE) refers to stm32f10x_rcc.o(i.RCC_PCLK1Config) for RCC_PCLK1Config
    sysclock.o(i.SetSysClockToHSE) refers to stm32f10x_flash.o(i.FLASH_SetLatency) for FLASH_SetLatency
    sysclock.o(i.SetSysClockToHSE) refers to stm32f10x_flash.o(i.FLASH_PrefetchBufferCmd) for FLASH_PrefetchBufferCmd
    sysclock.o(i.SetSysClockToHSE) refers to stm32f10x_rcc.o(i.RCC_PLLConfig) for RCC_PLLConfig
    sysclock.o(i.SetSysClockToHSE) refers to stm32f10x_rcc.o(i.RCC_PLLCmd) for RCC_PLLCmd
    sysclock.o(i.SetSysClockToHSE) refers to stm32f10x_rcc.o(i.RCC_GetFlagStatus) for RCC_GetFlagStatus
    sysclock.o(i.SetSysClockToHSE) refers to stm32f10x_rcc.o(i.RCC_SYSCLKConfig) for RCC_SYSCLKConfig
[...]
    inv_disable_quaternion                   0x080042db   Thumb Code    20  quaternion_supervisor.o(.text)
    inv_init_accel_maxmin                    0x0800431d   Thumb Code    28  accel_auto_cal.o(.text)
    inv_record_good_accel_maxmin             0x08004339   Thumb Code    56  accel_auto_cal.o(.text)
    inv_get_current_calibrated_accel         0x08004371   Thumb Code    70  accel_auto_cal.o(.text)
    inv_sort_order_4_T                       0x080046bf   Thumb Code   186  accel_auto_cal.o(.text)
    inv_init_check_sample_balance            0x08004779   Thumb Code    30  accel_auto_cal.o(.text)
    inv_init_check_sample_balance_parameter  0x08004797   Thumb Code    28  accel_auto_cal.o(.text)
    inv_add_accel_block_data                 0x080047b3   Thumb Code   152  accel_auto_cal.o(.text)
    inv_add_vector_block_data                0x0800484b   Thumb Code   120  accel_auto_cal.o(.text)
    inv_check_sample_balance                 0x080048c3   Thumb Code   344  accel_auto_cal.o(.text)
    inv_auto_calibrate                       0x08004a51   Thumb Code   720  accel_auto_cal.o(.text)
    inv_init_in_use_auto_calibration         0x08004d21   Thumb Code    80  accel_auto_cal.o(.text)
    inv_start_in_use_auto_calibration        0x08004d71   Thumb Code    14  accel_auto_cal.o(.text)
    inv_stop_in_use_auto_calibration         0x08004d7f   Thumb Code     8  accel_auto_cal.o(.text)
    inv_enable_in_use_auto_calibration       0x08004d87   Thumb Code    24  accel_auto_cal.o(.text)
    inv_disable_in_use_auto_calibration      0x08004d9f   Thumb Code    94  accel_auto_cal.o(.text)
    inv_get_accel_bias_stage                 0x08004dfd   Thumb Code     6  accel_auto_cal.o(.text)
    __aeabi_ldivmod                          0x08004e09   Thumb Code    98  ldiv.o(.text)
    __aeabi_llsl                             0x08004e6b   Thumb Code    30  llshl.o(.text)
    _ll_shift_l                              0x08004e6b   Thumb Code     0  llshl.o(.text)
    __aeabi_lasr                             0x08004e89   Thumb Code    36  llsshr.o(.text)
    _ll_sshift_r                             0x08004e89   Thumb Code     0  llsshr.o(.text)
    ___aeabi_memcpy8$move                    0x08004ead   Thumb Code     0  memmovea.o(.text)
    __aeabi_memcpy                           0x08004ead   Thumb Code    64  memmovea.o(.text)
    __aeabi_memcpy4                          0x08004ead   Thumb Code     0  memmovea.o(.text)
    __aeabi_memmove                          0x08004ead   Thumb Code     0  memmovea.o(.text)
    __aeabi_memmove4                         0x08004ead   Thumb Code     0  memmovea.o(.text)
    __aeabi_memmove8                         0x08004ead   Thumb Code     0  memmovea.o(.text)
    __aeabi_memset                           0x08004eed   Thumb Code    14  memseta.o(.text)
    __aeabi_memset4                          0x08004eed   Thumb Code     0  memseta.o(.text)
    __aeabi_memset8                          0x08004eed   Thumb Code     0  memseta.o(.text)
    __aeabi_memclr                           0x08004efb   Thumb Code     4  memseta.o(.text)
    __aeabi_memclr4                          0x08004efb   Thumb Code     0  memseta.o(.text)
    __aeabi_memclr8                          0x08004efb   Thumb Code     0  memseta.o(.text)
    _memset$wrapper                          0x08004eff   Thumb Code    18  memseta.o(.text)
    memcmp                                   0x08004f11   Thumb Code    26  memcmp.o(.text)
    __aeabi_fadd                             0x08004f2b   Thumb Code   164  fadd.o(.text)
    __aeabi_fsub                             0x08004fcf   Thumb Code     6  fadd.o(.text)
    __aeabi_frsub                            0x08004fd5   Thumb Code     6  fadd.o(.text)
    __aeabi_fmul                             0x08004fdb   Thumb Code   100  fmul.o(.text)
    __aeabi_fdiv                             0x0800503f   Thumb Code   124  fdiv.o(.text)
    __ARM_scalbnf                            0x080050bb   Thumb Code    24  fscalb.o(.text)
    scalbnf                                  0x080050bb   Thumb Code     0  fscalb.o(.text)
    __aeabi_dadd                             0x080050d3   Thumb Code   322  dadd.o(.text)
    __aeabi_dsub                             0x08005215   Thumb Code     6  dadd.o(.text)
    __aeabi_drsub                            0x0800521b   Thumb Code     6  dadd.o(.text)
    __aeabi_dmul                             0x08005221   Thumb Code   228  dmul.o(.text)
    __aeabi_ddiv                             0x08005305   Thumb Code   222  ddiv.o(.text)
    __ARM_scalbn                             0x080053e3   Thumb Code    46  dscalb.o(.text)
    scalbn                                   0x080053e3   Thumb Code     0  dscalb.o(.text)
    __aeabi_i2f                              0x08005411   Thumb Code    18  fflti.o(.text)
    __aeabi_ui2f                             0x08005423   Thumb Code    10  ffltui.o(.text)
    __aeabi_l2f                              0x0800542d   Thumb Code    44  ffltl.o(.text)
    __aeabi_i2d                              0x08005459   Thumb Code    34  dflti.o(.text)
    __aeabi_ui2d                             0x0800547b   Thumb Code    26  dfltui.o(.text)
    __aeabi_f2iz                             0x08005495   Thumb Code    50  ffixi.o(.text)
    __aeabi_f2uiz                            0x080054c7   Thumb Code    40  ffixui.o(.text)
    __aeabi_f2lz                             0x080054ef   Thumb Code    66  ffixl.o(.text)
    __aeabi_d2iz                             0x08005531   Thumb Code    62  dfixi.o(.text)
    __aeabi_d2uiz                            0x0800556f   Thumb Code    50  dfixui.o(.text)
    __aeabi_f2d                              0x080055a1   Thumb Code    38  f2d.o(.text)
    __aeabi_cdcmpeq                          0x080055c9   Thumb Code     0  cdcmple.o(.text)
    __aeabi_cdcmple                          0x080055c9   Thumb Code    48  cdcmple.o(.text)
    __aeabi_cdrcmple                         0x080055f9   Thumb Code    48  cdrcmple.o(.text)
    __aeabi_d2f                              0x08005629   Thumb Code    56  d2f.o(.text)
    __aeabi_cfcmpeq                          0x08005661   Thumb Code     0  cfcmple.o(.text)
    __aeabi_cfcmple                          0x08005661   Thumb Code    20  cfcmple.o(.text)
    __aeabi_cfrcmple                         0x08005675   Thumb Code    20  cfrcmple.o(.text)
    __aeabi_uidiv                            0x08005689   Thumb Code     0  uidiv.o(.text)
    __aeabi_uidivmod                         0x08005689   Thumb Code    44  uidiv.o(.text)
    __aeabi_uldivmod                         0x080056b5   Thumb Code    98  uldiv.o(.text)
    __aeabi_llsr                             0x08005717   Thumb Code    32  llushr.o(.text)
    _ll_ushift_r                             0x08005717   Thumb Code     0  llushr.o(.text)
    __I$use$fp                               0x08005737   Thumb Code     0  iusefp.o(.text)
    _float_round                             0x08005737   Thumb Code    18  fepilogue.o(.text)
    _float_epilogue                          0x08005749   Thumb Code    92  fepilogue.o(.text)
    _fsqrt                                   0x080057a5   Thumb Code    94  fsqrt.o(.text)
    _frnd                                    0x08005803   Thumb Code    60  frnd.o(.text)
    _double_round                            0x0800583f   Thumb Code    30  depilogue.o(.text)
    _double_epilogue                         0x0800585d   Thumb Code   156  depilogue.o(.text)
    _dsqrt                                   0x080058f9   Thumb Code   162  dsqrt.o(.text)
    __aeabi_d2ulz                            0x0800599b   Thumb Code    48  dfixul.o(.text)
    __scatterload                            0x080059cd   Thumb Code    28  init.o(.text)
    __scatterload_rt2                        0x080059cd   Thumb Code     0  init.o(.text)
    __decompress                             0x080059f1   Thumb Code     0  __dczerorl2.o(.text)
    __decompress1                            0x080059f1   Thumb Code    86  __dczerorl2.o(.text)
    BusFault_Handler                         0x08005a47   Thumb Code     4  stm32f10x_it.o(i.BusFault_Handler)
    ClearStructMyControl                     0x08005a4d   Thumb Code    62  control.o(i.ClearStructMyControl)
    Deal_Pwm                                 0x08005a91   Thumb Code    52  control.o(i.Deal_Pwm)
    DebugMon_Handler                         0x08005ae9   Thumb Code     2  stm32f10x_it.o(i.DebugMon_Handler)
    Direction_Control                        0x08005aed   Thumb Code    72  control.o(i.Direction_Control)
    FLASH_PrefetchBufferCmd                  0x08005b45   Thumb Code    22  stm32f10x_flash.o(i.FLASH_PrefetchBufferCmd)
    FLASH_SetLatency                         0x08005b61   Thumb Code    18  stm32f10x_flash.o(i.FLASH_SetLatency)
    GPIO_Init                                0x08005b79   Thumb Code   278  stm32f10x_gpio.o(i.GPIO_Init)
    HardFault_Handler                        0x08005c8f   Thumb Code     4  stm32f10x_it.o(i.HardFault_Handler)
    IIC_Ack                                  0x08005c95   Thumb Code    64  i2c.o(i.IIC_Ack)
    IIC_Init                                 0x08005ce1   Thumb Code    44  i2c.o(i.IIC_Init)
    IIC_NAck                                 0x08005d2d   Thumb Code    62  i2c.o(i.IIC_NAck)
    IIC_Read_Byte                            0x08005d79   Thumb Code    98  i2c.o(i.IIC_Read_Byte)
    IIC_Send_Byte                            0x08005de9   Thumb Code    90  i2c.o(i.IIC_Send_Byte)
    IIC_Start                                0x08005e51   Thumb Code    64  i2c.o(i.IIC_Start)
    IIC_Stop                                 0x08005e9d   Thumb Code    62  i2c.o(i.IIC_Stop)
    IIC_Wait_Ack                             0x08005ee9   Thumb Code    92  i2c.o(i.IIC_Wait_Ack)
    IICreadBytes                             0x08005f51   Thumb Code   124  i2c.o(i.IICreadBytes)
    IICwriteBytes                            0x08005fcd   Thumb Code    98  i2c.o(i.IICwriteBytes)
    Inner_PID                                0x08006031   Thumb Code   484  control.o(i.Inner_PID)
    MemManage_Handler                        0x08006261   Thumb Code     4  stm32f10x_it.o(i.MemManage_Handler)
    Motor_Set                                0x08006265   Thumb Code   176  pca9685.o(i.Motor_Set)
    NMI_Handler                              0x08006315   Thumb Code     2  stm32f10x_it.o(i.NMI_Handler)
    NVIC_Init                                0x08006319   Thumb Code   100  misc.o(i.NVIC_Init)
    Outter_PID                               0x08006389   Thumb Code    68  control.o(i.Outter_PID)
    PCA9685_Read_Byte                        0x080063f1   Thumb Code    88  pca9685.o(i.PCA9685_Read_Byte)
    PCA9685_SetPWM                           0x08006449   Thumb Code    58  pca9685.o(i.PCA9685_SetPWM)
    PCA9685_SetPWMFreq                       0x08006485   Thumb Code   146  pca9685.o(i.PCA9685_SetPWMFreq)
    PCA9685_Write_Byte                       0x08006541   Thumb Code    78  pca9685.o(i.PCA9685_Write_Byte)
    PendSV_Handler                           0x0800658f   Thumb Code     2  stm32f10x_it.o(i.PendSV_Handler)
    RCC_APB1PeriphClockCmd                   0x08006591   Thumb Code    26  stm32f10x_rcc.o(i.RCC_APB1PeriphClockCmd)
    RCC_APB2PeriphClockCmd                   0x080065b1   Thumb Code    26  stm32f10x_rcc.o(i.RCC_APB2PeriphClockCmd)
    RCC_DeInit                               0x080065d1   Thumb Code    64  stm32f10x_rcc.o(i.RCC_DeInit)
    RCC_GetClocksFreq                        0x0800661d   Thumb Code   192  stm32f10x_rcc.o(i.RCC_GetClocksFreq)
    RCC_GetFlagStatus                        0x080066f1   Thumb Code    56  stm32f10x_rcc.o(i.RCC_GetFlagStatus)
    RCC_GetSYSCLKSource                      0x0800672d   Thumb Code    10  stm32f10x_rcc.o(i.RCC_GetSYSCLKSource)
    RCC_HCLKConfig                           0x0800673d   Thumb Code    18  stm32f10x_rcc.o(i.RCC_HCLKConfig)
    RCC_HSEConfig                            0x08006755   Thumb Code    70  stm32f10x_rcc.o(i.RCC_HSEConfig)
    RCC_LSEConfig                            0x080067a1   Thumb Code    46  stm32f10x_rcc.o(i.RCC_LSEConfig)
    RCC_PCLK1Config                          0x080067d5   Thumb Code    18  stm32f10x_rcc.o(i.RCC_PCLK1Config)
    RCC_PCLK2Config                          0x080067ed   Thumb Code    20  stm32f10x_rcc.o(i.RCC_PCLK2Config)
    RCC_PLLCmd                               0x08006805   Thumb Code     6  stm32f10x_rcc.o(i.RCC_PLLCmd)
    RCC_PLLConfig                            0x08006811   Thumb Code    24  stm32f10x_rcc.o(i.RCC_PLLConfig)
    RCC_SYSCLKConfig                         0x0800682d   Thumb Code    18  stm32f10x_rcc.o(i.RCC_SYSCLKConfig)
    RCC_WaitForHSEStartUp                    0x08006845   Thumb Code    56  stm32f10x_rcc.o(i.RCC_WaitForHSEStartUp)
    SVC_Handler                              0x0800687d   Thumb Code     2  stm32f10x_it.o(i.SVC_Handler)
    SetSysClockToHSE                         0x08006969   Thumb Code   112  sysclock.o(i.SetSysClockToHSE)
    Set_Pwm                                  0x080069d9   Thumb Code   266  control.o(i.Set_Pwm)
    SysTick_Handler                          0x08006b5d   Thumb Code    12  sysclock.o(i.SysTick_Handler)
    SystemInit                               0x08006b6d   Thumb Code    78  system_stm32f10x.o(i.SystemInit)
    TIM2_CAP_Init                            0x08006e0d   Thumb Code   270  tim2.o(i.TIM2_CAP_Init)
    TIM2_IRQHandler                          0x08006f39   Thumb Code   774  tim2.o(i.TIM2_IRQHandler)
    TIM4_CAP_Init                            0x08007255   Thumb Code   204  tim4.o(i.TIM4_CAP_Init)
    TIM4_IRQHandler                          0x08007341   Thumb Code   376  tim4.o(i.TIM4_IRQHandler)
    TIM_ClearFlag                            0x080074d1   Thumb Code     6  stm32f10x_tim.o(i.TIM_ClearFlag)
    TIM_Cmd                                  0x080074d7   Thumb Code    24  stm32f10x_tim.o(i.TIM_Cmd)
    TIM_GetCapture1                          0x080074ef   Thumb Code     6  stm32f10x_tim.o(i.TIM_GetCapture1)
    TIM_GetCapture2                          0x080074f5   Thumb Code     6  stm32f10x_tim.o(i.TIM_GetCapture2)
    TIM_GetCapture3                          0x080074fb   Thumb Code     6  stm32f10x_tim.o(i.TIM_GetCapture3)
    TIM_GetCapture4                          0x08007501   Thumb Code     8  stm32f10x_tim.o(i.TIM_GetCapture4)
    TIM_GetITStatus                          0x08007509   Thumb Code    34  stm32f10x_tim.o(i.TIM_GetITStatus)
    TIM_ICInit                               0x0800752d   Thumb Code   150  stm32f10x_tim.o(i.TIM_ICInit)
    TIM_ITConfig                             0x080075d9   Thumb Code    18  stm32f10x_tim.o(i.TIM_ITConfig)
    TIM_OC1PolarityConfig                    0x080075eb   Thumb Code    18  stm32f10x_tim.o(i.TIM_OC1PolarityConfig)
    TIM_OC2PolarityConfig                    0x080075fd   Thumb Code    26  stm32f10x_tim.o(i.TIM_OC2PolarityConfig)
    TIM_OC3PolarityConfig                    0x08007617   Thumb Code    26  stm32f10x_tim.o(i.TIM_OC3PolarityConfig)
    TIM_OC4PolarityConfig                    0x08007631   Thumb Code    26  stm32f10x_tim.o(i.TIM_OC4PolarityConfig)
    TIM_SetIC1Prescaler                      0x0800764b   Thumb Code    18  stm32f10x_tim.o(i.TIM_SetIC1Prescaler)
    TIM_SetIC2Prescaler                      0x0800765d   Thumb Code    26  stm32f10x_tim.o(i.TIM_SetIC2Prescaler)
    TIM_SetIC3Prescaler                      0x08007677   Thumb Code    18  stm32f10x_tim.o(i.TIM_SetIC3Prescaler)
    TIM_SetIC4Prescaler                      0x08007689   Thumb Code    26  stm32f10x_tim.o(i.TIM_SetIC4Prescaler)
    TIM_TimeBaseInit                         0x080076a5   Thumb Code   122  stm32f10x_tim.o(i.TIM_TimeBaseInit)
    UART1NVIC_Configuration                  0x08007749   Thumb Code    32  usart.o(i.UART1NVIC_Configuration)
    USART1_IRQHandler                        0x08007769   Thumb Code    30  usart.o(i.USART1_IRQHandler)
    USART_ClearITPendingBit                  0x0800778d   Thumb Code    30  stm32f10x_usart.o(i.USART_ClearITPendingBit)
    USART_Cmd                                0x080077ab   Thumb Code    24  stm32f10x_usart.o(i.USART_Cmd)
    USART_Config                             0x080077c5   Thumb Code   132  usart.o(i.USART_Config)
    USART_GetFlagStatus                      0x08007851   Thumb Code    26  stm32f10x_usart.o(i.USART_GetFlagStatus)
    USART_GetITStatus                        0x0800786b   Thumb Code    84  stm32f10x_usart.o(i.USART_GetITStatus)
    USART_ITConfig                           0x080078bf   Thumb Code    74  stm32f10x_usart.o(i.USART_ITConfig)
    USART_Init                               0x08007909   Thumb Code   210  stm32f10x_usart.o(i.USART_Init)
    USART_ReceiveData                        0x080079e1   Thumb Code    10  stm32f10x_usart.o(i.USART_ReceiveData)
    USART_SendData                           0x080079eb   Thumb Code     8  stm32f10x_usart.o(i.USART_SendData)
    UsageFault_Handler                       0x080079f3   Thumb Code     4  stm32f10x_it.o(i.UsageFault_Handler)
    _MLPrintLog                              0x080079f7   Thumb Code   200  log_stm32.o(i._MLPrintLog)
    __0printf                                0x08007ac1   Thumb Code    22  printfa.o(i.__0printf)
    __1printf                                0x08007ac1   Thumb Code     0  printfa.o(i.__0printf)
    __2printf                                0x08007ac1   Thumb Code     0  printfa.o(i.__0printf)
    __c89printf                              0x08007ac1   Thumb Code     0  printfa.o(i.__0printf)
    printf                                   0x08007ac1   Thumb Code     0  printfa.o(i.__0printf)
    __0vsprintf                              0x08007ae1   Thumb Code    30  printfa.o(i.__0vsprintf)
    __1vsprintf                              0x08007ae1   Thumb Code     0  printfa.o(i.__0vsprintf)
    __2vsprintf                              0x08007ae1   Thumb Code     0  printfa.o(i.__0vsprintf)
    __c89vsprintf                            0x08007ae1   Thumb Code     0  printfa.o(i.__0vsprintf)
    vsprintf                                 0x08007ae1   Thumb Code     0  printfa.o(i.__0vsprintf)
    __ARM_fpclassify                         0x08007b05   Thumb Code    40  fpclassify.o(i.__ARM_fpclassify)
    __ARM_fpclassifyf                        0x08007b2d   Thumb Code    38  fpclassifyf.o(i.__ARM_fpclassifyf)
    __ieee754_rem_pio2                       0x08007b55   Thumb Code   828  rred.o(i.__ieee754_rem_pio2)
    __kernel_cos                             0x08007edd   Thumb Code   230  cos_i.o(i.__kernel_cos)
    __kernel_poly                            0x08007fd9   Thumb Code   170  poly.o(i.__kernel_poly)
    __kernel_sin                             0x08008085   Thumb Code   224  sin_i.o(i.__kernel_sin)
    __mathlib_dbl_divzero                    0x08008171   Thumb Code    12  dunder.o(i.__mathlib_dbl_divzero)
    __mathlib_dbl_infnan                     0x08008181   Thumb Code     6  dunder.o(i.__mathlib_dbl_infnan)
    __mathlib_dbl_invalid                    0x08008187   Thumb Code    12  dunder.o(i.__mathlib_dbl_invalid)
    __mathlib_dbl_underflow                  0x08008195   Thumb Code    10  dunder.o(i.__mathlib_dbl_underflow)
    __mathlib_flt_infnan                     0x080081a5   Thumb Code     6  funder.o(i.__mathlib_flt_infnan)
    __mathlib_flt_infnan2                    0x080081ab   Thumb Code     4  funder.o(i.__mathlib_flt_infnan2)
    __mathlib_flt_invalid                    0x080081af   Thumb Code     8  funder.o(i.__mathlib_flt_invalid)
    __mathlib_flt_underflow                  0x080081b7   Thumb Code    10  funder.o(i.__mathlib_flt_underflow)
    __mathlib_rredf2                         0x080081c1   Thumb Code   344  rredf.o(i.__mathlib_rredf2)
    __scatterload_copy                       0x0800835d   Thumb Code    14  handlers.o(i.__scatterload_copy)
    __scatterload_null                       0x0800836b   Thumb Code     2  handlers.o(i.__scatterload_null)
    __scatterload_zeroinit                   0x0800836d   Thumb Code    14  handlers.o(i.__scatterload_zeroinit)
    __set_errno                              0x0800837d   Thumb Code     6  errno.o(i.__set_errno)
    acosf                                    0x08009161   Thumb Code   242  acosf.o(i.acosf)
    atan2f                                   0x08009309   Thumb Code   528  atan2f.o(i.atan2f)
    cos                                      0x080096b1   Thumb Code   148  cos.o(i.cos)
    cosf                                     0x0800974d   Thumb Code   328  cosf.o(i.cosf)
    cycleCounterInit                         0x080098c9   Thumb Code    26  sysclock.o(i.cycleCounterInit)
    delay_ms                                 0x08009951   Thumb Code    34  sysclock.o(i.delay_ms)
    delay_us                                 0x08009973   Thumb Code    24  sysclock.o(i.delay_us)
    dmp_enable_6x_lp_quat                    0x0800998b   Thumb Code    60  inv_mpu_dmp_motion_driver.o(i.dmp_enable_6x_lp_quat)
    dmp_enable_feature                       0x080099c9   Thumb Code   530  inv_mpu_dmp_motion_driver.o(i.dmp_enable_feature)
    dmp_enable_gyro_cal                      0x08009be5   Thumb Code    62  inv_mpu_dmp_motion_driver.o(i.dmp_enable_gyro_cal)
    dmp_enable_lp_quat                       0x08009c3d   Thumb Code    60  inv_mpu_dmp_motion_driver.o(i.dmp_enable_lp_quat)
    dmp_get_fifo_rate                        0x08009c79   Thumb Code    12  inv_mpu_dmp_motion_driver.o(i.dmp_get_fifo_rate)
    dmp_load_motion_driver_firmware          0x08009c89   Thumb Code    20  inv_mpu_dmp_motion_driver.o(i.dmp_load_motion_driver_firmware)
    dmp_read_fifo                            0x08009ca1   Thumb Code   456  inv_mpu_dmp_motion_driver.o(i.dmp_read_fifo)
    dmp_register_android_orient_cb           0x08009e6d   Thumb Code    10  inv_mpu_dmp_motion_driver.o(i.dmp_register_android_orient_cb)
    dmp_register_tap_cb                      0x08009e7d   Thumb Code    10  inv_mpu_dmp_motion_driver.o(i.dmp_register_tap_cb)
    dmp_set_fifo_rate                        0x08009e8d   Thumb Code    96  inv_mpu_dmp_motion_driver.o(i.dmp_set_fifo_rate)
    dmp_set_interrupt_mode                   0x08009efd   Thumb Code    66  inv_mpu_dmp_motion_driver.o(i.dmp_set_interrupt_mode)
    dmp_set_orientation                      0x08009f59   Thumb Code   290  inv_mpu_dmp_motion_driver.o(i.dmp_set_orientation)
    dmp_set_pedometer_step_count             0x0800a091   Thumb Code    42  inv_mpu_dmp_motion_driver.o(i.dmp_set_pedometer_step_count)
    dmp_set_pedometer_walk_time              0x0800a0bb   Thumb Code    48  inv_mpu_dmp_motion_driver.o(i.dmp_set_pedometer_walk_time)
    dmp_set_shake_reject_thresh              0x0800a0eb   Thumb Code    56  inv_mpu_dmp_motion_driver.o(i.dmp_set_shake_reject_thresh)
    dmp_set_shake_reject_time                0x0800a123   Thumb Code    38  inv_mpu_dmp_motion_driver.o(i.dmp_set_shake_reject_time)
    dmp_set_shake_reject_timeout             0x0800a149   Thumb Code    38  inv_mpu_dmp_motion_driver.o(i.dmp_set_shake_reject_timeout)
    dmp_set_tap_axes                         0x0800a16f   Thumb Code    70  inv_mpu_dmp_motion_driver.o(i.dmp_set_tap_axes)
    dmp_set_tap_count                        0x0800a1b5   Thumb Code    38  inv_mpu_dmp_motion_driver.o(i.dmp_set_tap_count)
    dmp_set_tap_thresh                       0x0800a1dd   Thumb Code   396  inv_mpu_dmp_motion_driver.o(i.dmp_set_tap_thresh)
    dmp_set_tap_time                         0x0800a37d   Thumb Code    38  inv_mpu_dmp_motion_driver.o(i.dmp_set_tap_time)
    dmp_set_tap_time_multi                   0x0800a3a3   Thumb Code    38  inv_mpu_dmp_motion_driver.o(i.dmp_set_tap_time_multi)
    fPutChar                                 0x0800a3c9   Thumb Code    30  usart.o(i.fPutChar)
    floor                                    0x0800a3ed   Thumb Code   204  floor.o(i.floor)
    fputc                                    0x0800a4c9   Thumb Code    24  usart.o(i.fputc)
    get_ms                                   0x0800a4e5   Thumb Code     2  inv_mpu.o(i.get_ms)
    handle_input                             0x0800b001   Thumb Code  1140  mpu_userapi.o(i.handle_input)
    inv_accel_was_turned_off                 0x0800b495   Thumb Code     8  data_builder.o(i.inv_accel_was_turned_off)
    inv_apply_calibration                    0x0800b4a1   Thumb Code   106  data_builder.o(i.inv_apply_calibration)
    inv_build_accel                          0x0800b50d   Thumb Code   128  data_builder.o(i.inv_build_accel)
    inv_build_compass                        0x0800b599   Thumb Code   168  data_builder.o(i.inv_build_compass)
    inv_build_gyro                           0x0800b649   Thumb Code    46  data_builder.o(i.inv_build_gyro)
    inv_build_temp                           0x0800b681   Thumb Code    38  data_builder.o(i.inv_build_temp)
    inv_compass_angle                        0x0800b6ad   Thumb Code   162  ml_math_func.o(i.inv_compass_angle)
    inv_compass_was_turned_off               0x0800b751   Thumb Code    10  data_builder.o(i.inv_compass_was_turned_off)
    inv_convert_to_body_with_scale           0x0800b761   Thumb Code   114  ml_math_func.o(i.inv_convert_to_body_with_scale)
    inv_disable_compass_soft_iron_matrix     0x0800b83d   Thumb Code    10  data_builder.o(i.inv_disable_compass_soft_iron_matrix)
    inv_enable_eMPL_outputs                  0x0800b84d   Thumb Code    22  empl_outputs.o(i.inv_enable_eMPL_outputs)
    inv_enable_results_holder                0x0800b869   Thumb Code    26  results_holder.o(i.inv_enable_results_holder)
    inv_execute_mpl_start_notification       0x0800b889   Thumb Code    40  start_manager.o(i.inv_execute_mpl_start_notification)
    inv_execute_on_data                      0x0800b8b5   Thumb Code   152  data_builder.o(i.inv_execute_on_data)
    inv_generate_results                     0x0800ba45   Thumb Code    12  results_holder.o(i.inv_generate_results)
    inv_get_6axis_quaternion                 0x0800ba55   Thumb Code    18  results_holder.o(i.inv_get_6axis_quaternion)
    inv_get_acc_state                        0x0800ba6d   Thumb Code     6  results_holder.o(i.inv_get_acc_state)
    inv_get_accel_accuracy                   0x0800ba79   Thumb Code     6  data_builder.o(i.inv_get_accel_accuracy)
    inv_get_accel_on                         0x0800ba85   Thumb Code    12  data_builder.o(i.inv_get_accel_on)
    inv_get_accel_set                        0x0800ba95   Thumb Code    40  data_builder.o(i.inv_get_accel_set)
    inv_get_compass_bias                     0x0800bac1   Thumb Code    18  data_builder.o(i.inv_get_compass_bias)
    inv_get_compass_correction               0x0800bad9   Thumb Code    20  results_holder.o(i.inv_get_compass_correction)
    inv_get_compass_on                       0x0800baf1   Thumb Code    12  data_builder.o(i.inv_get_compass_on)
    inv_get_compass_set                      0x0800bb01   Thumb Code    58  data_builder.o(i.inv_get_compass_set)
    inv_get_compass_soft_iron_output_data    0x0800bb45   Thumb Code    24  data_builder.o(i.inv_get_compass_soft_iron_output_data)
    inv_get_compass_state                    0x0800bb61   Thumb Code     6  results_holder.o(i.inv_get_compass_state)
    inv_get_gravity                          0x0800bb6d   Thumb Code    90  results_holder.o(i.inv_get_gravity)
    inv_get_gyro                             0x0800bbcd   Thumb Code    12  data_builder.o(i.inv_get_gyro)
    inv_get_gyro_accuracy                    0x0800bbdd   Thumb Code     6  data_builder.o(i.inv_get_gyro_accuracy)
    inv_get_gyro_bias                        0x0800bbe9   Thumb Code    32  data_builder.o(i.inv_get_gyro_bias)
    inv_get_gyro_bias_tc_set                 0x0800bc0d   Thumb Code    26  data_builder.o(i.inv_get_gyro_bias_tc_set)
    inv_get_gyro_on                          0x0800bc2d   Thumb Code    10  data_builder.o(i.inv_get_gyro_on)
    inv_get_gyro_sum_of_sqr                  0x0800bc3d   Thumb Code    28  ml_math_func.o(i.inv_get_gyro_sum_of_sqr)
    inv_get_large_mag_field                  0x0800bc59   Thumb Code     6  results_holder.o(i.inv_get_large_mag_field)
    inv_get_last_timestamp                   0x0800bc65   Thumb Code    98  data_builder.o(i.inv_get_last_timestamp)
    inv_get_linear_accel                     0x0800bccd   Thumb Code    60  results_holder.o(i.inv_get_linear_accel)
    inv_get_linear_accel_float               0x0800bd09   Thumb Code    56  results_holder.o(i.inv_get_linear_accel_float)
    inv_get_local_field                      0x0800bd41   Thumb Code    12  results_holder.o(i.inv_get_local_field)
    inv_get_mag_accuracy                     0x0800bd51   Thumb Code    20  data_builder.o(i.inv_get_mag_accuracy)
    inv_get_motion_state                     0x0800bd6d   Thumb Code    16  results_holder.o(i.inv_get_motion_state)
    inv_get_quaternion                       0x0800bd81   Thumb Code    54  results_holder.o(i.inv_get_quaternion)
    inv_get_quaternion_set                   0x0800bdbd   Thumb Code    68  results_holder.o(i.inv_get_quaternion_set)
    inv_get_sensor_type_euler                0x0800be01   Thumb Code   536  empl_outputs.o(i.inv_get_sensor_type_euler)
    inv_get_sensor_type_gravity              0x0800c031   Thumb Code    86  hal_outputs.o(i.inv_get_sensor_type_gravity)
    inv_got_compass_bias                     0x0800c091   Thumb Code     6  results_holder.o(i.inv_got_compass_bias)
    inv_gyro_was_turned_off                  0x0800c09d   Thumb Code     8  data_builder.o(i.inv_gyro_was_turned_off)
    inv_init_data_builder                    0x0800c0a9   Thumb Code    42  data_builder.o(i.inv_init_data_builder)
    inv_init_mpl                             0x0800c0f9   Thumb Code   106  mpl.o(i.inv_init_mpl)
    inv_init_results_holder                  0x0800c17d   Thumb Code    46  results_holder.o(i.inv_init_results_holder)
    inv_init_start_manager                   0x0800c1b5   Thumb Code    14  start_manager.o(i.inv_init_start_manager)
    inv_init_storage_manager                 0x0800c1c9   Thumb Code    20  storage_manager.o(i.inv_init_storage_manager)
    inv_orientation_matrix_to_scalar         0x0800c1e1   Thumb Code    40  ml_math_func.o(i.inv_orientation_matrix_to_scalar)
    inv_q29_mult                             0x0800c209   Thumb Code    18  ml_math_func.o(i.inv_q29_mult)
    inv_q30_mult                             0x0800c21b   Thumb Code    18  ml_math_func.o(i.inv_q30_mult)
    inv_q_add                                0x0800c243   Thumb Code    36  ml_math_func.o(i.inv_q_add)
    inv_q_addf                               0x0800c267   Thumb Code    50  ml_math_func.o(i.inv_q_addf)
    inv_q_invert                             0x0800c299   Thumb Code    24  ml_math_func.o(i.inv_q_invert)
    inv_q_invertf                            0x0800c2b1   Thumb Code    30  ml_math_func.o(i.inv_q_invertf)
    inv_q_mult                               0x0800c2cf   Thumb Code   178  ml_math_func.o(i.inv_q_mult)
    inv_q_multf                              0x0800c381   Thumb Code   270  ml_math_func.o(i.inv_q_multf)
    inv_q_norm4                              0x0800c48f   Thumb Code   146  ml_math_func.o(i.inv_q_norm4)
    inv_q_normalizef                         0x0800c521   Thumb Code   366  ml_math_func.o(i.inv_q_normalizef)
    inv_q_rotate                             0x0800c68f   Thumb Code    66  ml_math_func.o(i.inv_q_rotate)
    inv_quaternion_sensor_was_turned_off     0x0800c6d1   Thumb Code    10  data_builder.o(i.inv_quaternion_sensor_was_turned_off)
    inv_quaternion_to_rotation               0x0800c6e1   Thumb Code   218  ml_math_func.o(i.inv_quaternion_to_rotation)
    inv_register_data_cb                     0x0800c7bd   Thumb Code   234  data_builder.o(i.inv_register_data_cb)
    inv_register_load_store                  0x0800c8b5   Thumb Code   138  storage_manager.o(i.inv_register_load_store)
    inv_register_mpl_start_notification      0x0800c945   Thumb Code    38  start_manager.o(i.inv_register_mpl_start_notification)
    inv_reset_compass_soft_iron_matrix       0x0800c971   Thumb Code    70  data_builder.o(i.inv_reset_compass_soft_iron_matrix)
    inv_set_accel_accuracy                   0x0800ca0d   Thumb Code    26  data_builder.o(i.inv_set_accel_accuracy)
    inv_set_accel_bias                       0x0800ca31   Thumb Code    64  data_builder.o(i.inv_set_accel_bias)
    inv_set_accel_bias_found                 0x0800ca7d   Thumb Code     6  results_holder.o(i.inv_set_accel_bias_found)
    inv_set_accel_bias_mask                  0x0800ca89   Thumb Code    84  data_builder.o(i.inv_set_accel_bias_mask)
    inv_set_accel_orientation_and_scale      0x0800cae9   Thumb Code    18  data_builder.o(i.inv_set_accel_orientation_and_scale)
    inv_set_accel_sample_rate                0x0800cb01   Thumb Code    36  data_builder.o(i.inv_set_accel_sample_rate)
    inv_set_compass_bias                     0x0800cb2d   Thumb Code    66  data_builder.o(i.inv_set_compass_bias)
    inv_set_compass_bias_error               0x0800cb79   Thumb Code    14  results_holder.o(i.inv_set_compass_bias_error)
    inv_set_compass_bias_found               0x0800cb8d   Thumb Code     6  results_holder.o(i.inv_set_compass_bias_found)
    inv_set_compass_correction               0x0800cb99   Thumb Code    30  results_holder.o(i.inv_set_compass_correction)
    inv_set_compass_disturbance              0x0800cbbd   Thumb Code     8  data_builder.o(i.inv_set_compass_disturbance)
    inv_set_compass_orientation_and_scale    0x0800cbc9   Thumb Code    18  data_builder.o(i.inv_set_compass_orientation_and_scale)
    inv_set_compass_sample_rate              0x0800cbe1   Thumb Code    40  data_builder.o(i.inv_set_compass_sample_rate)
    inv_set_compass_soft_iron_input_data     0x0800cc11   Thumb Code    74  data_builder.o(i.inv_set_compass_soft_iron_input_data)
    inv_set_compass_state                    0x0800cc65   Thumb Code     6  results_holder.o(i.inv_set_compass_state)
    inv_set_gyro_bias                        0x0800cd91   Thumb Code   102  data_builder.o(i.inv_set_gyro_bias)
    inv_set_gyro_orientation_and_scale       0x0800ce05   Thumb Code    18  data_builder.o(i.inv_set_gyro_orientation_and_scale)
    inv_set_gyro_sample_rate                 0x0800ce1d   Thumb Code    32  data_builder.o(i.inv_set_gyro_sample_rate)
    inv_set_message                          0x0800ce45   Thumb Code    24  message_layer.o(i.inv_set_message)
    inv_set_motion_state                     0x0800ce61   Thumb Code    74  results_holder.o(i.inv_set_motion_state)
    inv_set_quat_sample_rate                 0x0800ceb1   Thumb Code    22  data_builder.o(i.inv_set_quat_sample_rate)
    inv_start_mpl                            0x0800cee1   Thumb Code    38  mpl.o(i.inv_start_mpl)
    inv_start_results_holder                 0x0800cf21   Thumb Code    18  results_holder.o(i.inv_start_results_holder)
    inv_store_gaming_quaternion              0x0800cf39   Thumb Code    30  results_holder.o(i.inv_store_gaming_quaternion)
    inv_unregister_data_cb                   0x0800cf5d   Thumb Code    96  data_builder.o(i.inv_unregister_data_cb)
    inv_unregister_mpl_start_notification    0x0800cfc1   Thumb Code    92  start_manager.o(i.inv_unregister_mpl_start_notification)
    log                                      0x0800d021   Thumb Code   808  log.o(i.log)
    main                                     0x0800d37d   Thumb Code   326  main.o(i.main)
    micros                                   0x0800d575   Thumb Code    58  sysclock.o(i.micros)
    mlMatrixVectorMult                       0x0800d5b9   Thumb Code    62  ml_math_func.o(i.mlMatrixVectorMult)
    mpu9250_initialize                       0x0800d5f9   Thumb Code   438  mpu_userapi.o(i.mpu9250_initialize)
    mpu_configure_fifo                       0x0800d899   Thumb Code   106  inv_mpu.o(i.mpu_configure_fifo)
    mpu_get_accel_fsr                        0x0800d909   Thumb Code    72  inv_mpu.o(i.mpu_get_accel_fsr)
    mpu_get_accel_sens                       0x0800d955   Thumb Code    78  inv_mpu.o(i.mpu_get_accel_sens)
    mpu_get_compass_fsr                      0x0800d9a9   Thumb Code    14  inv_mpu.o(i.mpu_get_compass_fsr)
    mpu_get_compass_reg                      0x0800d9bd   Thumb Code   208  inv_mpu.o(i.mpu_get_compass_reg)
    mpu_get_fifo_config                      0x0800da91   Thumb Code    12  inv_mpu.o(i.mpu_get_fifo_config)
    mpu_get_gyro_fsr                         0x0800daa1   Thumb Code    64  inv_mpu.o(i.mpu_get_gyro_fsr)
    mpu_get_gyro_sens                        0x0800dae5   Thumb Code    58  inv_mpu.o(i.mpu_get_gyro_sens)
    mpu_get_lpf                              0x0800db35   Thumb Code    74  inv_mpu.o(i.mpu_get_lpf)
    mpu_get_sample_rate                      0x0800db85   Thumb Code    26  inv_mpu.o(i.mpu_get_sample_rate)
    mpu_get_temperature                      0x0800dba5   Thumb Code   150  inv_mpu.o(i.mpu_get_temperature)
    mpu_init                                 0x0800dc45   Thumb Code   306  inv_mpu.o(i.mpu_init)
    mpu_load_firmware                        0x0800ddb1   Thumb Code   180  inv_mpu.o(i.mpu_load_firmware)
    mpu_lp_accel_mode                        0x0800de69   Thumb Code   280  inv_mpu.o(i.mpu_lp_accel_mode)
    mpu_mpl_get_data                         0x0800df85   Thumb Code   296  mpu_userapi.o(i.mpu_mpl_get_data)
    mpu_read_fifo_stream                     0x0800e0b5   Thumb Code   186  inv_mpu.o(i.mpu_read_fifo_stream)
    mpu_read_mem                             0x0800e175   Thumb Code   122  inv_mpu.o(i.mpu_read_mem)
    mpu_reg_dump                             0x0800e1f5   Thumb Code    84  inv_mpu.o(i.mpu_reg_dump)
    mpu_reset_fifo                           0x0800e25d   Thumb Code   450  inv_mpu.o(i.mpu_reset_fifo)
    mpu_run_6500_self_test                   0x0800e425   Thumb Code   384  inv_mpu.o(i.mpu_run_6500_self_test)
    mpu_set_accel_fsr                        0x0800e6c1   Thumb Code   126  inv_mpu.o(i.mpu_set_accel_fsr)
    mpu_set_bypass                           0x0800e745   Thumb Code   328  inv_mpu.o(i.mpu_set_bypass)
    mpu_set_compass_sample_rate              0x0800e891   Thumb Code    92  inv_mpu.o(i.mpu_set_compass_sample_rate)
    mpu_set_dmp_state                        0x0800e8f1   Thumb Code   138  inv_mpu.o(i.mpu_set_dmp_state)
    mpu_set_gyro_fsr                         0x0800e981   Thumb Code   132  inv_mpu.o(i.mpu_set_gyro_fsr)
    mpu_set_int_latched                      0x0800ea09   Thumb Code   102  inv_mpu.o(i.mpu_set_int_latched)
    mpu_set_lpf                              0x0800ea75   Thumb Code   126  inv_mpu.o(i.mpu_set_lpf)
    mpu_set_sample_rate                      0x0800eaf9   Thumb Code   174  inv_mpu.o(i.mpu_set_sample_rate)
    mpu_set_sensors                          0x0800ebad   Thumb Code   354  inv_mpu.o(i.mpu_set_sensors)
    mpu_write_mem                            0x0800ed15   Thumb Code   122  inv_mpu.o(i.mpu_write_mem)
    send_status_compass                      0x0800ef9d   Thumb Code   138  mpu_userapi.o(i.send_status_compass)
    set_sensor_orientation_and_scale         0x0800f0e5   Thumb Code     6  data_builder.o(i.set_sensor_orientation_and_scale)
    sinf                                     0x0800f3dd   Thumb Code   338  sinf.o(i.sinf)
    sqrt                                     0x0800f565   Thumb Code    76  sqrt.o(i.sqrt)
    sqrtf                                    0x0800f5b1   Thumb Code    44  sqrtf.o(i.sqrtf)
    reg                                      0x0800f688   Data          42  inv_mpu.o(.constdata)
    hw                                       0x0800f6b2   Data          14  inv_mpu.o(.constdata)
    test                                     0x0800f6c0   Data          48  inv_mpu.o(.constdata)
    ml_ver                                   0x080104e6   Data          20  mpl.o(.constdata)
    __mathlib_zero                           0x08010580   Data           8  qnan.o(.constdata)
    Region$$Table$$Base                      0x08010730   Number         0  anon$$obj.o(Region$$Table)
    Region$$Table$$Limit                     0x08010750   Number         0  anon$$obj.o(Region$$Table)
    SystemCoreClock                          0x20000000   Data           4  system_stm32f10x.o(.data)
    AHBPrescTable                            0x20000004   Data          16  system_stm32f10x.o(.data)
    SysClock                                 0x20000014   Data           1  sysclock.o(.data)
    sysTickUptime                            0x2000001c   Data           4  sysclock.o(.data)
    ZHONGZHI_PIT                             0x20000020   Data           4  control.o(.data)
    ZHONGZHI_ROL                             0x20000024   Data           4  control.o(.data)
    ZHONGZHI_YAW                             0x20000028   Data           4  control.o(.data)
    angular_speed_X                          0x2000002c   Data           4  control.o(.data)
    angular_speed_Y                          0x20000030   Data           4  control.o(.data)
    e_I_Y                                    0x20000044   Data           4  control.o(.data)
    e_I_X                                    0x20000048   Data           4  control.o(.data)
    PWM_X                                    0x20000076   Data           2  control.o(.data)
    PWM_Y                                    0x20000078   Data           2  control.o(.data)
    PWM_YAW                                  0x2000007a   Data           2  control.o(.data)
    MOTO_PWM                                 0x2000007c   Data           8  control.o(.data)
    __stdout                                 0x200000a8   Data           4  usart.o(.data)
    CAPTURE_STA_TIM2CH                       0x200000ac   Data           4  tim2.o(.data)
    CAPTURE_VAL_TIM2CH                       0x200000b0   Data           8  tim2.o(.data)
    CAPTURE_UP_TIM2CH                        0x200000b8   Data           8  tim2.o(.data)
    CAPTURE_DOWN_TIM2CH                      0x200000c0   Data           8  tim2.o(.data)
    CAPTURE_STA_TIM4CH                       0x200000c8   Data           2  tim4.o(.data)
    CAPTURE_VAL_TIM4CH                       0x200000ca   Data           4  tim4.o(.data)
    CAPTURE_UP_TIM4CH                        0x200000ce   Data           4  tim4.o(.data)
    CAPTURE_DOWN_TIM4CH                      0x200000d2   Data           4  tim4.o(.data)
    hal_timestamp                            0x20000110   Data           4  mpu_userapi.o(.data)
    rx_new                                   0x20000114   Data           1  mpu_userapi.o(.data)
    mpl_key                                  0x20000118   Data           4  mpu_userapi.o(.data)
    myControl                                0x20000148   Data          44  control.o(.bss)
    cb                                       0x200007e0   Data         232  compass_vec_cal.o(.bss)
    cb_test                                  0x200008c8   Data         232  compass_vec_cal.o(.bss)
    cb_sim                                   0x200009b0   Data         232  compass_vec_cal.o(.bss)
    vc                                       0x20000a98   Data         424  compass_vec_cal.o(.bss)
    fnm                                      0x20000c40   Data         608  fast_no_motion.o(.bss)
    s9axis                                   0x20000ee0   Data         312  fusion_9axis.o(.bss)
    mag_disturb                              0x200011dc   Data         184  mag_disturb.o(.bss)
    __initial_sp                             0x20001bb8   Data           0  startup_stm32f10x_md.o(STACK)



==============================================================================

Memory Map of the image

  Image Entry point : 0x080000ed

  Load Region LR_IROM1 (Base: 0x08000000, Size: 0x00010898, Max: 0x00020000, ABSOLUTE, COMPRESSED[0x000107a4])

    Execution Region ER_IROM1 (Base: 0x08000000, Size: 0x00010750, Max: 0x00020000, ABSOLUTE)

    Base Addr    Size         Type   Attr      Idx    E Section Name        Object

    0x08000000   0x000000ec   Data   RO          132    RESET               startup_stm32f10x_md.o
    0x080000ec   0x00000000   Code   RO         4609  * .ARM.Collect$$$$00000000  mc_w.l(entry.o)
    0x080000ec   0x00000004   Code   RO         4991    .ARM.Collect$$$$00000001  mc_w.l(entry2.o)
    0x080000f0   0x00000004   Code   RO         4994    .ARM.Collect$$$$00000004  mc_w.l(entry5.o)
    0x080000f4   0x00000000   Code   RO         4996    .ARM.Collect$$$$00000008  mc_w.l(entry7b.o)
    0x080000f4   0x00000000   Code   RO         4998    .ARM.Collect$$$$0000000A  mc_w.l(entry8b.o)
    0x080000f4   0x00000008   Code   RO         4999    .ARM.Collect$$$$0000000B  mc_w.l(entry9a.o)
    0x080000fc   0x00000000   Code   RO         5001    .ARM.Collect$$$$0000000D  mc_w.l(entry10a.o)
    0x080000fc   0x00000000   Code   RO         5003    .ARM.Collect$$$$0000000F  mc_w.l(entry11a.o)
    0x080000fc   0x00000004   Code   RO         4992    .ARM.Collect$$$$00002712  mc_w.l(entry2.o)
    0x08000100   0x00000024   Code   RO          133    .text               startup_stm32f10x_md.o
    0x08000124   0x00001e5c   Code   RO         4239    .text               libmpllib.lib(compass_vec_cal.o)
    0x08001f80   0x000009f4   Code   RO         4329    .text               libmpllib.lib(fast_no_motion.o)
    0x08002974   0x0000065c   Code   RO         4362    .text               libmpllib.lib(fusion_9axis.o)
    0x08002fd0   0x000004bc   Code   RO         4384    .text               libmpllib.lib(gyro_tc.o)
    0x0800348c   0x00000550   Code   RO         4402    .text               libmpllib.lib(mag_disturb.o)
    0x080039dc   0x00000940   Code   RO         4424    .text               libmpllib.lib(quaternion_supervisor.o)
    0x0800431c   0x00000aec   Code   RO         4442    .text               libmpllib.lib(accel_auto_cal.o)
    0x08004e08   0x00000062   Code   RO         4612    .text               mc_w.l(ldiv.o)
    0x08004e6a   0x0000001e   Code   RO         4614    .text               mc_w.l(llshl.o)
    0x08004e88   0x00000024   Code   RO         4616    .text               mc_w.l(llsshr.o)
    0x08004eac   0x00000040   Code   RO         4620    .text               mc_w.l(memmovea.o)
    0x08004eec   0x00000024   Code   RO         4622    .text               mc_w.l(memseta.o)
    0x08004f10   0x0000001a   Code   RO         4624    .text               mc_w.l(memcmp.o)
    0x08004f2a   0x000000b0   Code   RO         4891    .text               mf_w.l(fadd.o)
    0x08004fda   0x00000064   Code   RO         4893    .text               mf_w.l(fmul.o)
    0x0800503e   0x0000007c   Code   RO         4895    .text               mf_w.l(fdiv.o)
    0x080050ba   0x00000018   Code   RO         4897    .text               mf_w.l(fscalb.o)
    0x080050d2   0x0000014e   Code   RO         4899    .text               mf_w.l(dadd.o)
    0x08005220   0x000000e4   Code   RO         4901    .text               mf_w.l(dmul.o)
    0x08005304   0x000000de   Code   RO         4903    .text               mf_w.l(ddiv.o)
    0x080053e2   0x0000002e   Code   RO         4905    .text               mf_w.l(dscalb.o)
    0x08005410   0x00000012   Code   RO         4907    .text               mf_w.l(fflti.o)
    0x08005422   0x0000000a   Code   RO         4909    .text               mf_w.l(ffltui.o)
    0x0800542c   0x0000002c   Code   RO         4911    .text               mf_w.l(ffltl.o)
    0x08005458   0x00000022   Code   RO         4913    .text               mf_w.l(dflti.o)
    0x0800547a   0x0000001a   Code   RO         4915    .text               mf_w.l(dfltui.o)
    0x08005494   0x00000032   Code   RO         4917    .text               mf_w.l(ffixi.o)
    0x080054c6   0x00000028   Code   RO         4919    .text               mf_w.l(ffixui.o)
    0x080054ee   0x00000042   Code   RO         4921    .text               mf_w.l(ffixl.o)
    0x08005530   0x0000003e   Code   RO         4923    .text               mf_w.l(dfixi.o)
    0x0800556e   0x00000032   Code   RO         4925    .text               mf_w.l(dfixui.o)
    0x080055a0   0x00000026   Code   RO         4927    .text               mf_w.l(f2d.o)
    0x080055c6   0x00000002   PAD
    0x080055c8   0x00000030   Code   RO         4929    .text               mf_w.l(cdcmple.o)
    0x080055f8   0x00000030   Code   RO         4931    .text               mf_w.l(cdrcmple.o)
    0x08005628   0x00000038   Code   RO         4933    .text               mf_w.l(d2f.o)
    0x08005660   0x00000014   Code   RO         4935    .text               mf_w.l(cfcmple.o)
    0x08005674   0x00000014   Code   RO         4937    .text               mf_w.l(cfrcmple.o)
    0x08005688   0x0000002c   Code   RO         5005    .text               mc_w.l(uidiv.o)
    0x080056b4   0x00000062   Code   RO         5007    .text               mc_w.l(uldiv.o)
    0x08005716   0x00000020   Code   RO         5009    .text               mc_w.l(llushr.o)
    0x08005736   0x00000000   Code   RO         5018    .text               mc_w.l(iusefp.o)
    0x08005736   0x0000006e   Code   RO         5019    .text               mf_w.l(fepilogue.o)
    0x080057a4   0x0000005e   Code   RO         5021    .text               mf_w.l(fsqrt.o)
    0x08005802   0x0000003c   Code   RO         5023    .text               mf_w.l(frnd.o)
    0x0800583e   0x000000ba   Code   RO         5025    .text               mf_w.l(depilogue.o)
    0x080058f8   0x000000a2   Code   RO         5027    .text               mf_w.l(dsqrt.o)
    0x0800599a   0x00000030   Code   RO         5029    .text               mf_w.l(dfixul.o)
    0x080059ca   0x00000002   PAD
    0x080059cc   0x00000024   Code   RO         5031    .text               mc_w.l(init.o)
    0x080059f0   0x00000056   Code   RO         5041    .text               mc_w.l(__dczerorl2.o)
    0x08005a46   0x00000004   Code   RO          301    i.BusFault_Handler  stm32f10x_it.o
    0x08005a4a   0x00000002   PAD
    0x08005a4c   0x00000044   Code   RO          425    i.ClearStructMyControl  control.o
    0x08005a90   0x00000058   Code   RO          426    i.Deal_Pwm          control.o
    0x08005ae8   0x00000002   Code   RO          302    i.DebugMon_Handler  stm32f10x_it.o
    0x08005aea   0x00000002   PAD
    0x08005aec   0x00000058   Code   RO          427    i.Direction_Control  control.o
    0x08005b44   0x0000001c   Code   RO          941    i.FLASH_PrefetchBufferCmd  stm32f10x_flash.o
    0x08005b60   0x00000018   Code   RO          946    i.FLASH_SetLatency  stm32f10x_flash.o
    0x08005b78   0x00000116   Code   RO          526    i.GPIO_Init         stm32f10x_gpio.o
    0x08005c8e   0x00000004   Code   RO          303    i.HardFault_Handler  stm32f10x_it.o
    0x08005c92   0x00000002   PAD
    0x08005c94   0x0000004c   Code   RO         1981    i.IIC_Ack           i2c.o
    0x08005ce0   0x0000004c   Code   RO         1982    i.IIC_Init          i2c.o
    0x08005d2c   0x0000004c   Code   RO         1983    i.IIC_NAck          i2c.o
    0x08005d78   0x00000070   Code   RO         1984    i.IIC_Read_Byte     i2c.o
    0x08005de8   0x00000068   Code   RO         1985    i.IIC_Send_Byte     i2c.o
    0x08005e50   0x0000004c   Code   RO         1986    i.IIC_Start         i2c.o
    0x08005e9c   0x0000004c   Code   RO         1987    i.IIC_Stop          i2c.o
    0x08005ee8   0x00000068   Code   RO         1988    i.IIC_Wait_Ack      i2c.o
    0x08005f50   0x0000007c   Code   RO         1989    i.IICreadBytes      i2c.o
    0x08005fcc   0x00000062   Code   RO         1990    i.IICwriteBytes     i2c.o
    0x0800602e   0x00000002   PAD
    0x08006030   0x00000230   Code   RO          428    i.Inner_PID         control.o
    0x08006260   0x00000004   Code   RO          304    i.MemManage_Handler  stm32f10x_it.o
    0x08006264   0x000000b0   Code   RO         2117    i.Motor_Set         pca9685.o
    0x08006314   0x00000002   Code   RO          305    i.NMI_Handler       stm32f10x_it.o
    0x08006316   0x00000002   PAD
    0x08006318   0x00000070   Code   RO          484    i.NVIC_Init         misc.o
    0x08006388   0x00000068   Code   RO          429    i.Outter_PID        control.o
    0x080063f0   0x00000058   Code   RO         2118    i.PCA9685_Read_Byte  pca9685.o
    0x08006448   0x0000003a   Code   RO         2120    i.PCA9685_SetPWM    pca9685.o
    0x08006482   0x00000002   PAD
    0x08006484   0x000000bc   Code   RO         2121    i.PCA9685_SetPWMFreq  pca9685.o
    0x08006540   0x0000004e   Code   RO         2122    i.PCA9685_Write_Byte  pca9685.o
    0x0800658e   0x00000002   Code   RO          306    i.PendSV_Handler    stm32f10x_it.o
    0x08006590   0x00000020   Code   RO          726    i.RCC_APB1PeriphClockCmd  stm32f10x_rcc.o
    0x080065b0   0x00000020   Code   RO          728    i.RCC_APB2PeriphClockCmd  stm32f10x_rcc.o
    0x080065d0   0x0000004c   Code   RO          735    i.RCC_DeInit        stm32f10x_rcc.o
    0x0800661c   0x000000d4   Code   RO          736    i.RCC_GetClocksFreq  stm32f10x_rcc.o
    0x080066f0   0x0000003c   Code   RO          737    i.RCC_GetFlagStatus  stm32f10x_rcc.o
    0x0800672c   0x00000010   Code   RO          739    i.RCC_GetSYSCLKSource  stm32f10x_rcc.o
    0x0800673c   0x00000018   Code   RO          740    i.RCC_HCLKConfig    stm32f10x_rcc.o
    0x08006754   0x0000004c   Code   RO          741    i.RCC_HSEConfig     stm32f10x_rcc.o
    0x080067a0   0x00000034   Code   RO          744    i.RCC_LSEConfig     stm32f10x_rcc.o
    0x080067d4   0x00000018   Code   RO          747    i.RCC_PCLK1Config   stm32f10x_rcc.o
    0x080067ec   0x00000018   Code   RO          748    i.RCC_PCLK2Config   stm32f10x_rcc.o
    0x08006804   0x0000000c   Code   RO          749    i.RCC_PLLCmd        stm32f10x_rcc.o
    0x08006810   0x0000001c   Code   RO          750    i.RCC_PLLConfig     stm32f10x_rcc.o
    0x0800682c   0x00000018   Code   RO          753    i.RCC_SYSCLKConfig  stm32f10x_rcc.o
    0x08006844   0x00000038   Code   RO          755    i.RCC_WaitForHSEStartUp  stm32f10x_rcc.o
    0x0800687c   0x00000002   Code   RO          307    i.SVC_Handler       stm32f10x_it.o
    0x0800687e   0x00000008   Code   RO           17    i.SetSysClock       system_stm32f10x.o
    0x08006886   0x00000002   PAD
    0x08006888   0x000000e0   Code   RO           18    i.SetSysClockTo72   system_stm32f10x.o
    0x08006968   0x00000070   Code   RO          364    i.SetSysClockToHSE  sysclock.o
    0x080069d8   0x00000184   Code   RO          431    i.Set_Pwm           control.o
    0x08006b5c   0x00000010   Code   RO          365    i.SysTick_Handler   sysclock.o
    0x08006b6c   0x00000060   Code   RO           20    i.SystemInit        system_stm32f10x.o
    0x08006bcc   0x00000080   Code   RO         1278    i.TI1_Config        stm32f10x_tim.o
    0x08006c4c   0x00000098   Code   RO         1279    i.TI2_Config        stm32f10x_tim.o
    0x08006ce4   0x00000090   Code   RO         1280    i.TI3_Config        stm32f10x_tim.o
    0x08006d74   0x00000098   Code   RO         1281    i.TI4_Config        stm32f10x_tim.o
    0x08006e0c   0x0000012c   Code   RO         2159    i.TIM2_CAP_Init     tim2.o
    0x08006f38   0x0000031c   Code   RO         2160    i.TIM2_IRQHandler   tim2.o
    0x08007254   0x000000ec   Code   RO         2180    i.TIM4_CAP_Init     tim4.o
    0x08007340   0x00000190   Code   RO         2181    i.TIM4_IRQHandler   tim4.o
    0x080074d0   0x00000006   Code   RO         1288    i.TIM_ClearFlag     stm32f10x_tim.o
    0x080074d6   0x00000018   Code   RO         1294    i.TIM_Cmd           stm32f10x_tim.o
    0x080074ee   0x00000006   Code   RO         1309    i.TIM_GetCapture1   stm32f10x_tim.o
    0x080074f4   0x00000006   Code   RO         1310    i.TIM_GetCapture2   stm32f10x_tim.o
    0x080074fa   0x00000006   Code   RO         1311    i.TIM_GetCapture3   stm32f10x_tim.o
    0x08007500   0x00000008   Code   RO         1312    i.TIM_GetCapture4   stm32f10x_tim.o
    0x08007508   0x00000022   Code   RO         1315    i.TIM_GetITStatus   stm32f10x_tim.o
    0x0800752a   0x00000002   PAD
    0x0800752c   0x000000ac   Code   RO         1317    i.TIM_ICInit        stm32f10x_tim.o
    0x080075d8   0x00000012   Code   RO         1319    i.TIM_ITConfig      stm32f10x_tim.o
    0x080075ea   0x00000012   Code   RO         1325    i.TIM_OC1PolarityConfig  stm32f10x_tim.o
    0x080075fc   0x0000001a   Code   RO         1330    i.TIM_OC2PolarityConfig  stm32f10x_tim.o
    0x08007616   0x0000001a   Code   RO         1335    i.TIM_OC3PolarityConfig  stm32f10x_tim.o
    0x08007630   0x0000001a   Code   RO         1339    i.TIM_OC4PolarityConfig  stm32f10x_tim.o
    0x0800764a   0x00000012   Code   RO         1360    i.TIM_SetIC1Prescaler  stm32f10x_tim.o
    0x0800765c   0x0000001a   Code   RO         1361    i.TIM_SetIC2Prescaler  stm32f10x_tim.o
    0x08007676   0x00000012   Code   RO         1362    i.TIM_SetIC3Prescaler  stm32f10x_tim.o
    0x08007688   0x0000001a   Code   RO         1363    i.TIM_SetIC4Prescaler  stm32f10x_tim.o
    0x080076a2   0x00000002   PAD
    0x080076a4   0x000000a4   Code   RO         1365    i.TIM_TimeBaseInit  stm32f10x_tim.o
    0x08007748   0x00000020   Code   RO         1910    i.UART1NVIC_Configuration  usart.o
    0x08007768   0x00000024   Code   RO         1911    i.USART1_IRQHandler  usart.o
    0x0800778c   0x0000001e   Code   RO         1099    i.USART_ClearITPendingBit  stm32f10x_usart.o
    0x080077aa   0x00000018   Code   RO         1102    i.USART_Cmd         stm32f10x_usart.o
    0x080077c2   0x00000002   PAD
    0x080077c4   0x0000008c   Code   RO         1912    i.USART_Config      usart.o
    0x08007850   0x0000001a   Code   RO         1105    i.USART_GetFlagStatus  stm32f10x_usart.o
    0x0800786a   0x00000054   Code   RO         1106    i.USART_GetITStatus  stm32f10x_usart.o
    0x080078be   0x0000004a   Code   RO         1108    i.USART_ITConfig    stm32f10x_usart.o
    0x08007908   0x000000d8   Code   RO         1109    i.USART_Init        stm32f10x_usart.o
    0x080079e0   0x0000000a   Code   RO         1116    i.USART_ReceiveData  stm32f10x_usart.o
    0x080079ea   0x00000008   Code   RO         1119    i.USART_SendData    stm32f10x_usart.o
    0x080079f2   0x00000004   Code   RO          308    i.UsageFault_Handler  stm32f10x_it.o
    0x080079f6   0x000000c8   Code   RO         4212    i._MLPrintLog       log_stm32.o
    0x08007abe   0x00000002   PAD
    0x08007ac0   0x00000020   Code   RO         4863    i.__0printf         mc_w.l(printfa.o)
    0x08007ae0   0x00000024   Code   RO         4869    i.__0vsprintf       mc_w.l(printfa.o)
    0x08007b04   0x00000028   Code   RO         4956    i.__ARM_fpclassify  m_ws.l(fpclassify.o)
    0x08007b2c   0x00000026   Code   RO         4958    i.__ARM_fpclassifyf  m_ws.l(fpclassifyf.o)
    0x08007b52   0x00000002   PAD
    0x08007b54   0x00000388   Code   RO         4977    i.__ieee754_rem_pio2  m_ws.l(rred.o)
    0x08007edc   0x000000fc   Code   RO         4939    i.__kernel_cos      m_ws.l(cos_i.o)
    0x08007fd8   0x000000aa   Code   RO         4974    i.__kernel_poly     m_ws.l(poly.o)
    0x08008082   0x00000002   PAD
    0x08008084   0x000000ec   Code   RO         4985    i.__kernel_sin      m_ws.l(sin_i.o)
    0x08008170   0x00000010   Code   RO         4942    i.__mathlib_dbl_divzero  m_ws.l(dunder.o)
    0x08008180   0x00000006   Code   RO         4943    i.__mathlib_dbl_infnan  m_ws.l(dunder.o)
    0x08008186   0x0000000c   Code   RO         4945    i.__mathlib_dbl_invalid  m_ws.l(dunder.o)
    0x08008192   0x00000002   PAD
    0x08008194   0x00000010   Code   RO         4948    i.__mathlib_dbl_underflow  m_ws.l(dunder.o)
    0x080081a4   0x00000006   Code   RO         4961    i.__mathlib_flt_infnan  m_ws.l(funder.o)
    0x080081aa   0x00000004   Code   RO         4962    i.__mathlib_flt_infnan2  m_ws.l(funder.o)
    0x080081ae   0x00000008   Code   RO         4963    i.__mathlib_flt_invalid  m_ws.l(funder.o)
    0x080081b6   0x0000000a   Code   RO         4966    i.__mathlib_flt_underflow  m_ws.l(funder.o)
    0x080081c0   0x00000168   Code   RO         4982    i.__mathlib_rredf2  m_ws.l(rredf.o)
    0x08008328   0x00000034   Code   RO         3864    i.__print_result_location  mpl.o
    0x0800835c   0x0000000e   Code   RO         5035    i.__scatterload_copy  mc_w.l(handlers.o)
    0x0800836a   0x00000002   Code   RO         5036    i.__scatterload_null  mc_w.l(handlers.o)
    0x0800836c   0x0000000e   Code   RO         5037    i.__scatterload_zeroinit  mc_w.l(handlers.o)
    0x0800837a   0x00000002   PAD
    0x0800837c   0x0000000c   Code   RO         5013    i.__set_errno       mc_w.l(errno.o)
    0x08008388   0x00000184   Code   RO         4870    i._fp_digits        mc_w.l(printfa.o)
    0x0800850c   0x000006dc   Code   RO         4871    i._printf_core      mc_w.l(printfa.o)
    0x08008be8   0x00000024   Code   RO         4872    i._printf_post_padding  mc_w.l(printfa.o)
    0x08008c0c   0x0000002e   Code   RO         4873    i._printf_pre_padding  mc_w.l(printfa.o)
    0x08008c3a   0x0000000a   Code   RO         4875    i._sputc            mc_w.l(printfa.o)
    0x08008c44   0x0000051c   Code   RO         2202    i.accel_6500_self_test  inv_mpu.o
    0x08009160   0x0000011c   Code   RO         4482    i.acosf             m_ws.l(acosf.o)
    0x0800927c   0x0000008c   Code   RO         2725    i.android_orient_cb  mpu_userapi.o
    0x08009308   0x0000025c   Code   RO         4526    i.atan2f            m_ws.l(atan2f.o)
    0x08009564   0x0000014c   Code   RO         2203    i.compass_self_test  inv_mpu.o
    0x080096b0   0x0000009c   Code   RO         4538    i.cos               m_ws.l(cos.o)
    0x0800974c   0x0000017c   Code   RO         4546    i.cosf              m_ws.l(cosf.o)
    0x080098c8   0x00000024   Code   RO          367    i.cycleCounterInit  sysclock.o
    0x080098ec   0x00000064   Code   RO         2539    i.decode_gesture    inv_mpu_dmp_motion_driver.o
    0x08009950   0x00000022   Code   RO          368    i.delay_ms          sysclock.o
    0x08009972   0x00000018   Code   RO          369    i.delay_us          sysclock.o
    0x0800998a   0x0000003c   Code   RO         2540    i.dmp_enable_6x_lp_quat  inv_mpu_dmp_motion_driver.o
    0x080099c6   0x00000002   PAD
    0x080099c8   0x0000021c   Code   RO         2541    i.dmp_enable_feature  inv_mpu_dmp_motion_driver.o
    0x08009be4   0x00000058   Code   RO         2542    i.dmp_enable_gyro_cal  inv_mpu_dmp_motion_driver.o
    0x08009c3c   0x0000003c   Code   RO         2543    i.dmp_enable_lp_quat  inv_mpu_dmp_motion_driver.o
    0x08009c78   0x00000010   Code   RO         2545    i.dmp_get_fifo_rate  inv_mpu_dmp_motion_driver.o
    0x08009c88   0x00000018   Code   RO         2548    i.dmp_load_motion_driver_firmware  inv_mpu_dmp_motion_driver.o
    0x08009ca0   0x000001cc   Code   RO         2549    i.dmp_read_fifo     inv_mpu_dmp_motion_driver.o
    0x08009e6c   0x00000010   Code   RO         2550    i.dmp_register_android_orient_cb  inv_mpu_dmp_motion_driver.o
    0x08009e7c   0x00000010   Code   RO         2551    i.dmp_register_tap_cb  inv_mpu_dmp_motion_driver.o
    0x08009e8c   0x00000070   Code   RO         2553    i.dmp_set_fifo_rate  inv_mpu_dmp_motion_driver.o
    0x08009efc   0x0000005c   Code   RO         2555    i.dmp_set_interrupt_mode  inv_mpu_dmp_motion_driver.o
    0x08009f58   0x00000138   Code   RO         2556    i.dmp_set_orientation  inv_mpu_dmp_motion_driver.o
    0x0800a090   0x0000002a   Code   RO         2557    i.dmp_set_pedometer_step_count  inv_mpu_dmp_motion_driver.o
    0x0800a0ba   0x00000030   Code   RO         2558    i.dmp_set_pedometer_walk_time  inv_mpu_dmp_motion_driver.o
    0x0800a0ea   0x00000038   Code   RO         2559    i.dmp_set_shake_reject_thresh  inv_mpu_dmp_motion_driver.o
    0x0800a122   0x00000026   Code   RO         2560    i.dmp_set_shake_reject_time  inv_mpu_dmp_motion_driver.o
    0x0800a148   0x00000026   Code   RO         2561    i.dmp_set_shake_reject_timeout  inv_mpu_dmp_motion_driver.o
    0x0800a16e   0x00000046   Code   RO         2562    i.dmp_set_tap_axes  inv_mpu_dmp_motion_driver.o
    0x0800a1b4   0x00000026   Code   RO         2563    i.dmp_set_tap_count  inv_mpu_dmp_motion_driver.o
    0x0800a1da   0x00000002   PAD
    0x0800a1dc   0x000001a0   Code   RO         2564    i.dmp_set_tap_thresh  inv_mpu_dmp_motion_driver.o
    0x0800a37c   0x00000026   Code   RO         2565    i.dmp_set_tap_time  inv_mpu_dmp_motion_driver.o
    0x0800a3a2   0x00000026   Code   RO         2566    i.dmp_set_tap_time_multi  inv_mpu_dmp_motion_driver.o
    0x0800a3c8   0x00000024   Code   RO         1914    i.fPutChar          usart.o
    0x0800a3ec   0x000000dc   Code   RO         4554    i.floor             m_ws.l(floor.o)
    0x0800a4c8   0x0000001c   Code   RO         1916    i.fputc             usart.o
    0x0800a4e4   0x00000002   Code   RO         2204    i.get_ms            inv_mpu.o
    0x0800a4e6   0x00000002   PAD
    0x0800a4e8   0x00000650   Code   RO         2205    i.get_st_6500_biases  inv_mpu.o
    0x0800ab38   0x000004c8   Code   RO         2207    i.gyro_6500_self_test  inv_mpu.o
    0x0800b000   0x00000494   Code   RO         2727    i.handle_input      mpu_userapi.o
    0x0800b494   0x0000000c   Code   RO         3024    i.inv_accel_was_turned_off  data_builder.o
    0x0800b4a0   0x0000006a   Code   RO         3025    i.inv_apply_calibration  data_builder.o
    0x0800b50a   0x00000002   PAD
    0x0800b50c   0x0000008c   Code   RO         3026    i.inv_build_accel   data_builder.o
    0x0800b598   0x000000b0   Code   RO         3027    i.inv_build_compass  data_builder.o
    0x0800b648   0x00000038   Code   RO         3028    i.inv_build_gyro    data_builder.o
    0x0800b680   0x0000002c   Code   RO         3030    i.inv_build_temp    data_builder.o
    0x0800b6ac   0x000000a2   Code   RO         3504    i.inv_compass_angle  ml_math_func.o
    0x0800b74e   0x00000002   PAD
    0x0800b750   0x00000010   Code   RO         3031    i.inv_compass_was_turned_off  data_builder.o
    0x0800b760   0x00000072   Code   RO         3506    i.inv_convert_to_body_with_scale  ml_math_func.o
    0x0800b7d2   0x00000002   PAD
    0x0800b7d4   0x00000050   Code   RO         3032    i.inv_db_load_func  data_builder.o
    0x0800b824   0x00000018   Code   RO         3033    i.inv_db_save_func  data_builder.o
    0x0800b83c   0x00000010   Code   RO         3034    i.inv_disable_compass_soft_iron_matrix  data_builder.o
    0x0800b84c   0x0000001c   Code   RO         2806    i.inv_enable_eMPL_outputs  empl_outputs.o
    0x0800b868   0x00000020   Code   RO         3902    i.inv_enable_results_holder  results_holder.o
    0x0800b888   0x0000002c   Code   RO         4137    i.inv_execute_mpl_start_notification  start_manager.o
    0x0800b8b4   0x000000a0   Code   RO         3036    i.inv_execute_on_data  data_builder.o
    0x0800b954   0x000000f0   Code   RO         2807    i.inv_generate_eMPL_outputs  empl_outputs.o
    0x0800ba44   0x00000010   Code   RO         3903    i.inv_generate_results  results_holder.o
    0x0800ba54   0x00000018   Code   RO         3904    i.inv_get_6axis_quaternion  results_holder.o
    0x0800ba6c   0x0000000c   Code   RO         3905    i.inv_get_acc_state  results_holder.o
    0x0800ba78   0x0000000c   Code   RO         3037    i.inv_get_accel_accuracy  data_builder.o
    0x0800ba84   0x00000010   Code   RO         3039    i.inv_get_accel_on  data_builder.o
    0x0800ba94   0x0000002c   Code   RO         3043    i.inv_get_accel_set  data_builder.o
    0x0800bac0   0x00000018   Code   RO         3044    i.inv_get_compass_bias  data_builder.o
    0x0800bad8   0x00000018   Code   RO         3909    i.inv_get_compass_correction  results_holder.o
    0x0800baf0   0x00000010   Code   RO         3046    i.inv_get_compass_on  data_builder.o
    0x0800bb00   0x00000044   Code   RO         3049    i.inv_get_compass_set  data_builder.o
    0x0800bb44   0x0000001c   Code   RO         3053    i.inv_get_compass_soft_iron_output_data  data_builder.o
    0x0800bb60   0x0000000c   Code   RO         3910    i.inv_get_compass_state  results_holder.o
    0x0800bb6c   0x00000060   Code   RO         3911    i.inv_get_gravity   results_holder.o
    0x0800bbcc   0x00000010   Code   RO         3054    i.inv_get_gyro      data_builder.o
    0x0800bbdc   0x0000000c   Code   RO         3055    i.inv_get_gyro_accuracy  data_builder.o
    0x0800bbe8   0x00000024   Code   RO         3056    i.inv_get_gyro_bias  data_builder.o
    0x0800bc0c   0x00000020   Code   RO         3057    i.inv_get_gyro_bias_tc_set  data_builder.o
    0x0800bc2c   0x00000010   Code   RO         3058    i.inv_get_gyro_on   data_builder.o
    0x0800bc3c   0x0000001c   Code   RO         3510    i.inv_get_gyro_sum_of_sqr  ml_math_func.o
    0x0800bc58   0x0000000c   Code   RO         3914    i.inv_get_large_mag_field  results_holder.o
    0x0800bc64   0x00000068   Code   RO         3064    i.inv_get_last_timestamp  data_builder.o
    0x0800bccc   0x0000003c   Code   RO         3915    i.inv_get_linear_accel  results_holder.o
    0x0800bd08   0x00000038   Code   RO         3916    i.inv_get_linear_accel_float  results_holder.o
    0x0800bd40   0x00000010   Code   RO         3917    i.inv_get_local_field  results_holder.o
    0x0800bd50   0x0000001c   Code   RO         3065    i.inv_get_mag_accuracy  data_builder.o
    0x0800bd6c   0x00000014   Code   RO         3919    i.inv_get_motion_state  results_holder.o
    0x0800bd80   0x0000003c   Code   RO         3920    i.inv_get_quaternion  results_holder.o
    0x0800bdbc   0x00000044   Code   RO         3922    i.inv_get_quaternion_set  results_holder.o
    0x0800be00   0x00000230   Code   RO         2810    i.inv_get_sensor_type_euler  empl_outputs.o
    0x0800c030   0x00000060   Code   RO         2908    i.inv_get_sensor_type_gravity  hal_outputs.o
    0x0800c090   0x0000000c   Code   RO         3924    i.inv_got_compass_bias  results_holder.o
    0x0800c09c   0x0000000c   Code   RO         3067    i.inv_gyro_was_turned_off  data_builder.o
    0x0800c0a8   0x0000003c   Code   RO         3068    i.inv_init_data_builder  data_builder.o
    0x0800c0e4   0x00000014   Code   RO         2815    i.inv_init_eMPL_outputs  empl_outputs.o
    0x0800c0f8   0x00000084   Code   RO         3866    i.inv_init_mpl      mpl.o
    0x0800c17c   0x00000038   Code   RO         3925    i.inv_init_results_holder  results_holder.o
    0x0800c1b4   0x00000014   Code   RO         4138    i.inv_init_start_manager  start_manager.o
    0x0800c1c8   0x00000018   Code   RO         4171    i.inv_init_storage_manager  storage_manager.o
    0x0800c1e0   0x00000028   Code   RO         3519    i.inv_orientation_matrix_to_scalar  ml_math_func.o
    0x0800c208   0x00000012   Code   RO         3520    i.inv_q29_mult      ml_math_func.o
    0x0800c21a   0x00000012   Code   RO         3522    i.inv_q30_mult      ml_math_func.o
    0x0800c22c   0x00000016   Code   RO         3524    i.inv_q30_to_float  ml_math_func.o
    0x0800c242   0x00000024   Code   RO         3525    i.inv_q_add         ml_math_func.o
    0x0800c266   0x00000032   Code   RO         3526    i.inv_q_addf        ml_math_func.o
    0x0800c298   0x00000018   Code   RO         3527    i.inv_q_invert      ml_math_func.o
    0x0800c2b0   0x0000001e   Code   RO         3528    i.inv_q_invertf     ml_math_func.o
    0x0800c2ce   0x000000b2   Code   RO         3529    i.inv_q_mult        ml_math_func.o
    0x0800c380   0x0000010e   Code   RO         3530    i.inv_q_multf       ml_math_func.o
    0x0800c48e   0x00000092   Code   RO         3531    i.inv_q_norm4       ml_math_func.o
    0x0800c520   0x0000016e   Code   RO         3533    i.inv_q_normalizef  ml_math_func.o
    0x0800c68e   0x00000042   Code   RO         3534    i.inv_q_rotate      ml_math_func.o
    0x0800c6d0   0x00000010   Code   RO         3070    i.inv_quaternion_sensor_was_turned_off  data_builder.o
    0x0800c6e0   0x000000da   Code   RO         3536    i.inv_quaternion_to_rotation  ml_math_func.o
    0x0800c7ba   0x00000002   PAD
    0x0800c7bc   0x000000f8   Code   RO         3071    i.inv_register_data_cb  data_builder.o
    0x0800c8b4   0x00000090   Code   RO         4173    i.inv_register_load_store  storage_manager.o
    0x0800c944   0x0000002c   Code   RO         4139    i.inv_register_mpl_start_notification  start_manager.o
    0x0800c970   0x0000004c   Code   RO         3072    i.inv_reset_compass_soft_iron_matrix  data_builder.o
    0x0800c9bc   0x0000004e   Code   RO         3538    i.inv_row_2_scale   ml_math_func.o
    0x0800ca0a   0x00000002   PAD
    0x0800ca0c   0x00000024   Code   RO         3073    i.inv_set_accel_accuracy  data_builder.o
    0x0800ca30   0x0000004c   Code   RO         3075    i.inv_set_accel_bias  data_builder.o
    0x0800ca7c   0x0000000c   Code   RO         3928    i.inv_set_accel_bias_found  results_holder.o
    0x0800ca88   0x00000060   Code   RO         3076    i.inv_set_accel_bias_mask  data_builder.o
    0x0800cae8   0x00000018   Code   RO         3077    i.inv_set_accel_orientation_and_scale  data_builder.o
    0x0800cb00   0x0000002c   Code   RO         3078    i.inv_set_accel_sample_rate  data_builder.o
    0x0800cb2c   0x0000004c   Code   RO         3080    i.inv_set_compass_bias  data_builder.o
    0x0800cb78   0x00000014   Code   RO         3929    i.inv_set_compass_bias_error  results_holder.o
    0x0800cb8c   0x0000000c   Code   RO         3930    i.inv_set_compass_bias_found  results_holder.o
    0x0800cb98   0x00000024   Code   RO         3931    i.inv_set_compass_correction  results_holder.o
    0x0800cbbc   0x0000000c   Code   RO         3081    i.inv_set_compass_disturbance  data_builder.o
    0x0800cbc8   0x00000018   Code   RO         3082    i.inv_set_compass_orientation_and_scale  data_builder.o
    0x0800cbe0   0x00000030   Code   RO         3083    i.inv_set_compass_sample_rate  data_builder.o
    0x0800cc10   0x00000054   Code   RO         3084    i.inv_set_compass_soft_iron_input_data  data_builder.o
    0x0800cc64   0x0000000c   Code   RO         3932    i.inv_set_compass_state  results_holder.o
    0x0800cc70   0x00000120   Code   RO         3087    i.inv_set_contiguous  data_builder.o
    0x0800cd90   0x00000074   Code   RO         3089    i.inv_set_gyro_bias  data_builder.o
    0x0800ce04   0x00000018   Code   RO         3090    i.inv_set_gyro_orientation_and_scale  data_builder.o
    0x0800ce1c   0x00000028   Code   RO         3091    i.inv_set_gyro_sample_rate  data_builder.o
    0x0800ce44   0x0000001c   Code   RO         3479    i.inv_set_message   message_layer.o
    0x0800ce60   0x00000050   Code   RO         3937    i.inv_set_motion_state  results_holder.o
    0x0800ceb0   0x0000001c   Code   RO         3092    i.inv_set_quat_sample_rate  data_builder.o
    0x0800cecc   0x00000014   Code   RO         2816    i.inv_start_eMPL_outputs  empl_outputs.o
    0x0800cee0   0x00000040   Code   RO         3867    i.inv_start_mpl     mpl.o
    0x0800cf20   0x00000018   Code   RO         3938    i.inv_start_results_holder  results_holder.o
    0x0800cf38   0x00000024   Code   RO         3939    i.inv_store_gaming_quaternion  results_holder.o
    0x0800cf5c   0x00000064   Code   RO         3094    i.inv_unregister_data_cb  data_builder.o
    0x0800cfc0   0x00000060   Code   RO         4140    i.inv_unregister_mpl_start_notification  start_manager.o
    0x0800d020   0x0000035c   Code   RO         4558    i.log               m_ws.l(log.o)
    0x0800d37c   0x000001f8   Code   RO          138    i.main              main.o
    0x0800d574   0x00000044   Code   RO          370    i.micros            sysclock.o
    0x0800d5b8   0x0000003e   Code   RO         3543    i.mlMatrixVectorMult  ml_math_func.o
    0x0800d5f6   0x00000002   PAD
    0x0800d5f8   0x000002a0   Code   RO         2728    i.mpu9250_initialize  mpu_userapi.o
    0x0800d898   0x00000070   Code   RO         2208    i.mpu_configure_fifo  inv_mpu.o
    0x0800d908   0x0000004c   Code   RO         2209    i.mpu_get_accel_fsr  inv_mpu.o
    0x0800d954   0x00000054   Code   RO         2211    i.mpu_get_accel_sens  inv_mpu.o
    0x0800d9a8   0x00000014   Code   RO         2212    i.mpu_get_compass_fsr  inv_mpu.o
    0x0800d9bc   0x000000d4   Code   RO         2213    i.mpu_get_compass_reg  inv_mpu.o
    0x0800da90   0x00000010   Code   RO         2216    i.mpu_get_fifo_config  inv_mpu.o
    0x0800daa0   0x00000044   Code   RO         2217    i.mpu_get_gyro_fsr  inv_mpu.o
    0x0800dae4   0x00000050   Code   RO         2219    i.mpu_get_gyro_sens  inv_mpu.o
    0x0800db34   0x00000050   Code   RO         2221    i.mpu_get_lpf       inv_mpu.o
    0x0800db84   0x00000020   Code   RO         2223    i.mpu_get_sample_rate  inv_mpu.o
    0x0800dba4   0x000000a0   Code   RO         2224    i.mpu_get_temperature  inv_mpu.o
    0x0800dc44   0x0000016c   Code   RO         2225    i.mpu_init          inv_mpu.o
    0x0800ddb0   0x000000b8   Code   RO         2226    i.mpu_load_firmware  inv_mpu.o
    0x0800de68   0x0000011c   Code   RO         2227    i.mpu_lp_accel_mode  inv_mpu.o
    0x0800df84   0x00000130   Code   RO         2729    i.mpu_mpl_get_data  mpu_userapi.o
    0x0800e0b4   0x000000c0   Code   RO         2233    i.mpu_read_fifo_stream  inv_mpu.o
    0x0800e174   0x00000080   Code   RO         2234    i.mpu_read_mem      inv_mpu.o
    0x0800e1f4   0x00000068   Code   RO         2236    i.mpu_reg_dump      inv_mpu.o
    0x0800e25c   0x000001c8   Code   RO         2237    i.mpu_reset_fifo    inv_mpu.o
    0x0800e424   0x0000029c   Code   RO         2238    i.mpu_run_6500_self_test  inv_mpu.o
    0x0800e6c0   0x00000084   Code   RO         2242    i.mpu_set_accel_fsr  inv_mpu.o
    0x0800e744   0x0000014c   Code   RO         2243    i.mpu_set_bypass    inv_mpu.o
    0x0800e890   0x00000060   Code   RO         2244    i.mpu_set_compass_sample_rate  inv_mpu.o
    0x0800e8f0   0x00000090   Code   RO         2245    i.mpu_set_dmp_state  inv_mpu.o
    0x0800e980   0x00000088   Code   RO         2247    i.mpu_set_gyro_fsr  inv_mpu.o
    0x0800ea08   0x0000006c   Code   RO         2248    i.mpu_set_int_latched  inv_mpu.o
    0x0800ea74   0x00000084   Code   RO         2250    i.mpu_set_lpf       inv_mpu.o
    0x0800eaf8   0x000000b4   Code   RO         2251    i.mpu_set_sample_rate  inv_mpu.o
    0x0800ebac   0x00000168   Code   RO         2252    i.mpu_set_sensors   inv_mpu.o
    0x0800ed14   0x00000080   Code   RO         2253    i.mpu_write_mem     inv_mpu.o
    0x0800ed94   0x00000208   Code   RO         2731    i.run_self_test     mpu_userapi.o
    0x0800ef9c   0x000000b8   Code   RO         2732    i.send_status_compass  mpu_userapi.o
    0x0800f054   0x00000090   Code   RO         2254    i.set_int_enable    inv_mpu.o
    0x0800f0e4   0x00000006   Code   RO         3095    i.set_sensor_orientation_and_scale  data_builder.o
    0x0800f0ea   0x00000002   PAD
    0x0800f0ec   0x0000027c   Code   RO         2255    i.setup_compass     inv_mpu.o
    0x0800f368   0x00000074   Code   RO         2733    i.setup_gyro        mpu_userapi.o
    0x0800f3dc   0x00000188   Code   RO         4586    i.sinf              m_ws.l(sinf.o)
    0x0800f564   0x0000004c   Code   RO         4594    i.sqrt              m_ws.l(sqrt.o)
    0x0800f5b0   0x0000002c   Code   RO         4602    i.sqrtf             m_ws.l(sqrtf.o)
    0x0800f5dc   0x000000ac   Code   RO         2734    i.tap_cb            mpu_userapi.o
    0x0800f688   0x00000268   Data   RO         2256    .constdata          inv_mpu.o
    0x0800f8f0   0x00000bf6   Data   RO         2568    .constdata          inv_mpu_dmp_motion_driver.o
    0x080104e6   0x0000002f   Data   RO         3868    .constdata          mpl.o
    0x08010515   0x00000003   PAD
    0x08010518   0x00000038   Data   RO         4559    .constdata          m_ws.l(log.o)
    0x08010550   0x00000030   Data   RO         4940    .constdata          m_ws.l(cos_i.o)
    0x08010580   0x00000008   Data   RO         4976    .constdata          m_ws.l(qnan.o)
    0x08010588   0x000000c8   Data   RO         4979    .constdata          m_ws.l(rred.o)
    0x08010650   0x00000020   Data   RO         4983    .constdata          m_ws.l(rredf.o)
    0x08010670   0x00000028   Data   RO         4986    .constdata          m_ws.l(sin_i.o)
    0x08010698   0x00000051   Data   RO         2737    .conststring        mpu_userapi.o
    0x080106e9   0x00000003   PAD
    0x080106ec   0x00000044   Data   RO         3097    .conststring        data_builder.o
    0x08010730   0x00000020   Data   RO         5033    Region$$Table       anon$$obj.o


    Execution Region RW_IRAM1 (Base: 0x20000000, Size: 0x00001bb8, Max: 0x00005000, ABSOLUTE, COMPRESSED[0x00000054])

    Base Addr    Size         Type   Attr      Idx    E Section Name        Object

    0x20000000   0x00000014   Data   RW           21    .data               system_stm32f10x.o
    0x20000014   0x0000000c   Data   RW          371    .data               sysclock.o
    0x20000020   0x00000074   Data   RW          433    .data               control.o
    0x20000094   0x00000014   Data   RW          756    .data               stm32f10x_rcc.o
    0x200000a8   0x00000004   Data   RW         1918    .data               usart.o
    0x200000ac   0x0000001c   Data   RW         2161    .data               tim2.o
    0x200000c8   0x0000000e   Data   RW         2182    .data               tim4.o
    0x200000d6   0x00000002   PAD
    0x200000d8   0x00000038   Data   RW         2257    .data               inv_mpu.o
    0x20000110   0x0000001e   Data   RW         2738    .data               mpu_userapi.o
    0x2000012e   0x00000002   PAD
    0x20000130   0x00000004   Data   RW         3480    .data               message_layer.o
    0x20000134   0x00000010   Data   RW         4241    .data               libmpllib.lib(compass_vec_cal.o)
    0x20000144   0x00000004   Data   RW         5014    .data               mc_w.l(errno.o)
    0x20000148   0x0000002c   Zero   RW          432    .bss                control.o
    0x20000174   0x00000010   Zero   RW         2567    .bss                inv_mpu_dmp_motion_driver.o
    0x20000184   0x00000024   Zero   RW         2736    .bss                mpu_userapi.o
    0x200001a8   0x00000028   Zero   RW         2818    .bss                empl_outputs.o
    0x200001d0   0x000000c4   Zero   RW         2918    .bss                hal_outputs.o
    0x20000294   0x000002d8   Zero   RW         3096    .bss                data_builder.o
    0x2000056c   0x00000088   Zero   RW         3940    .bss                results_holder.o
    0x200005f4   0x00000054   Zero   RW         4141    .bss                start_manager.o
    0x20000648   0x00000198   Zero   RW         4175    .bss                storage_manager.o
    0x200007e0   0x00000460   Zero   RW         4240    .bss                libmpllib.lib(compass_vec_cal.o)
    0x20000c40   0x000002a0   Zero   RW         4330    .bss                libmpllib.lib(fast_no_motion.o)
    0x20000ee0   0x00000138   Zero   RW         4363    .bss                libmpllib.lib(fusion_9axis.o)
    0x20001018   0x000001c4   Zero   RW         4385    .bss                libmpllib.lib(gyro_tc.o)
    0x200011dc   0x000000b8   Zero   RW         4403    .bss                libmpllib.lib(mag_disturb.o)
    0x20001294   0x0000006c   Zero   RW         4425    .bss                libmpllib.lib(quaternion_supervisor.o)
    0x20001300   0x000004b8   Zero   RW         4443    .bss                libmpllib.lib(accel_auto_cal.o)
    0x200017b8   0x00000400   Zero   RW          130    STACK               startup_stm32f10x_md.o


==============================================================================

Image component sizes


      Code (inc. data)   RO Data    RW Data    ZI Data      Debug   Object Name

      1296        292          0        116         44       4843   control.o
         0          0          0          0          0       4540   core_cm3.o
      2816        332         68          0        728      26811   data_builder.o
       868         44          0          0         40       4302   empl_outputs.o
        96         10          0          0        196       5326   hal_outputs.o
       922        124          0          0          0       5745   i2c.o
     10330       1600        616         56          0      33024   inv_mpu.o
      2718        150       3062          0         16      21242   inv_mpu_dmp_motion_driver.o
       200         10          0          0          0       1042   log_stm32.o
       504        178          0          0          0     220202   main.o
        28          4          0          4          0       1070   message_layer.o
       112         12          0          0          0        880   misc.o
      1926          0          0          0          0      12857   ml_math_func.o
       248         76         47          0          0       2256   mpl.o
      3280        712         81         30         36       8072   mpu_userapi.o
       588         42          0          0          0       3159   pca9685.o
       808        122          0          0        136      13857   results_holder.o
       204         20          0          0         84       2960   start_manager.o
        36          8        236          0       1024        760   startup_stm32f10x_md.o
        52         12          0          0          0        973   stm32f10x_flash.o
       278          0          0          0          0       1824   stm32f10x_gpio.o
        24          0          0          0          0       3116   stm32f10x_it.o
       748         98          0         20          0       9986   stm32f10x_rcc.o
      1204        150          0          0          0      12595   stm32f10x_tim.o
       472          6          0          0          0       6231   stm32f10x_usart.o
       168         10          0          0        408       2249   storage_manager.o
       290         24          0         12          0       3320   sysclock.o
       328         28          0         20          0      45289   system_stm32f10x.o
      1096         52          0         28          0       2252   tim2.o
       636         56          0         14          0       2096   tim4.o
       272         24          0          4          0       9862   usart.o

    ----------------------------------------------------------------------
     32590       4196       4148        308       2712     472741   Object Totals
         0          0         32          0          0          0   (incl. Generated)
        42          0          6          4          0          0   (incl. Padding)

    ----------------------------------------------------------------------

      Code (inc. data)   RO Data    RW Data    ZI Data      Debug   Library Member Name

      2796        150          0          0       1208       9108   accel_auto_cal.o
      7772        154          0         16       1120      19264   compass_vec_cal.o
      2548         42          0          0        672      13408   fast_no_motion.o
      1628         54          0          0        312       5308   fusion_9axis.o
      1212         30          0          0        452       5515   gyro_tc.o
      1360         46          0          0        184       7270   mag_disturb.o
      2368        102          0          0        108       5409   quaternion_supervisor.o
       284         42          0          0          0        120   acosf.o
       604         76          0          0          0        116   atan2f.o
       156          8          0          0          0        104   cos.o
       252         22         48          0          0        124   cos_i.o
       380         52          0          0          0        124   cosf.o
        50         10          0          0          0        272   dunder.o
       220         16          0          0          0         84   floor.o
        40          0          0          0          0         68   fpclassify.o
        38          0          0          0          0         68   fpclassifyf.o
        28          0          0          0          0        272   funder.o
       860         52         56          0          0        256   log.o
       170          0          0          0          0         96   poly.o
         0          0          8          0          0          0   qnan.o
       904         76        200          0          0        140   rred.o
       360         16         32          0          0         88   rredf.o
       236         12         40          0          0        128   sin_i.o
       392         54          0          0          0        124   sinf.o
        76          0          0          0          0         84   sqrt.o
        44          0          0          0          0         80   sqrtf.o
        86          0          0          0          0          0   __dczerorl2.o
         0          0          0          0          0          0   entry.o
         0          0          0          0          0          0   entry10a.o
         0          0          0          0          0          0   entry11a.o
         8          4          0          0          0          0   entry2.o
         4          0          0          0          0          0   entry5.o
         0          0          0          0          0          0   entry7b.o
         0          0          0          0          0          0   entry8b.o
         8          4          0          0          0          0   entry9a.o
        12          6          0          4          0         68   errno.o
        30          0          0          0          0          0   handlers.o
        36          8          0          0          0         68   init.o
         0          0          0          0          0          0   iusefp.o
        98          0          0          0          0         84   ldiv.o
        30          0          0          0          0         68   llshl.o
        36          0          0          0          0         68   llsshr.o
        32          0          0          0          0         68   llushr.o
        26          0          0          0          0         80   memcmp.o
        64          0          0          0          0         76   memmovea.o
        36          0          0          0          0        108   memseta.o
      2304         96          0          0          0        600   printfa.o
        44          0          0          0          0         80   uidiv.o
        98          0          0          0          0         92   uldiv.o
        48          0          0          0          0         68   cdcmple.o
        48          0          0          0          0         68   cdrcmple.o
        20          0          0          0          0         68   cfcmple.o
        20          0          0          0          0         68   cfrcmple.o
        56          0          0          0          0         88   d2f.o
       334          0          0          0          0        148   dadd.o
       222          0          0          0          0        100   ddiv.o
       186          0          0          0          0        176   depilogue.o
        62          0          0          0          0         80   dfixi.o
        50          0          0          0          0         76   dfixui.o
        48          0          0          0          0         68   dfixul.o
        34          0          0          0          0         76   dflti.o
        26          0          0          0          0         76   dfltui.o
       228          0          0          0          0         96   dmul.o
        46          0          0          0          0         80   dscalb.o
       162          0          0          0          0        100   dsqrt.o
        38          0          0          0          0         68   f2d.o
       176          0          0          0          0        140   fadd.o
       124          0          0          0          0         88   fdiv.o
       110          0          0          0          0        168   fepilogue.o
        50          0          0          0          0         68   ffixi.o
        66          0          0          0          0         76   ffixl.o
        40          0          0          0          0         68   ffixui.o
        18          0          0          0          0         68   fflti.o
        44          0          0          0          0         92   ffltl.o
        10          0          0          0          0         68   ffltui.o
       100          0          0          0          0         76   fmul.o
        60          0          0          0          0         76   frnd.o
        24          0          0          0          0         68   fscalb.o
        94          0          0          0          0         96   fsqrt.o

    ----------------------------------------------------------------------
     30286       1132        384         20       4056      71746   Library Totals
        12          0          0          0          0          0   (incl. Padding)

    ----------------------------------------------------------------------

      Code (inc. data)   RO Data    RW Data    ZI Data      Debug   Library Name

     19684        578          0         16       4056      65282   libmpllib.lib
      5094        436        384          0          0       2348   m_ws.l
      2952        118          0          4          0       1460   mc_w.l
      2544          0          0          0          0       2656   mf_w.l

    ----------------------------------------------------------------------
     30286       1132        384         20       4056      71746   Library Totals

    ----------------------------------------------------------------------

==============================================================================


      Code (inc. data)   RO Data    RW Data    ZI Data      Debug   

     62876       5328       4532        328       6768     526155   Grand Totals
     62876       5328       4532         84       6768     526155   ELF Image Totals (compressed)
     62876       5328       4532         84          0          0   ROM Totals

==============================================================================

    Total RO  Size (Code + RO Data)                67408 (  65.83kB)
    Total RW  Size (RW Data + ZI Data)              7096 (   6.93kB)
    Total ROM Size (Code + RO Data + RW Data)      67492 (  65.91kB)

==============================================================================

