Component: ARM Compiler 5.05 update 1 (build 106) Tool: armlink [4d0efa]

==============================================================================

Section Cross References

    system_stm32f10x.o(i.SetSysClock) refers to system_stm32f10x.o(i.SetSysClockTo72) for SetSysClockTo72
    system_stm32f10x.o(i.SystemCoreClockUpdate) refers to system_stm32f10x.o(.data) for SystemCoreClock
    system_stm32f10x.o(i.SystemInit) refers to system_stm32f10x.o(i.SetSysClock) for SetSysClock
    startup_stm32f10x_md.o(RESET) refers to startup_stm32f10x_md.o(STACK) for __initial_sp
    startup_stm32f10x_md.o(RESET) refers to startup_stm32f10x_md.o(.text) for Reset_Handler
    startup_stm32f10x_md.o(RESET) refers to stm32f10x_it.o(i.NMI_Handler) for NMI_Handler
    startup_stm32f10x_md.o(RESET) refers to stm32f10x_it.o(i.HardFault_Handler) for HardFault_Handler
    startup_stm32f10x_md.o(RESET) refers to stm32f10x_it.o(i.MemManage_Handler) for MemManage_Handler
    startup_stm32f10x_md.o(RESET) refers to stm32f10x_it.o(i.BusFault_Handler) for BusFault_Handler
    startup_stm32f10x_md.o(RESET) refers to stm32f10x_it.o(i.UsageFault_Handler) for UsageFault_Handler
    startup_stm32f10x_md.o(RESET) refers to stm32f10x_it.o(i.SVC_Handler) for SVC_Handler
    startup_stm32f10x_md.o(RESET) refers to stm32f10x_it.o(i.DebugMon_Handler) for DebugMon_Handler
    startup_stm32f10x_md.o(RESET) refers to stm32f10x_it.o(i.PendSV_Handler) for PendSV_Handler
    startup_stm32f10x_md.o(RESET) refers to sysclock.o(i.SysTick_Handler) for SysTick_Handler
    startup_stm32f10x_md.o(RESET) refers to timer.o(i.TIM2_IRQHandler) for TIM2_IRQHandler
    startup_stm32f10x_md.o(RESET) refers to usart.o(i.USART1_IRQHandler) for USART1_IRQHandler
    startup_stm32f10x_md.o(.text) refers to system_stm32f10x.o(i.SystemInit) for SystemInit
    startup_stm32f10x_md.o(.text) refers to entry.o(.ARM.Collect$$$$00000000) for __main
    main.o(i.main) refers to sysclock.o(i.SetSysClockToHSE) for SetSysClockToHSE
    main.o(i.main) refers to sysclock.o(i.cycleCounterInit) for cycleCounterInit
    main.o(i.main) refers to usart.o(i.USART_Config) for USART_Config
    main.o(i.main) refers to usart.o(i.UART1NVIC_Configuration) for UART1NVIC_Configuration
    main.o(i.main) refers to i2c.o(i.IIC_Init) for IIC_Init
    main.o(i.main) refers to mpu_userapi.o(i.mpu9250_initialize) for mpu9250_initialize
    main.o(i.main) refers to printfa.o(i.__0printf) for __2printf
    main.o(i.main) refers to pca9685.o(i.PCA9685_SetPWMFreq) for PCA9685_SetPWMFreq
    main.o(i.main) refers to timer.o(i.TIM2_CAP_Init) for TIM2_CAP_Init
    main.o(i.main) refers to sysclock.o(i.delay_ms) for delay_ms
    main.o(i.main) refers to mpu_userapi.o(i.mpu_mpl_get_data) for mpu_mpl_get_data
    main.o(i.main) refers to control.o(i.Direction_Control) for Direction_Control
    main.o(i.main) refers to control.o(i.Outter_PID) for Outter_PID
    main.o(i.main) refers to control.o(i.Inner_PID) for Inner_PID
    main.o(i.main) refers to control.o(i.Deal_Pwm) for Deal_Pwm
    main.o(i.main) refers to control.o(i.Set_Pwm) for Set_Pwm
    main.o(i.main) refers to f2d.o(.text) for __aeabi_f2d
    main.o(i.main) refers to system_stm32f10x.o(.data) for SystemCoreClock
    main.o(i.main) refers to control.o(.bss) for myControl
    sysclock.o(i.DelayMs) refers to sysclock.o(i.micros) for micros
    sysclock.o(i.SetSysClockToHSE) refers to stm32f10x_rcc.o(i.RCC_DeInit) for RCC_DeInit
    sysclock.o(i.SetSysClockToHSE) refers to stm32f10x_rcc.o(i.RCC_HSEConfig) for RCC_HSEConfig
    sysclock.o(i.SetSysClockToHSE) refers to stm32f10x_rcc.o(i.RCC_LSEConfig) for RCC_LSEConfig
    sysclock.o(i.SetSysClockToHSE) refers to stm32f10x_rcc.o(i.RCC_WaitForHSEStartUp) for RCC_WaitForHSEStartUp
    sysclock.o(i.SetSysClockToHSE) refers to stm32f10x_rcc.o(i.RCC_HCLKConfig) for RCC_HCLKConfig
    sysclock.o(i.SetSysClockToHSE) refers to stm32f10x_rcc.o(i.RCC_PCLK2Config) for RCC_PCLK2Config
    sysclock.o(i.SetSysClockToHSE) refers to stm32f10x_rcc.o(i.RCC_PCLK1Config) for RCC_PCLK1Config
    sysclock.o(i.SetSysClockToHSE) refers to stm32f10x_flash.o(i.FLASH_SetLatency) for FLASH_SetLatency
    sysclock.o(i.SetSysClockToHSE) refers to stm32f10x_flash.o(i.FLASH_PrefetchBufferCmd) for FLASH_PrefetchBufferCmd
    sysclock.o(i.SetSysClockToHSE) refers to stm32f10x_rcc.o(i.RCC_PLLConfig) for RCC_PLLConfig
    sysclock.o(i.SetSysClockToHSE) refers to stm32f10x_rcc.o(i.RCC_PLLCmd) for RCC_PLLCmd
    sysclock.o(i.SetSysClockToHSE) refers to stm32f10x_rcc.o(i.RCC_GetFlagStatus) for RCC_GetFlagStatus
    sysclock.o(i.SetSysClockToHSE) refers to stm32f10x_rcc.o(i.RCC_SYSCLKConfig) for RCC_SYSCLKConfig
    sysclock.o(i.SetSysClockToHSE) refers to stm32f10x_rcc.o(i.RCC_GetSYSCLKSource) for RCC_GetSYSCLKSource
    sysclock.o(i.SysTick_Handler) refers to sysclock.o(.data) for sysTickUptime
    sysclock.o(i.SystemClock_HSE) refers to sysclock.o(i.MYRCC_DeInit) for MYRCC_DeInit
[...]
    inv_enable_magnetic_disturbance          0x08003983   Thumb Code    40  mag_disturb.o(.text)
    inv_disable_magnetic_disturbance         0x080039ab   Thumb Code    22  mag_disturb.o(.text)
    inv_enable_dip_tracking                  0x080039c1   Thumb Code    14  mag_disturb.o(.text)
    inv_get_magnetic_disturbance_state       0x080039cf   Thumb Code     8  mag_disturb.o(.text)
    inv_generate_gyro_quaternion             0x08003d6d   Thumb Code   260  quaternion_supervisor.o(.text)
    inv_set_quaternion                       0x0800405f   Thumb Code    38  quaternion_supervisor.o(.text)
    inv_generate_accel_gyro_quaternion       0x08004085   Thumb Code   428  quaternion_supervisor.o(.text)
    inv_stop_quaternion                      0x08004279   Thumb Code     6  quaternion_supervisor.o(.text)
    inv_init_quaternion                      0x0800427f   Thumb Code    34  quaternion_supervisor.o(.text)
    inv_start_quaternion                     0x080042a1   Thumb Code    34  quaternion_supervisor.o(.text)
    inv_enable_quaternion                    0x080042c3   Thumb Code    24  quaternion_supervisor.o(.text)
    inv_disable_quaternion                   0x080042db   Thumb Code    20  quaternion_supervisor.o(.text)
    inv_init_accel_maxmin                    0x0800431d   Thumb Code    28  accel_auto_cal.o(.text)
    inv_record_good_accel_maxmin             0x08004339   Thumb Code    56  accel_auto_cal.o(.text)
    inv_get_current_calibrated_accel         0x08004371   Thumb Code    70  accel_auto_cal.o(.text)
    inv_sort_order_4_T                       0x080046bf   Thumb Code   186  accel_auto_cal.o(.text)
    inv_init_check_sample_balance            0x08004779   Thumb Code    30  accel_auto_cal.o(.text)
    inv_init_check_sample_balance_parameter  0x08004797   Thumb Code    28  accel_auto_cal.o(.text)
    inv_add_accel_block_data                 0x080047b3   Thumb Code   152  accel_auto_cal.o(.text)
    inv_add_vector_block_data                0x0800484b   Thumb Code   120  accel_auto_cal.o(.text)
    inv_check_sample_balance                 0x080048c3   Thumb Code   344  accel_auto_cal.o(.text)
    inv_auto_calibrate                       0x08004a51   Thumb Code   720  accel_auto_cal.o(.text)
    inv_init_in_use_auto_calibration         0x08004d21   Thumb Code    80  accel_auto_cal.o(.text)
    inv_start_in_use_auto_calibration        0x08004d71   Thumb Code    14  accel_auto_cal.o(.text)
    inv_stop_in_use_auto_calibration         0x08004d7f   Thumb Code     8  accel_auto_cal.o(.text)
    inv_enable_in_use_auto_calibration       0x08004d87   Thumb Code    24  accel_auto_cal.o(.text)
    inv_disable_in_use_auto_calibration      0x08004d9f   Thumb Code    94  accel_auto_cal.o(.text)
    inv_get_accel_bias_stage                 0x08004dfd   Thumb Code     6  accel_auto_cal.o(.text)
    __aeabi_ldivmod                          0x08004e09   Thumb Code    98  ldiv.o(.text)
    __aeabi_llsl                             0x08004e6b   Thumb Code    30  llshl.o(.text)
    _ll_shift_l                              0x08004e6b   Thumb Code     0  llshl.o(.text)
    __aeabi_lasr                             0x08004e89   Thumb Code    36  llsshr.o(.text)
    _ll_sshift_r                             0x08004e89   Thumb Code     0  llsshr.o(.text)
    ___aeabi_memcpy8$move                    0x08004ead   Thumb Code     0  memmovea.o(.text)
    __aeabi_memcpy                           0x08004ead   Thumb Code    64  memmovea.o(.text)
    __aeabi_memcpy4                          0x08004ead   Thumb Code     0  memmovea.o(.text)
    __aeabi_memmove                          0x08004ead   Thumb Code     0  memmovea.o(.text)
    __aeabi_memmove4                         0x08004ead   Thumb Code     0  memmovea.o(.text)
    __aeabi_memmove8                         0x08004ead   Thumb Code     0  memmovea.o(.text)
    __aeabi_memset                           0x08004eed   Thumb Code    14  memseta.o(.text)
    __aeabi_memset4                          0x08004eed   Thumb Code     0  memseta.o(.text)
    __aeabi_memset8                          0x08004eed   Thumb Code     0  memseta.o(.text)
    __aeabi_memclr                           0x08004efb   Thumb Code     4  memseta.o(.text)
    __aeabi_memclr4                          0x08004efb   Thumb Code     0  memseta.o(.text)
    __aeabi_memclr8                          0x08004efb   Thumb Code     0  memseta.o(.text)
    _memset$wrapper                          0x08004eff   Thumb Code    18  memseta.o(.text)
    memcmp                                   0x08004f11   Thumb Code    26  memcmp.o(.text)
    __aeabi_fadd                             0x08004f2b   Thumb Code   164  fadd.o(.text)
    __aeabi_fsub                             0x08004fcf   Thumb Code     6  fadd.o(.text)
    __aeabi_frsub                            0x08004fd5   Thumb Code     6  fadd.o(.text)
    __aeabi_fmul                             0x08004fdb   Thumb Code   100  fmul.o(.text)
    __aeabi_fdiv                             0x0800503f   Thumb Code   124  fdiv.o(.text)
    __ARM_scalbnf                            0x080050bb   Thumb Code    24  fscalb.o(.text)
    scalbnf                                  0x080050bb   Thumb Code     0  fscalb.o(.text)
    __aeabi_dadd                             0x080050d3   Thumb Code   322  dadd.o(.text)
    __aeabi_dsub                             0x08005215   Thumb Code     6  dadd.o(.text)
    __aeabi_drsub                            0x0800521b   Thumb Code     6  dadd.o(.text)
    __aeabi_dmul                             0x08005221   Thumb Code   228  dmul.o(.text)
    __aeabi_ddiv                             0x08005305   Thumb Code   222  ddiv.o(.text)
    __ARM_scalbn                             0x080053e3   Thumb Code    46  dscalb.o(.text)
    scalbn                                   0x080053e3   Thumb Code     0  dscalb.o(.text)
    __aeabi_i2f                              0x08005411   Thumb Code    18  fflti.o(.text)
    __aeabi_ui2f                             0x08005423   Thumb Code    10  ffltui.o(.text)
    __aeabi_l2f                              0x0800542d   Thumb Code    44  ffltl.o(.text)
    __aeabi_i2d                              0x08005459   Thumb Code    34  dflti.o(.text)
    __aeabi_ui2d                             0x0800547b   Thumb Code    26  dfltui.o(.text)
    __aeabi_f2iz                             0x08005495   Thumb Code    50  ffixi.o(.text)
    __aeabi_f2uiz                            0x080054c7   Thumb Code    40  ffixui.o(.text)
    __aeabi_f2lz                             0x080054ef   Thumb Code    66  ffixl.o(.text)
    __aeabi_d2iz                             0x08005531   Thumb Code    62  dfixi.o(.text)
    __aeabi_d2uiz                            0x0800556f   Thumb Code    50  dfixui.o(.text)
    __aeabi_f2d                              0x080055a1   Thumb Code    38  f2d.o(.text)
    __aeabi_cdcmpeq                          0x080055c9   Thumb Code     0  cdcmple.o(.text)
    __aeabi_cdcmple                          0x080055c9   Thumb Code    48  cdcmple.o(.text)
    __aeabi_cdrcmple                         0x080055f9   Thumb Code    48  cdrcmple.o(.text)
    __aeabi_d2f                              0x08005629   Thumb Code    56  d2f.o(.text)
    __aeabi_cfcmpeq                          0x08005661   Thumb Code     0  cfcmple.o(.text)
    __aeabi_cfcmple                          0x08005661   Thumb Code    20  cfcmple.o(.text)
    __aeabi_cfrcmple                         0x08005675   Thumb Code    20  cfrcmple.o(.text)
    __aeabi_uidiv                            0x08005689   Thumb Code     0  uidiv.o(.text)
    __aeabi_uidivmod                         0x08005689   Thumb Code    44  uidiv.o(.text)
    __aeabi_uldivmod                         0x080056b5   Thumb Code    98  uldiv.o(.text)
    __aeabi_llsr                             0x08005717   Thumb Code    32  llushr.o(.text)
    _ll_ushift_r                             0x08005717   Thumb Code     0  llushr.o(.text)
    __I$use$fp                               0x08005737   Thumb Code     0  iusefp.o(.text)
    _float_round                             0x08005737   Thumb Code    18  fepilogue.o(.text)
    _float_epilogue                          0x08005749   Thumb Code    92  fepilogue.o(.text)
    _fsqrt                                   0x080057a5   Thumb Code    94  fsqrt.o(.text)
    _frnd                                    0x08005803   Thumb Code    60  frnd.o(.text)
    _double_round                            0x0800583f   Thumb Code    30  depilogue.o(.text)
    _double_epilogue                         0x0800585d   Thumb Code   156  depilogue.o(.text)
    _dsqrt                                   0x080058f9   Thumb Code   162  dsqrt.o(.text)
    __aeabi_d2ulz                            0x0800599b   Thumb Code    48  dfixul.o(.text)
    __scatterload                            0x080059cd   Thumb Code    28  init.o(.text)
    __scatterload_rt2                        0x080059cd   Thumb Code     0  init.o(.text)
    __decompress                             0x080059f1   Thumb Code     0  __dczerorl2.o(.text)
    __decompress1                            0x080059f1   Thumb Code    86  __dczerorl2.o(.text)
    BusFault_Handler                         0x08005a47   Thumb Code     4  stm32f10x_it.o(i.BusFault_Handler)
    Deal_Pwm                                 0x08005a4d   Thumb Code    52  control.o(i.Deal_Pwm)
    DebugMon_Handler                         0x08005aa5   Thumb Code     2  stm32f10x_it.o(i.DebugMon_Handler)
    Direction_Control                        0x08005aa9   Thumb Code    72  control.o(i.Direction_Control)
    FLASH_PrefetchBufferCmd                  0x08005b01   Thumb Code    22  stm32f10x_flash.o(i.FLASH_PrefetchBufferCmd)
    FLASH_SetLatency                         0x08005b1d   Thumb Code    18  stm32f10x_flash.o(i.FLASH_SetLatency)
    GPIO_Init                                0x08005b35   Thumb Code   278  stm32f10x_gpio.o(i.GPIO_Init)
    HardFault_Handler                        0x08005c4b   Thumb Code     4  stm32f10x_it.o(i.HardFault_Handler)
    IIC_Ack                                  0x08005c51   Thumb Code    64  i2c.o(i.IIC_Ack)
    IIC_Init                                 0x08005c9d   Thumb Code    44  i2c.o(i.IIC_Init)
    IIC_NAck                                 0x08005ce9   Thumb Code    62  i2c.o(i.IIC_NAck)
    IIC_Read_Byte                            0x08005d35   Thumb Code    98  i2c.o(i.IIC_Read_Byte)
    IIC_Send_Byte                            0x08005da5   Thumb Code    90  i2c.o(i.IIC_Send_Byte)
    IIC_Start                                0x08005e0d   Thumb Code    64  i2c.o(i.IIC_Start)
    IIC_Stop                                 0x08005e59   Thumb Code    62  i2c.o(i.IIC_Stop)
    IIC_Wait_Ack                             0x08005ea5   Thumb Code    92  i2c.o(i.IIC_Wait_Ack)
    IICreadBytes                             0x08005f0d   Thumb Code   124  i2c.o(i.IICreadBytes)
    IICwriteBytes                            0x08005f89   Thumb Code    98  i2c.o(i.IICwriteBytes)
    Inner_PID                                0x08005fed   Thumb Code   484  control.o(i.Inner_PID)
    MemManage_Handler                        0x0800621d   Thumb Code     4  stm32f10x_it.o(i.MemManage_Handler)
    Motor_Set                                0x08006221   Thumb Code   176  pca9685.o(i.Motor_Set)
    NMI_Handler                              0x080062d1   Thumb Code     2  stm32f10x_it.o(i.NMI_Handler)
    NVIC_Init                                0x080062d5   Thumb Code   100  misc.o(i.NVIC_Init)
    Outter_PID                               0x08006345   Thumb Code    68  control.o(i.Outter_PID)
    PCA9685_Read_Byte                        0x080063ad   Thumb Code    88  pca9685.o(i.PCA9685_Read_Byte)
    PCA9685_SetPWM                           0x08006405   Thumb Code    58  pca9685.o(i.PCA9685_SetPWM)
    PCA9685_SetPWMFreq                       0x08006441   Thumb Code   146  pca9685.o(i.PCA9685_SetPWMFreq)
    PCA9685_Write_Byte                       0x080064fd   Thumb Code    78  pca9685.o(i.PCA9685_Write_Byte)
    PendSV_Handler                           0x0800654b   Thumb Code     2  stm32f10x_it.o(i.PendSV_Handler)
    RCC_APB1PeriphClockCmd                   0x0800654d   Thumb Code    26  stm32f10x_rcc.o(i.RCC_APB1PeriphClockCmd)
    RCC_APB2PeriphClockCmd                   0x0800656d   Thumb Code    26  stm32f10x_rcc.o(i.RCC_APB2PeriphClockCmd)
    RCC_DeInit                               0x0800658d   Thumb Code    64  stm32f10x_rcc.o(i.RCC_DeInit)
    RCC_GetClocksFreq                        0x080065d9   Thumb Code   192  stm32f10x_rcc.o(i.RCC_GetClocksFreq)
    RCC_GetFlagStatus                        0x080066ad   Thumb Code    56  stm32f10x_rcc.o(i.RCC_GetFlagStatus)
    RCC_GetSYSCLKSource                      0x080066e9   Thumb Code    10  stm32f10x_rcc.o(i.RCC_GetSYSCLKSource)
    RCC_HCLKConfig                           0x080066f9   Thumb Code    18  stm32f10x_rcc.o(i.RCC_HCLKConfig)
    RCC_HSEConfig                            0x08006711   Thumb Code    70  stm32f10x_rcc.o(i.RCC_HSEConfig)
    RCC_LSEConfig                            0x0800675d   Thumb Code    46  stm32f10x_rcc.o(i.RCC_LSEConfig)
    RCC_PCLK1Config                          0x08006791   Thumb Code    18  stm32f10x_rcc.o(i.RCC_PCLK1Config)
    RCC_PCLK2Config                          0x080067a9   Thumb Code    20  stm32f10x_rcc.o(i.RCC_PCLK2Config)
    RCC_PLLCmd                               0x080067c1   Thumb Code     6  stm32f10x_rcc.o(i.RCC_PLLCmd)
    RCC_PLLConfig                            0x080067cd   Thumb Code    24  stm32f10x_rcc.o(i.RCC_PLLConfig)
    RCC_SYSCLKConfig                         0x080067e9   Thumb Code    18  stm32f10x_rcc.o(i.RCC_SYSCLKConfig)
    RCC_WaitForHSEStartUp                    0x08006801   Thumb Code    56  stm32f10x_rcc.o(i.RCC_WaitForHSEStartUp)
    SVC_Handler                              0x08006839   Thumb Code     2  stm32f10x_it.o(i.SVC_Handler)
    SetSysClockToHSE                         0x08006925   Thumb Code   112  sysclock.o(i.SetSysClockToHSE)
    Set_Pwm                                  0x08006995   Thumb Code   266  control.o(i.Set_Pwm)
    SysTick_Handler                          0x08006b19   Thumb Code    12  sysclock.o(i.SysTick_Handler)
    SystemInit                               0x08006b29   Thumb Code    78  system_stm32f10x.o(i.SystemInit)
    TIM2_CAP_Init                            0x08006dc9   Thumb Code   270  timer.o(i.TIM2_CAP_Init)
    TIM2_IRQHandler                          0x08006ef5   Thumb Code   774  timer.o(i.TIM2_IRQHandler)
    TIM_ClearFlag                            0x08007211   Thumb Code     6  stm32f10x_tim.o(i.TIM_ClearFlag)
    TIM_Cmd                                  0x08007217   Thumb Code    24  stm32f10x_tim.o(i.TIM_Cmd)
    TIM_GetCapture1                          0x0800722f   Thumb Code     6  stm32f10x_tim.o(i.TIM_GetCapture1)
    TIM_GetCapture2                          0x08007235   Thumb Code     6  stm32f10x_tim.o(i.TIM_GetCapture2)
    TIM_GetCapture3                          0x0800723b   Thumb Code     6  stm32f10x_tim.o(i.TIM_GetCapture3)
    TIM_GetCapture4                          0x08007241   Thumb Code     8  stm32f10x_tim.o(i.TIM_GetCapture4)
    TIM_GetITStatus                          0x08007249   Thumb Code    34  stm32f10x_tim.o(i.TIM_GetITStatus)
    TIM_ICInit                               0x0800726d   Thumb Code   150  stm32f10x_tim.o(i.TIM_ICInit)
    TIM_ITConfig                             0x08007319   Thumb Code    18  stm32f10x_tim.o(i.TIM_ITConfig)
    TIM_OC1PolarityConfig                    0x0800732b   Thumb Code    18  stm32f10x_tim.o(i.TIM_OC1PolarityConfig)
    TIM_OC2PolarityConfig                    0x0800733d   Thumb Code    26  stm32f10x_tim.o(i.TIM_OC2PolarityConfig)
    TIM_OC3PolarityConfig                    0x08007357   Thumb Code    26  stm32f10x_tim.o(i.TIM_OC3PolarityConfig)
    TIM_OC4PolarityConfig                    0x08007371   Thumb Code    26  stm32f10x_tim.o(i.TIM_OC4PolarityConfig)
    TIM_SetIC1Prescaler                      0x0800738b   Thumb Code    18  stm32f10x_tim.o(i.TIM_SetIC1Prescaler)
    TIM_SetIC2Prescaler                      0x0800739d   Thumb Code    26  stm32f10x_tim.o(i.TIM_SetIC2Prescaler)
    TIM_SetIC3Prescaler                      0x080073b7   Thumb Code    18  stm32f10x_tim.o(i.TIM_SetIC3Prescaler)
    TIM_SetIC4Prescaler                      0x080073c9   Thumb Code    26  stm32f10x_tim.o(i.TIM_SetIC4Prescaler)
    TIM_TimeBaseInit                         0x080073e5   Thumb Code   122  stm32f10x_tim.o(i.TIM_TimeBaseInit)
    UART1NVIC_Configuration                  0x08007489   Thumb Code    32  usart.o(i.UART1NVIC_Configuration)
    USART1_IRQHandler                        0x080074a9   Thumb Code    30  usart.o(i.USART1_IRQHandler)
    USART_ClearITPendingBit                  0x080074cd   Thumb Code    30  stm32f10x_usart.o(i.USART_ClearITPendingBit)
    USART_Cmd                                0x080074eb   Thumb Code    24  stm32f10x_usart.o(i.USART_Cmd)
    USART_Config                             0x08007505   Thumb Code   132  usart.o(i.USART_Config)
    USART_GetFlagStatus                      0x08007591   Thumb Code    26  stm32f10x_usart.o(i.USART_GetFlagStatus)
    USART_GetITStatus                        0x080075ab   Thumb Code    84  stm32f10x_usart.o(i.USART_GetITStatus)
    USART_ITConfig                           0x080075ff   Thumb Code    74  stm32f10x_usart.o(i.USART_ITConfig)
    USART_Init                               0x08007649   Thumb Code   210  stm32f10x_usart.o(i.USART_Init)
    USART_ReceiveData                        0x08007721   Thumb Code    10  stm32f10x_usart.o(i.USART_ReceiveData)
    USART_SendData                           0x0800772b   Thumb Code     8  stm32f10x_usart.o(i.USART_SendData)
    UsageFault_Handler                       0x08007733   Thumb Code     4  stm32f10x_it.o(i.UsageFault_Handler)
    _MLPrintLog                              0x08007737   Thumb Code   200  log_stm32.o(i._MLPrintLog)
    __0printf                                0x08007801   Thumb Code    22  printfa.o(i.__0printf)
    __1printf                                0x08007801   Thumb Code     0  printfa.o(i.__0printf)
    __2printf                                0x08007801   Thumb Code     0  printfa.o(i.__0printf)
    __c89printf                              0x08007801   Thumb Code     0  printfa.o(i.__0printf)
    printf                                   0x08007801   Thumb Code     0  printfa.o(i.__0printf)
    __0vsprintf                              0x08007821   Thumb Code    30  printfa.o(i.__0vsprintf)
    __1vsprintf                              0x08007821   Thumb Code     0  printfa.o(i.__0vsprintf)
    __2vsprintf                              0x08007821   Thumb Code     0  printfa.o(i.__0vsprintf)
    __c89vsprintf                            0x08007821   Thumb Code     0  printfa.o(i.__0vsprintf)
    vsprintf                                 0x08007821   Thumb Code     0  printfa.o(i.__0vsprintf)
    __ARM_fpclassify                         0x08007845   Thumb Code    40  fpclassify.o(i.__ARM_fpclassify)
    __ARM_fpclassifyf                        0x0800786d   Thumb Code    38  fpclassifyf.o(i.__ARM_fpclassifyf)
    __ieee754_rem_pio2                       0x08007895   Thumb Code   828  rred.o(i.__ieee754_rem_pio2)
    __kernel_cos                             0x08007c1d   Thumb Code   230  cos_i.o(i.__kernel_cos)
    __kernel_poly                            0x08007d19   Thumb Code   170  poly.o(i.__kernel_poly)
    __kernel_sin                             0x08007dc5   Thumb Code   224  sin_i.o(i.__kernel_sin)
    __mathlib_dbl_divzero                    0x08007eb1   Thumb Code    12  dunder.o(i.__mathlib_dbl_divzero)
    __mathlib_dbl_infnan                     0x08007ec1   Thumb Code     6  dunder.o(i.__mathlib_dbl_infnan)
    __mathlib_dbl_invalid                    0x08007ec7   Thumb Code    12  dunder.o(i.__mathlib_dbl_invalid)
    __mathlib_dbl_underflow                  0x08007ed5   Thumb Code    10  dunder.o(i.__mathlib_dbl_underflow)
    __mathlib_flt_infnan                     0x08007ee5   Thumb Code     6  funder.o(i.__mathlib_flt_infnan)
    __mathlib_flt_infnan2                    0x08007eeb   Thumb Code     4  funder.o(i.__mathlib_flt_infnan2)
    __mathlib_flt_invalid                    0x08007eef   Thumb Code     8  funder.o(i.__mathlib_flt_invalid)
    __mathlib_flt_underflow                  0x08007ef7   Thumb Code    10  funder.o(i.__mathlib_flt_underflow)
    __mathlib_rredf2                         0x08007f01   Thumb Code   344  rredf.o(i.__mathlib_rredf2)
    __scatterload_copy                       0x0800809d   Thumb Code    14  handlers.o(i.__scatterload_copy)
    __scatterload_null                       0x080080ab   Thumb Code     2  handlers.o(i.__scatterload_null)
    __scatterload_zeroinit                   0x080080ad   Thumb Code    14  handlers.o(i.__scatterload_zeroinit)
    __set_errno                              0x080080bd   Thumb Code     6  errno.o(i.__set_errno)
    acosf                                    0x08008e81   Thumb Code   242  acosf.o(i.acosf)
    atan2f                                   0x08009029   Thumb Code   528  atan2f.o(i.atan2f)
    cos                                      0x080093d1   Thumb Code   148  cos.o(i.cos)
    cosf                                     0x0800946d   Thumb Code   328  cosf.o(i.cosf)
    cycleCounterInit                         0x080095e9   Thumb Code    26  sysclock.o(i.cycleCounterInit)
    delay_ms                                 0x08009671   Thumb Code    34  sysclock.o(i.delay_ms)
    delay_us                                 0x08009693   Thumb Code    24  sysclock.o(i.delay_us)
    dmp_enable_6x_lp_quat                    0x080096ab   Thumb Code    60  inv_mpu_dmp_motion_driver.o(i.dmp_enable_6x_lp_quat)
    dmp_enable_feature                       0x080096e9   Thumb Code   530  inv_mpu_dmp_motion_driver.o(i.dmp_enable_feature)
    dmp_enable_gyro_cal                      0x08009905   Thumb Code    62  inv_mpu_dmp_motion_driver.o(i.dmp_enable_gyro_cal)
    dmp_enable_lp_quat                       0x0800995d   Thumb Code    60  inv_mpu_dmp_motion_driver.o(i.dmp_enable_lp_quat)
    dmp_get_fifo_rate                        0x08009999   Thumb Code    12  inv_mpu_dmp_motion_driver.o(i.dmp_get_fifo_rate)
    dmp_load_motion_driver_firmware          0x080099a9   Thumb Code    20  inv_mpu_dmp_motion_driver.o(i.dmp_load_motion_driver_firmware)
    dmp_read_fifo                            0x080099c1   Thumb Code   456  inv_mpu_dmp_motion_driver.o(i.dmp_read_fifo)
    dmp_register_android_orient_cb           0x08009b8d   Thumb Code    10  inv_mpu_dmp_motion_driver.o(i.dmp_register_android_orient_cb)
    dmp_register_tap_cb                      0x08009b9d   Thumb Code    10  inv_mpu_dmp_motion_driver.o(i.dmp_register_tap_cb)
    dmp_set_fifo_rate                        0x08009bad   Thumb Code    96  inv_mpu_dmp_motion_driver.o(i.dmp_set_fifo_rate)
    dmp_set_interrupt_mode                   0x08009c1d   Thumb Code    66  inv_mpu_dmp_motion_driver.o(i.dmp_set_interrupt_mode)
    dmp_set_orientation                      0x08009c79   Thumb Code   290  inv_mpu_dmp_motion_driver.o(i.dmp_set_orientation)
    dmp_set_pedometer_step_count             0x08009db1   Thumb Code    42  inv_mpu_dmp_motion_driver.o(i.dmp_set_pedometer_step_count)
    dmp_set_pedometer_walk_time              0x08009ddb   Thumb Code    48  inv_mpu_dmp_motion_driver.o(i.dmp_set_pedometer_walk_time)
    dmp_set_shake_reject_thresh              0x08009e0b   Thumb Code    56  inv_mpu_dmp_motion_driver.o(i.dmp_set_shake_reject_thresh)
    dmp_set_shake_reject_time                0x08009e43   Thumb Code    38  inv_mpu_dmp_motion_driver.o(i.dmp_set_shake_reject_time)
    dmp_set_shake_reject_timeout             0x08009e69   Thumb Code    38  inv_mpu_dmp_motion_driver.o(i.dmp_set_shake_reject_timeout)
    dmp_set_tap_axes                         0x08009e8f   Thumb Code    70  inv_mpu_dmp_motion_driver.o(i.dmp_set_tap_axes)
    dmp_set_tap_count                        0x08009ed5   Thumb Code    38  inv_mpu_dmp_motion_driver.o(i.dmp_set_tap_count)
    dmp_set_tap_thresh                       0x08009efd   Thumb Code   396  inv_mpu_dmp_motion_driver.o(i.dmp_set_tap_thresh)
    dmp_set_tap_time                         0x0800a09d   Thumb Code    38  inv_mpu_dmp_motion_driver.o(i.dmp_set_tap_time)
    dmp_set_tap_time_multi                   0x0800a0c3   Thumb Code    38  inv_mpu_dmp_motion_driver.o(i.dmp_set_tap_time_multi)
    fPutChar                                 0x0800a0e9   Thumb Code    30  usart.o(i.fPutChar)
    floor                                    0x0800a10d   Thumb Code   204  floor.o(i.floor)
    fputc                                    0x0800a1e9   Thumb Code    24  usart.o(i.fputc)
    get_ms                                   0x0800a205   Thumb Code     2  inv_mpu.o(i.get_ms)
    handle_input                             0x0800ad21   Thumb Code  1140  mpu_userapi.o(i.handle_input)
    inv_accel_was_turned_off                 0x0800b1b5   Thumb Code     8  data_builder.o(i.inv_accel_was_turned_off)
    inv_apply_calibration                    0x0800b1c1   Thumb Code   106  data_builder.o(i.inv_apply_calibration)
    inv_build_accel                          0x0800b22d   Thumb Code   128  data_builder.o(i.inv_build_accel)
    inv_build_compass                        0x0800b2b9   Thumb Code   168  data_builder.o(i.inv_build_compass)
    inv_build_gyro                           0x0800b369   Thumb Code    46  data_builder.o(i.inv_build_gyro)
    inv_build_temp                           0x0800b3a1   Thumb Code    38  data_builder.o(i.inv_build_temp)
    inv_compass_angle                        0x0800b3cd   Thumb Code   162  ml_math_func.o(i.inv_compass_angle)
    inv_compass_was_turned_off               0x0800b471   Thumb Code    10  data_builder.o(i.inv_compass_was_turned_off)
    inv_convert_to_body_with_scale           0x0800b481   Thumb Code   114  ml_math_func.o(i.inv_convert_to_body_with_scale)
    inv_disable_compass_soft_iron_matrix     0x0800b55d   Thumb Code    10  data_builder.o(i.inv_disable_compass_soft_iron_matrix)
    inv_enable_eMPL_outputs                  0x0800b56d   Thumb Code    22  empl_outputs.o(i.inv_enable_eMPL_outputs)
    inv_enable_results_holder                0x0800b589   Thumb Code    26  results_holder.o(i.inv_enable_results_holder)
    inv_execute_mpl_start_notification       0x0800b5a9   Thumb Code    40  start_manager.o(i.inv_execute_mpl_start_notification)
    inv_execute_on_data                      0x0800b5d5   Thumb Code   152  data_builder.o(i.inv_execute_on_data)
    inv_generate_results                     0x0800b765   Thumb Code    12  results_holder.o(i.inv_generate_results)
    inv_get_6axis_quaternion                 0x0800b775   Thumb Code    18  results_holder.o(i.inv_get_6axis_quaternion)
    inv_get_acc_state                        0x0800b78d   Thumb Code     6  results_holder.o(i.inv_get_acc_state)
    inv_get_accel_accuracy                   0x0800b799   Thumb Code     6  data_builder.o(i.inv_get_accel_accuracy)
    inv_get_accel_on                         0x0800b7a5   Thumb Code    12  data_builder.o(i.inv_get_accel_on)
    inv_get_accel_set                        0x0800b7b5   Thumb Code    40  data_builder.o(i.inv_get_accel_set)
    inv_get_compass_bias                     0x0800b7e1   Thumb Code    18  data_builder.o(i.inv_get_compass_bias)
    inv_get_compass_correction               0x0800b7f9   Thumb Code    20  results_holder.o(i.inv_get_compass_correction)
    inv_get_compass_on                       0x0800b811   Thumb Code    12  data_builder.o(i.inv_get_compass_on)
    inv_get_compass_set                      0x0800b821   Thumb Code    58  data_builder.o(i.inv_get_compass_set)
    inv_get_compass_soft_iron_output_data    0x0800b865   Thumb Code    24  data_builder.o(i.inv_get_compass_soft_iron_output_data)
    inv_get_compass_state                    0x0800b881   Thumb Code     6  results_holder.o(i.inv_get_compass_state)
    inv_get_gravity                          0x0800b88d   Thumb Code    90  results_holder.o(i.inv_get_gravity)
    inv_get_gyro                             0x0800b8ed   Thumb Code    12  data_builder.o(i.inv_get_gyro)
    inv_get_gyro_accuracy                    0x0800b8fd   Thumb Code     6  data_builder.o(i.inv_get_gyro_accuracy)
    inv_get_gyro_bias                        0x0800b909   Thumb Code    32  data_builder.o(i.inv_get_gyro_bias)
    inv_get_gyro_bias_tc_set                 0x0800b92d   Thumb Code    26  data_builder.o(i.inv_get_gyro_bias_tc_set)
    inv_get_gyro_on                          0x0800b94d   Thumb Code    10  data_builder.o(i.inv_get_gyro_on)
    inv_get_gyro_sum_of_sqr                  0x0800b95d   Thumb Code    28  ml_math_func.o(i.inv_get_gyro_sum_of_sqr)
    inv_get_large_mag_field                  0x0800b979   Thumb Code     6  results_holder.o(i.inv_get_large_mag_field)
    inv_get_last_timestamp                   0x0800b985   Thumb Code    98  data_builder.o(i.inv_get_last_timestamp)
    inv_get_linear_accel                     0x0800b9ed   Thumb Code    60  results_holder.o(i.inv_get_linear_accel)
    inv_get_linear_accel_float               0x0800ba29   Thumb Code    56  results_holder.o(i.inv_get_linear_accel_float)
    inv_get_local_field                      0x0800ba61   Thumb Code    12  results_holder.o(i.inv_get_local_field)
    inv_get_mag_accuracy                     0x0800ba71   Thumb Code    20  data_builder.o(i.inv_get_mag_accuracy)
    inv_get_motion_state                     0x0800ba8d   Thumb Code    16  results_holder.o(i.inv_get_motion_state)
    inv_get_quaternion                       0x0800baa1   Thumb Code    54  results_holder.o(i.inv_get_quaternion)
    inv_get_quaternion_set                   0x0800badd   Thumb Code    68  results_holder.o(i.inv_get_quaternion_set)
    inv_get_sensor_type_euler                0x0800bb21   Thumb Code   536  empl_outputs.o(i.inv_get_sensor_type_euler)
    inv_get_sensor_type_gravity              0x0800bd51   Thumb Code    86  hal_outputs.o(i.inv_get_sensor_type_gravity)
    inv_got_compass_bias                     0x0800bdb1   Thumb Code     6  results_holder.o(i.inv_got_compass_bias)
    inv_gyro_was_turned_off                  0x0800bdbd   Thumb Code     8  data_builder.o(i.inv_gyro_was_turned_off)
    inv_init_data_builder                    0x0800bdc9   Thumb Code    42  data_builder.o(i.inv_init_data_builder)
    inv_init_mpl                             0x0800be19   Thumb Code   106  mpl.o(i.inv_init_mpl)
    inv_init_results_holder                  0x0800be9d   Thumb Code    46  results_holder.o(i.inv_init_results_holder)
    inv_init_start_manager                   0x0800bed5   Thumb Code    14  start_manager.o(i.inv_init_start_manager)
    inv_init_storage_manager                 0x0800bee9   Thumb Code    20  storage_manager.o(i.inv_init_storage_manager)
    inv_orientation_matrix_to_scalar         0x0800bf01   Thumb Code    40  ml_math_func.o(i.inv_orientation_matrix_to_scalar)
    inv_q29_mult                             0x0800bf29   Thumb Code    18  ml_math_func.o(i.inv_q29_mult)
    inv_q30_mult                             0x0800bf3b   Thumb Code    18  ml_math_func.o(i.inv_q30_mult)
    inv_q_add                                0x0800bf63   Thumb Code    36  ml_math_func.o(i.inv_q_add)
    inv_q_addf                               0x0800bf87   Thumb Code    50  ml_math_func.o(i.inv_q_addf)
    inv_q_invert                             0x0800bfb9   Thumb Code    24  ml_math_func.o(i.inv_q_invert)
    inv_q_invertf                            0x0800bfd1   Thumb Code    30  ml_math_func.o(i.inv_q_invertf)
    inv_q_mult                               0x0800bfef   Thumb Code   178  ml_math_func.o(i.inv_q_mult)
    inv_q_multf                              0x0800c0a1   Thumb Code   270  ml_math_func.o(i.inv_q_multf)
    inv_q_norm4                              0x0800c1af   Thumb Code   146  ml_math_func.o(i.inv_q_norm4)
    inv_q_normalizef                         0x0800c241   Thumb Code   366  ml_math_func.o(i.inv_q_normalizef)
    inv_q_rotate                             0x0800c3af   Thumb Code    66  ml_math_func.o(i.inv_q_rotate)
    inv_quaternion_sensor_was_turned_off     0x0800c3f1   Thumb Code    10  data_builder.o(i.inv_quaternion_sensor_was_turned_off)
    inv_quaternion_to_rotation               0x0800c401   Thumb Code   218  ml_math_func.o(i.inv_quaternion_to_rotation)
    inv_register_data_cb                     0x0800c4dd   Thumb Code   234  data_builder.o(i.inv_register_data_cb)
    inv_register_load_store                  0x0800c5d5   Thumb Code   138  storage_manager.o(i.inv_register_load_store)
    inv_register_mpl_start_notification      0x0800c665   Thumb Code    38  start_manager.o(i.inv_register_mpl_start_notification)
    inv_reset_compass_soft_iron_matrix       0x0800c691   Thumb Code    70  data_builder.o(i.inv_reset_compass_soft_iron_matrix)
    inv_set_accel_accuracy                   0x0800c72d   Thumb Code    26  data_builder.o(i.inv_set_accel_accuracy)
    inv_set_accel_bias                       0x0800c751   Thumb Code    64  data_builder.o(i.inv_set_accel_bias)
    inv_set_accel_bias_found                 0x0800c79d   Thumb Code     6  results_holder.o(i.inv_set_accel_bias_found)
    inv_set_accel_bias_mask                  0x0800c7a9   Thumb Code    84  data_builder.o(i.inv_set_accel_bias_mask)
    inv_set_accel_orientation_and_scale      0x0800c809   Thumb Code    18  data_builder.o(i.inv_set_accel_orientation_and_scale)
    inv_set_accel_sample_rate                0x0800c821   Thumb Code    36  data_builder.o(i.inv_set_accel_sample_rate)
    inv_set_compass_bias                     0x0800c84d   Thumb Code    66  data_builder.o(i.inv_set_compass_bias)
    inv_set_compass_bias_error               0x0800c899   Thumb Code    14  results_holder.o(i.inv_set_compass_bias_error)
    inv_set_compass_bias_found               0x0800c8ad   Thumb Code     6  results_holder.o(i.inv_set_compass_bias_found)
    inv_set_compass_correction               0x0800c8b9   Thumb Code    30  results_holder.o(i.inv_set_compass_correction)
    inv_set_compass_disturbance              0x0800c8dd   Thumb Code     8  data_builder.o(i.inv_set_compass_disturbance)
    inv_set_compass_orientation_and_scale    0x0800c8e9   Thumb Code    18  data_builder.o(i.inv_set_compass_orientation_and_scale)
    inv_set_compass_sample_rate              0x0800c901   Thumb Code    40  data_builder.o(i.inv_set_compass_sample_rate)
    inv_set_compass_soft_iron_input_data     0x0800c931   Thumb Code    74  data_builder.o(i.inv_set_compass_soft_iron_input_data)
    inv_set_compass_state                    0x0800c985   Thumb Code     6  results_holder.o(i.inv_set_compass_state)
    inv_set_gyro_bias                        0x0800cab1   Thumb Code   102  data_builder.o(i.inv_set_gyro_bias)
    inv_set_gyro_orientation_and_scale       0x0800cb25   Thumb Code    18  data_builder.o(i.inv_set_gyro_orientation_and_scale)
    inv_set_gyro_sample_rate                 0x0800cb3d   Thumb Code    32  data_builder.o(i.inv_set_gyro_sample_rate)
    inv_set_message                          0x0800cb65   Thumb Code    24  message_layer.o(i.inv_set_message)
    inv_set_motion_state                     0x0800cb81   Thumb Code    74  results_holder.o(i.inv_set_motion_state)
    inv_set_quat_sample_rate                 0x0800cbd1   Thumb Code    22  data_builder.o(i.inv_set_quat_sample_rate)
    inv_start_mpl                            0x0800cc01   Thumb Code    38  mpl.o(i.inv_start_mpl)
    inv_start_results_holder                 0x0800cc41   Thumb Code    18  results_holder.o(i.inv_start_results_holder)
    inv_store_gaming_quaternion              0x0800cc59   Thumb Code    30  results_holder.o(i.inv_store_gaming_quaternion)
    inv_unregister_data_cb                   0x0800cc7d   Thumb Code    96  data_builder.o(i.inv_unregister_data_cb)
    inv_unregister_mpl_start_notification    0x0800cce1   Thumb Code    92  start_manager.o(i.inv_unregister_mpl_start_notification)
    log                                      0x0800cd41   Thumb Code   808  log.o(i.log)
    main                                     0x0800d09d   Thumb Code   298  main.o(i.main)
    micros                                   0x0800d25d   Thumb Code    58  sysclock.o(i.micros)
    mlMatrixVectorMult                       0x0800d2a1   Thumb Code    62  ml_math_func.o(i.mlMatrixVectorMult)
    mpu9250_initialize                       0x0800d2e1   Thumb Code   438  mpu_userapi.o(i.mpu9250_initialize)
    mpu_configure_fifo                       0x0800d581   Thumb Code   106  inv_mpu.o(i.mpu_configure_fifo)
    mpu_get_accel_fsr                        0x0800d5f1   Thumb Code    72  inv_mpu.o(i.mpu_get_accel_fsr)
    mpu_get_accel_sens                       0x0800d63d   Thumb Code    78  inv_mpu.o(i.mpu_get_accel_sens)
    mpu_get_compass_fsr                      0x0800d691   Thumb Code    14  inv_mpu.o(i.mpu_get_compass_fsr)
    mpu_get_compass_reg                      0x0800d6a5   Thumb Code   208  inv_mpu.o(i.mpu_get_compass_reg)
    mpu_get_fifo_config                      0x0800d779   Thumb Code    12  inv_mpu.o(i.mpu_get_fifo_config)
    mpu_get_gyro_fsr                         0x0800d789   Thumb Code    64  inv_mpu.o(i.mpu_get_gyro_fsr)
    mpu_get_gyro_sens                        0x0800d7cd   Thumb Code    58  inv_mpu.o(i.mpu_get_gyro_sens)
    mpu_get_lpf                              0x0800d81d   Thumb Code    74  inv_mpu.o(i.mpu_get_lpf)
    mpu_get_sample_rate                      0x0800d86d   Thumb Code    26  inv_mpu.o(i.mpu_get_sample_rate)
    mpu_get_temperature                      0x0800d88d   Thumb Code   150  inv_mpu.o(i.mpu_get_temperature)
    mpu_init                                 0x0800d92d   Thumb Code   306  inv_mpu.o(i.mpu_init)
    mpu_load_firmware                        0x0800da99   Thumb Code   180  inv_mpu.o(i.mpu_load_firmware)
    mpu_lp_accel_mode                        0x0800db51   Thumb Code   280  inv_mpu.o(i.mpu_lp_accel_mode)
    mpu_mpl_get_data                         0x0800dc6d   Thumb Code   296  mpu_userapi.o(i.mpu_mpl_get_data)
    mpu_read_fifo_stream                     0x0800dd9d   Thumb Code   186  inv_mpu.o(i.mpu_read_fifo_stream)
    mpu_read_mem                             0x0800de5d   Thumb Code   122  inv_mpu.o(i.mpu_read_mem)
    mpu_reg_dump                             0x0800dedd   Thumb Code    84  inv_mpu.o(i.mpu_reg_dump)
    mpu_reset_fifo                           0x0800df45   Thumb Code   450  inv_mpu.o(i.mpu_reset_fifo)
    mpu_run_6500_self_test                   0x0800e10d   Thumb Code   384  inv_mpu.o(i.mpu_run_6500_self_test)
    mpu_set_accel_fsr                        0x0800e3a9   Thumb Code   126  inv_mpu.o(i.mpu_set_accel_fsr)
    mpu_set_bypass                           0x0800e42d   Thumb Code   328  inv_mpu.o(i.mpu_set_bypass)
    mpu_set_compass_sample_rate              0x0800e579   Thumb Code    92  inv_mpu.o(i.mpu_set_compass_sample_rate)
    mpu_set_dmp_state                        0x0800e5d9   Thumb Code   138  inv_mpu.o(i.mpu_set_dmp_state)
    mpu_set_gyro_fsr                         0x0800e669   Thumb Code   132  inv_mpu.o(i.mpu_set_gyro_fsr)
    mpu_set_int_latched                      0x0800e6f1   Thumb Code   102  inv_mpu.o(i.mpu_set_int_latched)
    mpu_set_lpf                              0x0800e75d   Thumb Code   126  inv_mpu.o(i.mpu_set_lpf)
    mpu_set_sample_rate                      0x0800e7e1   Thumb Code   174  inv_mpu.o(i.mpu_set_sample_rate)
    mpu_set_sensors                          0x0800e895   Thumb Code   354  inv_mpu.o(i.mpu_set_sensors)
    mpu_write_mem                            0x0800e9fd   Thumb Code   122  inv_mpu.o(i.mpu_write_mem)
    send_status_compass                      0x0800ec85   Thumb Code   138  mpu_userapi.o(i.send_status_compass)
    set_sensor_orientation_and_scale         0x0800edcd   Thumb Code     6  data_builder.o(i.set_sensor_orientation_and_scale)
    sinf                                     0x0800f0c5   Thumb Code   338  sinf.o(i.sinf)
    sqrt                                     0x0800f24d   Thumb Code    76  sqrt.o(i.sqrt)
    sqrtf                                    0x0800f299   Thumb Code    44  sqrtf.o(i.sqrtf)
    reg                                      0x0800f370   Data          42  inv_mpu.o(.constdata)
    hw                                       0x0800f39a   Data          14  inv_mpu.o(.constdata)
    test                                     0x0800f3a8   Data          48  inv_mpu.o(.constdata)
    ml_ver                                   0x080101ce   Data          20  mpl.o(.constdata)
    __mathlib_zero                           0x08010268   Data           8  qnan.o(.constdata)
    Region$$Table$$Base                      0x08010418   Number         0  anon$$obj.o(Region$$Table)
    Region$$Table$$Limit                     0x08010438   Number         0  anon$$obj.o(Region$$Table)
    SystemCoreClock                          0x20000000   Data           4  system_stm32f10x.o(.data)
    AHBPrescTable                            0x20000004   Data          16  system_stm32f10x.o(.data)
    SysClock                                 0x20000014   Data           1  sysclock.o(.data)
    sysTickUptime                            0x2000001c   Data           4  sysclock.o(.data)
    ZHONGZHI_PIT                             0x20000020   Data           4  control.o(.data)
    ZHONGZHI_ROL                             0x20000024   Data           4  control.o(.data)
    ZHONGZHI_YAW                             0x20000028   Data           4  control.o(.data)
    angular_speed_X                          0x2000002c   Data           4  control.o(.data)
    angular_speed_Y                          0x20000030   Data           4  control.o(.data)
    e_I_Y                                    0x20000044   Data           4  control.o(.data)
    e_I_X                                    0x20000048   Data           4  control.o(.data)
    PWM_X                                    0x20000076   Data           2  control.o(.data)
    PWM_Y                                    0x20000078   Data           2  control.o(.data)
    PWM_YAW                                  0x2000007a   Data           2  control.o(.data)
    MOTO_PWM                                 0x2000007c   Data           8  control.o(.data)
    __stdout                                 0x200000a8   Data           4  usart.o(.data)
    CAPTURE_STA_TIM2CH                       0x200000ac   Data           4  timer.o(.data)
    CAPTURE_VAL_TIM2CH                       0x200000b0   Data           8  timer.o(.data)
    CAPTURE_UP_TIM2CH                        0x200000b8   Data           8  timer.o(.data)
    CAPTURE_DOWN_TIM2CH                      0x200000c0   Data           8  timer.o(.data)
    hal_timestamp                            0x20000100   Data           4  mpu_userapi.o(.data)
    rx_new                                   0x20000104   Data           1  mpu_userapi.o(.data)
    mpl_key                                  0x20000108   Data           4  mpu_userapi.o(.data)
    myControl                                0x20000138   Data          36  control.o(.bss)
    cb                                       0x200007c8   Data         232  compass_vec_cal.o(.bss)
    cb_test                                  0x200008b0   Data         232  compass_vec_cal.o(.bss)
    cb_sim                                   0x20000998   Data         232  compass_vec_cal.o(.bss)
    vc                                       0x20000a80   Data         424  compass_vec_cal.o(.bss)
    fnm                                      0x20000c28   Data         608  fast_no_motion.o(.bss)
    s9axis                                   0x20000ec8   Data         312  fusion_9axis.o(.bss)
    mag_disturb                              0x200011c4   Data         184  mag_disturb.o(.bss)
    __initial_sp                             0x20001ba0   Data           0  startup_stm32f10x_md.o(STACK)



==============================================================================

Memory Map of the image

  Image Entry point : 0x080000ed

  Load Region LR_IROM1 (Base: 0x08000000, Size: 0x00010570, Max: 0x00020000, ABSOLUTE, COMPRESSED[0x0001048c])

    Execution Region ER_IROM1 (Base: 0x08000000, Size: 0x00010438, Max: 0x00020000, ABSOLUTE)

    Base Addr    Size         Type   Attr      Idx    E Section Name        Object

    0x08000000   0x000000ec   Data   RO          132    RESET               startup_stm32f10x_md.o
    0x080000ec   0x00000000   Code   RO         4578  * .ARM.Collect$$$$00000000  mc_w.l(entry.o)
    0x080000ec   0x00000004   Code   RO         4960    .ARM.Collect$$$$00000001  mc_w.l(entry2.o)
    0x080000f0   0x00000004   Code   RO         4963    .ARM.Collect$$$$00000004  mc_w.l(entry5.o)
    0x080000f4   0x00000000   Code   RO         4965    .ARM.Collect$$$$00000008  mc_w.l(entry7b.o)
    0x080000f4   0x00000000   Code   RO         4967    .ARM.Collect$$$$0000000A  mc_w.l(entry8b.o)
    0x080000f4   0x00000008   Code   RO         4968    .ARM.Collect$$$$0000000B  mc_w.l(entry9a.o)
    0x080000fc   0x00000000   Code   RO         4970    .ARM.Collect$$$$0000000D  mc_w.l(entry10a.o)
    0x080000fc   0x00000000   Code   RO         4972    .ARM.Collect$$$$0000000F  mc_w.l(entry11a.o)
    0x080000fc   0x00000004   Code   RO         4961    .ARM.Collect$$$$00002712  mc_w.l(entry2.o)
    0x08000100   0x00000024   Code   RO          133    .text               startup_stm32f10x_md.o
    0x08000124   0x00001e5c   Code   RO         4208    .text               libmpllib.lib(compass_vec_cal.o)
    0x08001f80   0x000009f4   Code   RO         4298    .text               libmpllib.lib(fast_no_motion.o)
    0x08002974   0x0000065c   Code   RO         4331    .text               libmpllib.lib(fusion_9axis.o)
    0x08002fd0   0x000004bc   Code   RO         4353    .text               libmpllib.lib(gyro_tc.o)
    0x0800348c   0x00000550   Code   RO         4371    .text               libmpllib.lib(mag_disturb.o)
    0x080039dc   0x00000940   Code   RO         4393    .text               libmpllib.lib(quaternion_supervisor.o)
    0x0800431c   0x00000aec   Code   RO         4411    .text               libmpllib.lib(accel_auto_cal.o)
    0x08004e08   0x00000062   Code   RO         4581    .text               mc_w.l(ldiv.o)
    0x08004e6a   0x0000001e   Code   RO         4583    .text               mc_w.l(llshl.o)
    0x08004e88   0x00000024   Code   RO         4585    .text               mc_w.l(llsshr.o)
    0x08004eac   0x00000040   Code   RO         4589    .text               mc_w.l(memmovea.o)
    0x08004eec   0x00000024   Code   RO         4591    .text               mc_w.l(memseta.o)
    0x08004f10   0x0000001a   Code   RO         4593    .text               mc_w.l(memcmp.o)
    0x08004f2a   0x000000b0   Code   RO         4860    .text               mf_w.l(fadd.o)
    0x08004fda   0x00000064   Code   RO         4862    .text               mf_w.l(fmul.o)
    0x0800503e   0x0000007c   Code   RO         4864    .text               mf_w.l(fdiv.o)
    0x080050ba   0x00000018   Code   RO         4866    .text               mf_w.l(fscalb.o)
    0x080050d2   0x0000014e   Code   RO         4868    .text               mf_w.l(dadd.o)
    0x08005220   0x000000e4   Code   RO         4870    .text               mf_w.l(dmul.o)
    0x08005304   0x000000de   Code   RO         4872    .text               mf_w.l(ddiv.o)
    0x080053e2   0x0000002e   Code   RO         4874    .text               mf_w.l(dscalb.o)
    0x08005410   0x00000012   Code   RO         4876    .text               mf_w.l(fflti.o)
    0x08005422   0x0000000a   Code   RO         4878    .text               mf_w.l(ffltui.o)
    0x0800542c   0x0000002c   Code   RO         4880    .text               mf_w.l(ffltl.o)
    0x08005458   0x00000022   Code   RO         4882    .text               mf_w.l(dflti.o)
    0x0800547a   0x0000001a   Code   RO         4884    .text               mf_w.l(dfltui.o)
    0x08005494   0x00000032   Code   RO         4886    .text               mf_w.l(ffixi.o)
    0x080054c6   0x00000028   Code   RO         4888    .text               mf_w.l(ffixui.o)
    0x080054ee   0x00000042   Code   RO         4890    .text               mf_w.l(ffixl.o)
    0x08005530   0x0000003e   Code   RO         4892    .text               mf_w.l(dfixi.o)
    0x0800556e   0x00000032   Code   RO         4894    .text               mf_w.l(dfixui.o)
    0x080055a0   0x00000026   Code   RO         4896    .text               mf_w.l(f2d.o)
    0x080055c6   0x00000002   PAD
    0x080055c8   0x00000030   Code   RO         4898    .text               mf_w.l(cdcmple.o)
    0x080055f8   0x00000030   Code   RO         4900    .text               mf_w.l(cdrcmple.o)
    0x08005628   0x00000038   Code   RO         4902    .text               mf_w.l(d2f.o)
    0x08005660   0x00000014   Code   RO         4904    .text               mf_w.l(cfcmple.o)
    0x08005674   0x00000014   Code   RO         4906    .text               mf_w.l(cfrcmple.o)
    0x08005688   0x0000002c   Code   RO         4974    .text               mc_w.l(uidiv.o)
    0x080056b4   0x00000062   Code   RO         4976    .text               mc_w.l(uldiv.o)
    0x08005716   0x00000020   Code   RO         4978    .text               mc_w.l(llushr.o)
    0x08005736   0x00000000   Code   RO         4987    .text               mc_w.l(iusefp.o)
    0x08005736   0x0000006e   Code   RO         4988    .text               mf_w.l(fepilogue.o)
    0x080057a4   0x0000005e   Code   RO         4990    .text               mf_w.l(fsqrt.o)
    0x08005802   0x0000003c   Code   RO         4992    .text               mf_w.l(frnd.o)
    0x0800583e   0x000000ba   Code   RO         4994    .text               mf_w.l(depilogue.o)
    0x080058f8   0x000000a2   Code   RO         4996    .text               mf_w.l(dsqrt.o)
    0x0800599a   0x00000030   Code   RO         4998    .text               mf_w.l(dfixul.o)
    0x080059ca   0x00000002   PAD
    0x080059cc   0x00000024   Code   RO         5000    .text               mc_w.l(init.o)
    0x080059f0   0x00000056   Code   RO         5010    .text               mc_w.l(__dczerorl2.o)
    0x08005a46   0x00000004   Code   RO          298    i.BusFault_Handler  stm32f10x_it.o
    0x08005a4a   0x00000002   PAD
    0x08005a4c   0x00000058   Code   RO          422    i.Deal_Pwm          control.o
    0x08005aa4   0x00000002   Code   RO          299    i.DebugMon_Handler  stm32f10x_it.o
    0x08005aa6   0x00000002   PAD
    0x08005aa8   0x00000058   Code   RO          423    i.Direction_Control  control.o
    0x08005b00   0x0000001c   Code   RO          932    i.FLASH_PrefetchBufferCmd  stm32f10x_flash.o
    0x08005b1c   0x00000018   Code   RO          937    i.FLASH_SetLatency  stm32f10x_flash.o
    0x08005b34   0x00000116   Code   RO          517    i.GPIO_Init         stm32f10x_gpio.o
    0x08005c4a   0x00000004   Code   RO          300    i.HardFault_Handler  stm32f10x_it.o
    0x08005c4e   0x00000002   PAD
    0x08005c50   0x0000004c   Code   RO         1972    i.IIC_Ack           i2c.o
    0x08005c9c   0x0000004c   Code   RO         1973    i.IIC_Init          i2c.o
    0x08005ce8   0x0000004c   Code   RO         1974    i.IIC_NAck          i2c.o
    0x08005d34   0x00000070   Code   RO         1975    i.IIC_Read_Byte     i2c.o
    0x08005da4   0x00000068   Code   RO         1976    i.IIC_Send_Byte     i2c.o
    0x08005e0c   0x0000004c   Code   RO         1977    i.IIC_Start         i2c.o
    0x08005e58   0x0000004c   Code   RO         1978    i.IIC_Stop          i2c.o
    0x08005ea4   0x00000068   Code   RO         1979    i.IIC_Wait_Ack      i2c.o
    0x08005f0c   0x0000007c   Code   RO         1980    i.IICreadBytes      i2c.o
    0x08005f88   0x00000062   Code   RO         1981    i.IICwriteBytes     i2c.o
    0x08005fea   0x00000002   PAD
    0x08005fec   0x00000230   Code   RO          424    i.Inner_PID         control.o
    0x0800621c   0x00000004   Code   RO          301    i.MemManage_Handler  stm32f10x_it.o
    0x08006220   0x000000b0   Code   RO         2108    i.Motor_Set         pca9685.o
    0x080062d0   0x00000002   Code   RO          302    i.NMI_Handler       stm32f10x_it.o
    0x080062d2   0x00000002   PAD
    0x080062d4   0x00000070   Code   RO          475    i.NVIC_Init         misc.o
    0x08006344   0x00000068   Code   RO          425    i.Outter_PID        control.o
    0x080063ac   0x00000058   Code   RO         2109    i.PCA9685_Read_Byte  pca9685.o
    0x08006404   0x0000003a   Code   RO         2111    i.PCA9685_SetPWM    pca9685.o
    0x0800643e   0x00000002   PAD
    0x08006440   0x000000bc   Code   RO         2112    i.PCA9685_SetPWMFreq  pca9685.o
    0x080064fc   0x0000004e   Code   RO         2113    i.PCA9685_Write_Byte  pca9685.o
    0x0800654a   0x00000002   Code   RO          303    i.PendSV_Handler    stm32f10x_it.o
    0x0800654c   0x00000020   Code   RO          717    i.RCC_APB1PeriphClockCmd  stm32f10x_rcc.o
    0x0800656c   0x00000020   Code   RO          719    i.RCC_APB2PeriphClockCmd  stm32f10x_rcc.o
    0x0800658c   0x0000004c   Code   RO          726    i.RCC_DeInit        stm32f10x_rcc.o
    0x080065d8   0x000000d4   Code   RO          727    i.RCC_GetClocksFreq  stm32f10x_rcc.o
    0x080066ac   0x0000003c   Code   RO          728    i.RCC_GetFlagStatus  stm32f10x_rcc.o
    0x080066e8   0x00000010   Code   RO          730    i.RCC_GetSYSCLKSource  stm32f10x_rcc.o
    0x080066f8   0x00000018   Code   RO          731    i.RCC_HCLKConfig    stm32f10x_rcc.o
    0x08006710   0x0000004c   Code   RO          732    i.RCC_HSEConfig     stm32f10x_rcc.o
    0x0800675c   0x00000034   Code   RO          735    i.RCC_LSEConfig     stm32f10x_rcc.o
    0x08006790   0x00000018   Code   RO          738    i.RCC_PCLK1Config   stm32f10x_rcc.o
    0x080067a8   0x00000018   Code   RO          739    i.RCC_PCLK2Config   stm32f10x_rcc.o
    0x080067c0   0x0000000c   Code   RO          740    i.RCC_PLLCmd        stm32f10x_rcc.o
    0x080067cc   0x0000001c   Code   RO          741    i.RCC_PLLConfig     stm32f10x_rcc.o
    0x080067e8   0x00000018   Code   RO          744    i.RCC_SYSCLKConfig  stm32f10x_rcc.o
    0x08006800   0x00000038   Code   RO          746    i.RCC_WaitForHSEStartUp  stm32f10x_rcc.o
    0x08006838   0x00000002   Code   RO          304    i.SVC_Handler       stm32f10x_it.o
    0x0800683a   0x00000008   Code   RO           17    i.SetSysClock       system_stm32f10x.o
    0x08006842   0x00000002   PAD
    0x08006844   0x000000e0   Code   RO           18    i.SetSysClockTo72   system_stm32f10x.o
    0x08006924   0x00000070   Code   RO          361    i.SetSysClockToHSE  sysclock.o
    0x08006994   0x00000184   Code   RO          427    i.Set_Pwm           control.o
    0x08006b18   0x00000010   Code   RO          362    i.SysTick_Handler   sysclock.o
    0x08006b28   0x00000060   Code   RO           20    i.SystemInit        system_stm32f10x.o
    0x08006b88   0x00000080   Code   RO         1269    i.TI1_Config        stm32f10x_tim.o
    0x08006c08   0x00000098   Code   RO         1270    i.TI2_Config        stm32f10x_tim.o
    0x08006ca0   0x00000090   Code   RO         1271    i.TI3_Config        stm32f10x_tim.o
    0x08006d30   0x00000098   Code   RO         1272    i.TI4_Config        stm32f10x_tim.o
    0x08006dc8   0x0000012c   Code   RO         2150    i.TIM2_CAP_Init     timer.o
    0x08006ef4   0x0000031c   Code   RO         2151    i.TIM2_IRQHandler   timer.o
    0x08007210   0x00000006   Code   RO         1279    i.TIM_ClearFlag     stm32f10x_tim.o
    0x08007216   0x00000018   Code   RO         1285    i.TIM_Cmd           stm32f10x_tim.o
    0x0800722e   0x00000006   Code   RO         1300    i.TIM_GetCapture1   stm32f10x_tim.o
    0x08007234   0x00000006   Code   RO         1301    i.TIM_GetCapture2   stm32f10x_tim.o
    0x0800723a   0x00000006   Code   RO         1302    i.TIM_GetCapture3   stm32f10x_tim.o
    0x08007240   0x00000008   Code   RO         1303    i.TIM_GetCapture4   stm32f10x_tim.o
    0x08007248   0x00000022   Code   RO         1306    i.TIM_GetITStatus   stm32f10x_tim.o
    0x0800726a   0x00000002   PAD
    0x0800726c   0x000000ac   Code   RO         1308    i.TIM_ICInit        stm32f10x_tim.o
    0x08007318   0x00000012   Code   RO         1310    i.TIM_ITConfig      stm32f10x_tim.o
    0x0800732a   0x00000012   Code   RO         1316    i.TIM_OC1PolarityConfig  stm32f10x_tim.o
    0x0800733c   0x0000001a   Code   RO         1321    i.TIM_OC2PolarityConfig  stm32f10x_tim.o
    0x08007356   0x0000001a   Code   RO         1326    i.TIM_OC3PolarityConfig  stm32f10x_tim.o
    0x08007370   0x0000001a   Code   RO         1330    i.TIM_OC4PolarityConfig  stm32f10x_tim.o
    0x0800738a   0x00000012   Code   RO         1351    i.TIM_SetIC1Prescaler  stm32f10x_tim.o
    0x0800739c   0x0000001a   Code   RO         1352    i.TIM_SetIC2Prescaler  stm32f10x_tim.o
    0x080073b6   0x00000012   Code   RO         1353    i.TIM_SetIC3Prescaler  stm32f10x_tim.o
    0x080073c8   0x0000001a   Code   RO         1354    i.TIM_SetIC4Prescaler  stm32f10x_tim.o
    0x080073e2   0x00000002   PAD
    0x080073e4   0x000000a4   Code   RO         1356    i.TIM_TimeBaseInit  stm32f10x_tim.o
    0x08007488   0x00000020   Code   RO         1901    i.UART1NVIC_Configuration  usart.o
    0x080074a8   0x00000024   Code   RO         1902    i.USART1_IRQHandler  usart.o
    0x080074cc   0x0000001e   Code   RO         1090    i.USART_ClearITPendingBit  stm32f10x_usart.o
    0x080074ea   0x00000018   Code   RO         1093    i.USART_Cmd         stm32f10x_usart.o
    0x08007502   0x00000002   PAD
    0x08007504   0x0000008c   Code   RO         1903    i.USART_Config      usart.o
    0x08007590   0x0000001a   Code   RO         1096    i.USART_GetFlagStatus  stm32f10x_usart.o
    0x080075aa   0x00000054   Code   RO         1097    i.USART_GetITStatus  stm32f10x_usart.o
    0x080075fe   0x0000004a   Code   RO         1099    i.USART_ITConfig    stm32f10x_usart.o
    0x08007648   0x000000d8   Code   RO         1100    i.USART_Init        stm32f10x_usart.o
    0x08007720   0x0000000a   Code   RO         1107    i.USART_ReceiveData  stm32f10x_usart.o
    0x0800772a   0x00000008   Code   RO         1110    i.USART_SendData    stm32f10x_usart.o
    0x08007732   0x00000004   Code   RO          305    i.UsageFault_Handler  stm32f10x_it.o
    0x08007736   0x000000c8   Code   RO         4181    i._MLPrintLog       log_stm32.o
    0x080077fe   0x00000002   PAD
    0x08007800   0x00000020   Code   RO         4832    i.__0printf         mc_w.l(printfa.o)
    0x08007820   0x00000024   Code   RO         4838    i.__0vsprintf       mc_w.l(printfa.o)
    0x08007844   0x00000028   Code   RO         4925    i.__ARM_fpclassify  m_ws.l(fpclassify.o)
    0x0800786c   0x00000026   Code   RO         4927    i.__ARM_fpclassifyf  m_ws.l(fpclassifyf.o)
    0x08007892   0x00000002   PAD
    0x08007894   0x00000388   Code   RO         4946    i.__ieee754_rem_pio2  m_ws.l(rred.o)
    0x08007c1c   0x000000fc   Code   RO         4908    i.__kernel_cos      m_ws.l(cos_i.o)
    0x08007d18   0x000000aa   Code   RO         4943    i.__kernel_poly     m_ws.l(poly.o)
    0x08007dc2   0x00000002   PAD
    0x08007dc4   0x000000ec   Code   RO         4954    i.__kernel_sin      m_ws.l(sin_i.o)
    0x08007eb0   0x00000010   Code   RO         4911    i.__mathlib_dbl_divzero  m_ws.l(dunder.o)
    0x08007ec0   0x00000006   Code   RO         4912    i.__mathlib_dbl_infnan  m_ws.l(dunder.o)
    0x08007ec6   0x0000000c   Code   RO         4914    i.__mathlib_dbl_invalid  m_ws.l(dunder.o)
    0x08007ed2   0x00000002   PAD
    0x08007ed4   0x00000010   Code   RO         4917    i.__mathlib_dbl_underflow  m_ws.l(dunder.o)
    0x08007ee4   0x00000006   Code   RO         4930    i.__mathlib_flt_infnan  m_ws.l(funder.o)
    0x08007eea   0x00000004   Code   RO         4931    i.__mathlib_flt_infnan2  m_ws.l(funder.o)
    0x08007eee   0x00000008   Code   RO         4932    i.__mathlib_flt_invalid  m_ws.l(funder.o)
    0x08007ef6   0x0000000a   Code   RO         4935    i.__mathlib_flt_underflow  m_ws.l(funder.o)
    0x08007f00   0x00000168   Code   RO         4951    i.__mathlib_rredf2  m_ws.l(rredf.o)
    0x08008068   0x00000034   Code   RO         3833    i.__print_result_location  mpl.o
    0x0800809c   0x0000000e   Code   RO         5004    i.__scatterload_copy  mc_w.l(handlers.o)
    0x080080aa   0x00000002   Code   RO         5005    i.__scatterload_null  mc_w.l(handlers.o)
    0x080080ac   0x0000000e   Code   RO         5006    i.__scatterload_zeroinit  mc_w.l(handlers.o)
    0x080080ba   0x00000002   PAD
    0x080080bc   0x0000000c   Code   RO         4982    i.__set_errno       mc_w.l(errno.o)
    0x080080c8   0x00000164   Code   RO         4839    i._fp_digits        mc_w.l(printfa.o)
    0x0800822c   0x000006dc   Code   RO         4840    i._printf_core      mc_w.l(printfa.o)
    0x08008908   0x00000024   Code   RO         4841    i._printf_post_padding  mc_w.l(printfa.o)
    0x0800892c   0x0000002e   Code   RO         4842    i._printf_pre_padding  mc_w.l(printfa.o)
    0x0800895a   0x0000000a   Code   RO         4844    i._sputc            mc_w.l(printfa.o)
    0x08008964   0x0000051c   Code   RO         2171    i.accel_6500_self_test  inv_mpu.o
    0x08008e80   0x0000011c   Code   RO         4451    i.acosf             m_ws.l(acosf.o)
    0x08008f9c   0x0000008c   Code   RO         2694    i.android_orient_cb  mpu_userapi.o
    0x08009028   0x0000025c   Code   RO         4495    i.atan2f            m_ws.l(atan2f.o)
    0x08009284   0x0000014c   Code   RO         2172    i.compass_self_test  inv_mpu.o
    0x080093d0   0x0000009c   Code   RO         4507    i.cos               m_ws.l(cos.o)
    0x0800946c   0x0000017c   Code   RO         4515    i.cosf              m_ws.l(cosf.o)
    0x080095e8   0x00000024   Code   RO          364    i.cycleCounterInit  sysclock.o
    0x0800960c   0x00000064   Code   RO         2508    i.decode_gesture    inv_mpu_dmp_motion_driver.o
    0x08009670   0x00000022   Code   RO          365    i.delay_ms          sysclock.o
    0x08009692   0x00000018   Code   RO          366    i.delay_us          sysclock.o
    0x080096aa   0x0000003c   Code   RO         2509    i.dmp_enable_6x_lp_quat  inv_mpu_dmp_motion_driver.o
    0x080096e6   0x00000002   PAD
    0x080096e8   0x0000021c   Code   RO         2510    i.dmp_enable_feature  inv_mpu_dmp_motion_driver.o
    0x08009904   0x00000058   Code   RO         2511    i.dmp_enable_gyro_cal  inv_mpu_dmp_motion_driver.o
    0x0800995c   0x0000003c   Code   RO         2512    i.dmp_enable_lp_quat  inv_mpu_dmp_motion_driver.o
    0x08009998   0x00000010   Code   RO         2514    i.dmp_get_fifo_rate  inv_mpu_dmp_motion_driver.o
    0x080099a8   0x00000018   Code   RO         2517    i.dmp_load_motion_driver_firmware  inv_mpu_dmp_motion_driver.o
    0x080099c0   0x000001cc   Code   RO         2518    i.dmp_read_fifo     inv_mpu_dmp_motion_driver.o
    0x08009b8c   0x00000010   Code   RO         2519    i.dmp_register_android_orient_cb  inv_mpu_dmp_motion_driver.o
    0x08009b9c   0x00000010   Code   RO         2520    i.dmp_register_tap_cb  inv_mpu_dmp_motion_driver.o
    0x08009bac   0x00000070   Code   RO         2522    i.dmp_set_fifo_rate  inv_mpu_dmp_motion_driver.o
    0x08009c1c   0x0000005c   Code   RO         2524    i.dmp_set_interrupt_mode  inv_mpu_dmp_motion_driver.o
    0x08009c78   0x00000138   Code   RO         2525    i.dmp_set_orientation  inv_mpu_dmp_motion_driver.o
    0x08009db0   0x0000002a   Code   RO         2526    i.dmp_set_pedometer_step_count  inv_mpu_dmp_motion_driver.o
    0x08009dda   0x00000030   Code   RO         2527    i.dmp_set_pedometer_walk_time  inv_mpu_dmp_motion_driver.o
    0x08009e0a   0x00000038   Code   RO         2528    i.dmp_set_shake_reject_thresh  inv_mpu_dmp_motion_driver.o
    0x08009e42   0x00000026   Code   RO         2529    i.dmp_set_shake_reject_time  inv_mpu_dmp_motion_driver.o
    0x08009e68   0x00000026   Code   RO         2530    i.dmp_set_shake_reject_timeout  inv_mpu_dmp_motion_driver.o
    0x08009e8e   0x00000046   Code   RO         2531    i.dmp_set_tap_axes  inv_mpu_dmp_motion_driver.o
    0x08009ed4   0x00000026   Code   RO         2532    i.dmp_set_tap_count  inv_mpu_dmp_motion_driver.o
    0x08009efa   0x00000002   PAD
    0x08009efc   0x000001a0   Code   RO         2533    i.dmp_set_tap_thresh  inv_mpu_dmp_motion_driver.o
    0x0800a09c   0x00000026   Code   RO         2534    i.dmp_set_tap_time  inv_mpu_dmp_motion_driver.o
    0x0800a0c2   0x00000026   Code   RO         2535    i.dmp_set_tap_time_multi  inv_mpu_dmp_motion_driver.o
    0x0800a0e8   0x00000024   Code   RO         1905    i.fPutChar          usart.o
    0x0800a10c   0x000000dc   Code   RO         4523    i.floor             m_ws.l(floor.o)
    0x0800a1e8   0x0000001c   Code   RO         1907    i.fputc             usart.o
    0x0800a204   0x00000002   Code   RO         2173    i.get_ms            inv_mpu.o
    0x0800a206   0x00000002   PAD
    0x0800a208   0x00000650   Code   RO         2174    i.get_st_6500_biases  inv_mpu.o
    0x0800a858   0x000004c8   Code   RO         2176    i.gyro_6500_self_test  inv_mpu.o
    0x0800ad20   0x00000494   Code   RO         2696    i.handle_input      mpu_userapi.o
    0x0800b1b4   0x0000000c   Code   RO         2993    i.inv_accel_was_turned_off  data_builder.o
    0x0800b1c0   0x0000006a   Code   RO         2994    i.inv_apply_calibration  data_builder.o
    0x0800b22a   0x00000002   PAD
    0x0800b22c   0x0000008c   Code   RO         2995    i.inv_build_accel   data_builder.o
    0x0800b2b8   0x000000b0   Code   RO         2996    i.inv_build_compass  data_builder.o
    0x0800b368   0x00000038   Code   RO         2997    i.inv_build_gyro    data_builder.o
    0x0800b3a0   0x0000002c   Code   RO         2999    i.inv_build_temp    data_builder.o
    0x0800b3cc   0x000000a2   Code   RO         3473    i.inv_compass_angle  ml_math_func.o
    0x0800b46e   0x00000002   PAD
    0x0800b470   0x00000010   Code   RO         3000    i.inv_compass_was_turned_off  data_builder.o
    0x0800b480   0x00000072   Code   RO         3475    i.inv_convert_to_body_with_scale  ml_math_func.o
    0x0800b4f2   0x00000002   PAD
    0x0800b4f4   0x00000050   Code   RO         3001    i.inv_db_load_func  data_builder.o
    0x0800b544   0x00000018   Code   RO         3002    i.inv_db_save_func  data_builder.o
    0x0800b55c   0x00000010   Code   RO         3003    i.inv_disable_compass_soft_iron_matrix  data_builder.o
    0x0800b56c   0x0000001c   Code   RO         2775    i.inv_enable_eMPL_outputs  empl_outputs.o
    0x0800b588   0x00000020   Code   RO         3871    i.inv_enable_results_holder  results_holder.o
    0x0800b5a8   0x0000002c   Code   RO         4106    i.inv_execute_mpl_start_notification  start_manager.o
    0x0800b5d4   0x000000a0   Code   RO         3005    i.inv_execute_on_data  data_builder.o
    0x0800b674   0x000000f0   Code   RO         2776    i.inv_generate_eMPL_outputs  empl_outputs.o
    0x0800b764   0x00000010   Code   RO         3872    i.inv_generate_results  results_holder.o
    0x0800b774   0x00000018   Code   RO         3873    i.inv_get_6axis_quaternion  results_holder.o
    0x0800b78c   0x0000000c   Code   RO         3874    i.inv_get_acc_state  results_holder.o
    0x0800b798   0x0000000c   Code   RO         3006    i.inv_get_accel_accuracy  data_builder.o
    0x0800b7a4   0x00000010   Code   RO         3008    i.inv_get_accel_on  data_builder.o
    0x0800b7b4   0x0000002c   Code   RO         3012    i.inv_get_accel_set  data_builder.o
    0x0800b7e0   0x00000018   Code   RO         3013    i.inv_get_compass_bias  data_builder.o
    0x0800b7f8   0x00000018   Code   RO         3878    i.inv_get_compass_correction  results_holder.o
    0x0800b810   0x00000010   Code   RO         3015    i.inv_get_compass_on  data_builder.o
    0x0800b820   0x00000044   Code   RO         3018    i.inv_get_compass_set  data_builder.o
    0x0800b864   0x0000001c   Code   RO         3022    i.inv_get_compass_soft_iron_output_data  data_builder.o
    0x0800b880   0x0000000c   Code   RO         3879    i.inv_get_compass_state  results_holder.o
    0x0800b88c   0x00000060   Code   RO         3880    i.inv_get_gravity   results_holder.o
    0x0800b8ec   0x00000010   Code   RO         3023    i.inv_get_gyro      data_builder.o
    0x0800b8fc   0x0000000c   Code   RO         3024    i.inv_get_gyro_accuracy  data_builder.o
    0x0800b908   0x00000024   Code   RO         3025    i.inv_get_gyro_bias  data_builder.o
    0x0800b92c   0x00000020   Code   RO         3026    i.inv_get_gyro_bias_tc_set  data_builder.o
    0x0800b94c   0x00000010   Code   RO         3027    i.inv_get_gyro_on   data_builder.o
    0x0800b95c   0x0000001c   Code   RO         3479    i.inv_get_gyro_sum_of_sqr  ml_math_func.o
    0x0800b978   0x0000000c   Code   RO         3883    i.inv_get_large_mag_field  results_holder.o
    0x0800b984   0x00000068   Code   RO         3033    i.inv_get_last_timestamp  data_builder.o
    0x0800b9ec   0x0000003c   Code   RO         3884    i.inv_get_linear_accel  results_holder.o
    0x0800ba28   0x00000038   Code   RO         3885    i.inv_get_linear_accel_float  results_holder.o
    0x0800ba60   0x00000010   Code   RO         3886    i.inv_get_local_field  results_holder.o
    0x0800ba70   0x0000001c   Code   RO         3034    i.inv_get_mag_accuracy  data_builder.o
    0x0800ba8c   0x00000014   Code   RO         3888    i.inv_get_motion_state  results_holder.o
    0x0800baa0   0x0000003c   Code   RO         3889    i.inv_get_quaternion  results_holder.o
    0x0800badc   0x00000044   Code   RO         3891    i.inv_get_quaternion_set  results_holder.o
    0x0800bb20   0x00000230   Code   RO         2779    i.inv_get_sensor_type_euler  empl_outputs.o
    0x0800bd50   0x00000060   Code   RO         2877    i.inv_get_sensor_type_gravity  hal_outputs.o
    0x0800bdb0   0x0000000c   Code   RO         3893    i.inv_got_compass_bias  results_holder.o
    0x0800bdbc   0x0000000c   Code   RO         3036    i.inv_gyro_was_turned_off  data_builder.o
    0x0800bdc8   0x0000003c   Code   RO         3037    i.inv_init_data_builder  data_builder.o
    0x0800be04   0x00000014   Code   RO         2784    i.inv_init_eMPL_outputs  empl_outputs.o
    0x0800be18   0x00000084   Code   RO         3835    i.inv_init_mpl      mpl.o
    0x0800be9c   0x00000038   Code   RO         3894    i.inv_init_results_holder  results_holder.o
    0x0800bed4   0x00000014   Code   RO         4107    i.inv_init_start_manager  start_manager.o
    0x0800bee8   0x00000018   Code   RO         4140    i.inv_init_storage_manager  storage_manager.o
    0x0800bf00   0x00000028   Code   RO         3488    i.inv_orientation_matrix_to_scalar  ml_math_func.o
    0x0800bf28   0x00000012   Code   RO         3489    i.inv_q29_mult      ml_math_func.o
    0x0800bf3a   0x00000012   Code   RO         3491    i.inv_q30_mult      ml_math_func.o
    0x0800bf4c   0x00000016   Code   RO         3493    i.inv_q30_to_float  ml_math_func.o
    0x0800bf62   0x00000024   Code   RO         3494    i.inv_q_add         ml_math_func.o
    0x0800bf86   0x00000032   Code   RO         3495    i.inv_q_addf        ml_math_func.o
    0x0800bfb8   0x00000018   Code   RO         3496    i.inv_q_invert      ml_math_func.o
    0x0800bfd0   0x0000001e   Code   RO         3497    i.inv_q_invertf     ml_math_func.o
    0x0800bfee   0x000000b2   Code   RO         3498    i.inv_q_mult        ml_math_func.o
    0x0800c0a0   0x0000010e   Code   RO         3499    i.inv_q_multf       ml_math_func.o
    0x0800c1ae   0x00000092   Code   RO         3500    i.inv_q_norm4       ml_math_func.o
    0x0800c240   0x0000016e   Code   RO         3502    i.inv_q_normalizef  ml_math_func.o
    0x0800c3ae   0x00000042   Code   RO         3503    i.inv_q_rotate      ml_math_func.o
    0x0800c3f0   0x00000010   Code   RO         3039    i.inv_quaternion_sensor_was_turned_off  data_builder.o
    0x0800c400   0x000000da   Code   RO         3505    i.inv_quaternion_to_rotation  ml_math_func.o
    0x0800c4da   0x00000002   PAD
    0x0800c4dc   0x000000f8   Code   RO         3040    i.inv_register_data_cb  data_builder.o
    0x0800c5d4   0x00000090   Code   RO         4142    i.inv_register_load_store  storage_manager.o
    0x0800c664   0x0000002c   Code   RO         4108    i.inv_register_mpl_start_notification  start_manager.o
    0x0800c690   0x0000004c   Code   RO         3041    i.inv_reset_compass_soft_iron_matrix  data_builder.o
    0x0800c6dc   0x0000004e   Code   RO         3507    i.inv_row_2_scale   ml_math_func.o
    0x0800c72a   0x00000002   PAD
    0x0800c72c   0x00000024   Code   RO         3042    i.inv_set_accel_accuracy  data_builder.o
    0x0800c750   0x0000004c   Code   RO         3044    i.inv_set_accel_bias  data_builder.o
    0x0800c79c   0x0000000c   Code   RO         3897    i.inv_set_accel_bias_found  results_holder.o
    0x0800c7a8   0x00000060   Code   RO         3045    i.inv_set_accel_bias_mask  data_builder.o
    0x0800c808   0x00000018   Code   RO         3046    i.inv_set_accel_orientation_and_scale  data_builder.o
    0x0800c820   0x0000002c   Code   RO         3047    i.inv_set_accel_sample_rate  data_builder.o
    0x0800c84c   0x0000004c   Code   RO         3049    i.inv_set_compass_bias  data_builder.o
    0x0800c898   0x00000014   Code   RO         3898    i.inv_set_compass_bias_error  results_holder.o
    0x0800c8ac   0x0000000c   Code   RO         3899    i.inv_set_compass_bias_found  results_holder.o
    0x0800c8b8   0x00000024   Code   RO         3900    i.inv_set_compass_correction  results_holder.o
    0x0800c8dc   0x0000000c   Code   RO         3050    i.inv_set_compass_disturbance  data_builder.o
    0x0800c8e8   0x00000018   Code   RO         3051    i.inv_set_compass_orientation_and_scale  data_builder.o
    0x0800c900   0x00000030   Code   RO         3052    i.inv_set_compass_sample_rate  data_builder.o
    0x0800c930   0x00000054   Code   RO         3053    i.inv_set_compass_soft_iron_input_data  data_builder.o
    0x0800c984   0x0000000c   Code   RO         3901    i.inv_set_compass_state  results_holder.o
    0x0800c990   0x00000120   Code   RO         3056    i.inv_set_contiguous  data_builder.o
    0x0800cab0   0x00000074   Code   RO         3058    i.inv_set_gyro_bias  data_builder.o
    0x0800cb24   0x00000018   Code   RO         3059    i.inv_set_gyro_orientation_and_scale  data_builder.o
    0x0800cb3c   0x00000028   Code   RO         3060    i.inv_set_gyro_sample_rate  data_builder.o
    0x0800cb64   0x0000001c   Code   RO         3448    i.inv_set_message   message_layer.o
    0x0800cb80   0x00000050   Code   RO         3906    i.inv_set_motion_state  results_holder.o
    0x0800cbd0   0x0000001c   Code   RO         3061    i.inv_set_quat_sample_rate  data_builder.o
    0x0800cbec   0x00000014   Code   RO         2785    i.inv_start_eMPL_outputs  empl_outputs.o
    0x0800cc00   0x00000040   Code   RO         3836    i.inv_start_mpl     mpl.o
    0x0800cc40   0x00000018   Code   RO         3907    i.inv_start_results_holder  results_holder.o
    0x0800cc58   0x00000024   Code   RO         3908    i.inv_store_gaming_quaternion  results_holder.o
    0x0800cc7c   0x00000064   Code   RO         3063    i.inv_unregister_data_cb  data_builder.o
    0x0800cce0   0x00000060   Code   RO         4109    i.inv_unregister_mpl_start_notification  start_manager.o
    0x0800cd40   0x0000035c   Code   RO         4527    i.log               m_ws.l(log.o)
    0x0800d09c   0x000001c0   Code   RO          138    i.main              main.o
    0x0800d25c   0x00000044   Code   RO          367    i.micros            sysclock.o
    0x0800d2a0   0x0000003e   Code   RO         3512    i.mlMatrixVectorMult  ml_math_func.o
    0x0800d2de   0x00000002   PAD
    0x0800d2e0   0x000002a0   Code   RO         2697    i.mpu9250_initialize  mpu_userapi.o
    0x0800d580   0x00000070   Code   RO         2177    i.mpu_configure_fifo  inv_mpu.o
    0x0800d5f0   0x0000004c   Code   RO         2178    i.mpu_get_accel_fsr  inv_mpu.o
    0x0800d63c   0x00000054   Code   RO         2180    i.mpu_get_accel_sens  inv_mpu.o
    0x0800d690   0x00000014   Code   RO         2181    i.mpu_get_compass_fsr  inv_mpu.o
    0x0800d6a4   0x000000d4   Code   RO         2182    i.mpu_get_compass_reg  inv_mpu.o
    0x0800d778   0x00000010   Code   RO         2185    i.mpu_get_fifo_config  inv_mpu.o
    0x0800d788   0x00000044   Code   RO         2186    i.mpu_get_gyro_fsr  inv_mpu.o
    0x0800d7cc   0x00000050   Code   RO         2188    i.mpu_get_gyro_sens  inv_mpu.o
    0x0800d81c   0x00000050   Code   RO         2190    i.mpu_get_lpf       inv_mpu.o
    0x0800d86c   0x00000020   Code   RO         2192    i.mpu_get_sample_rate  inv_mpu.o
    0x0800d88c   0x000000a0   Code   RO         2193    i.mpu_get_temperature  inv_mpu.o
    0x0800d92c   0x0000016c   Code   RO         2194    i.mpu_init          inv_mpu.o
    0x0800da98   0x000000b8   Code   RO         2195    i.mpu_load_firmware  inv_mpu.o
    0x0800db50   0x0000011c   Code   RO         2196    i.mpu_lp_accel_mode  inv_mpu.o
    0x0800dc6c   0x00000130   Code   RO         2698    i.mpu_mpl_get_data  mpu_userapi.o
    0x0800dd9c   0x000000c0   Code   RO         2202    i.mpu_read_fifo_stream  inv_mpu.o
    0x0800de5c   0x00000080   Code   RO         2203    i.mpu_read_mem      inv_mpu.o
    0x0800dedc   0x00000068   Code   RO         2205    i.mpu_reg_dump      inv_mpu.o
    0x0800df44   0x000001c8   Code   RO         2206    i.mpu_reset_fifo    inv_mpu.o
    0x0800e10c   0x0000029c   Code   RO         2207    i.mpu_run_6500_self_test  inv_mpu.o
    0x0800e3a8   0x00000084   Code   RO         2211    i.mpu_set_accel_fsr  inv_mpu.o
    0x0800e42c   0x0000014c   Code   RO         2212    i.mpu_set_bypass    inv_mpu.o
    0x0800e578   0x00000060   Code   RO         2213    i.mpu_set_compass_sample_rate  inv_mpu.o
    0x0800e5d8   0x00000090   Code   RO         2214    i.mpu_set_dmp_state  inv_mpu.o
    0x0800e668   0x00000088   Code   RO         2216    i.mpu_set_gyro_fsr  inv_mpu.o
    0x0800e6f0   0x0000006c   Code   RO         2217    i.mpu_set_int_latched  inv_mpu.o
    0x0800e75c   0x00000084   Code   RO         2219    i.mpu_set_lpf       inv_mpu.o
    0x0800e7e0   0x000000b4   Code   RO         2220    i.mpu_set_sample_rate  inv_mpu.o
    0x0800e894   0x00000168   Code   RO         2221    i.mpu_set_sensors   inv_mpu.o
    0x0800e9fc   0x00000080   Code   RO         2222    i.mpu_write_mem     inv_mpu.o
    0x0800ea7c   0x00000208   Code   RO         2700    i.run_self_test     mpu_userapi.o
    0x0800ec84   0x000000b8   Code   RO         2701    i.send_status_compass  mpu_userapi.o
    0x0800ed3c   0x00000090   Code   RO         2223    i.set_int_enable    inv_mpu.o
    0x0800edcc   0x00000006   Code   RO         3064    i.set_sensor_orientation_and_scale  data_builder.o
    0x0800edd2   0x00000002   PAD
    0x0800edd4   0x0000027c   Code   RO         2224    i.setup_compass     inv_mpu.o
    0x0800f050   0x00000074   Code   RO         2702    i.setup_gyro        mpu_userapi.o
    0x0800f0c4   0x00000188   Code   RO         4555    i.sinf              m_ws.l(sinf.o)
    0x0800f24c   0x0000004c   Code   RO         4563    i.sqrt              m_ws.l(sqrt.o)
    0x0800f298   0x0000002c   Code   RO         4571    i.sqrtf             m_ws.l(sqrtf.o)
    0x0800f2c4   0x000000ac   Code   RO         2703    i.tap_cb            mpu_userapi.o
    0x0800f370   0x00000268   Data   RO         2225    .constdata          inv_mpu.o
    0x0800f5d8   0x00000bf6   Data   RO         2537    .constdata          inv_mpu_dmp_motion_driver.o
    0x080101ce   0x0000002f   Data   RO         3837    .constdata          mpl.o
    0x080101fd   0x00000003   PAD
    0x08010200   0x00000038   Data   RO         4528    .constdata          m_ws.l(log.o)
    0x08010238   0x00000030   Data   RO         4909    .constdata          m_ws.l(cos_i.o)
    0x08010268   0x00000008   Data   RO         4945    .constdata          m_ws.l(qnan.o)
    0x08010270   0x000000c8   Data   RO         4948    .constdata          m_ws.l(rred.o)
    0x08010338   0x00000020   Data   RO         4952    .constdata          m_ws.l(rredf.o)
    0x08010358   0x00000028   Data   RO         4955    .constdata          m_ws.l(sin_i.o)
    0x08010380   0x00000051   Data   RO         2706    .conststring        mpu_userapi.o
    0x080103d1   0x00000003   PAD
    0x080103d4   0x00000044   Data   RO         3066    .conststring        data_builder.o
    0x08010418   0x00000020   Data   RO         5002    Region$$Table       anon$$obj.o


    Execution Region RW_IRAM1 (Base: 0x20000000, Size: 0x00001ba0, Max: 0x00005000, ABSOLUTE, COMPRESSED[0x00000054])

    Base Addr    Size         Type   Attr      Idx    E Section Name        Object

    0x20000000   0x00000014   Data   RW           21    .data               system_stm32f10x.o
    0x20000014   0x0000000c   Data   RW          368    .data               sysclock.o
    0x20000020   0x00000074   Data   RW          429    .data               control.o
    0x20000094   0x00000014   Data   RW          747    .data               stm32f10x_rcc.o
    0x200000a8   0x00000004   Data   RW         1909    .data               usart.o
    0x200000ac   0x0000001c   Data   RW         2152    .data               timer.o
    0x200000c8   0x00000038   Data   RW         2226    .data               inv_mpu.o
    0x20000100   0x0000001e   Data   RW         2707    .data               mpu_userapi.o
    0x2000011e   0x00000002   PAD
    0x20000120   0x00000004   Data   RW         3449    .data               message_layer.o
    0x20000124   0x00000010   Data   RW         4210    .data               libmpllib.lib(compass_vec_cal.o)
    0x20000134   0x00000004   Data   RW         4983    .data               mc_w.l(errno.o)
    0x20000138   0x00000024   Zero   RW          428    .bss                control.o
    0x2000015c   0x00000010   Zero   RW         2536    .bss                inv_mpu_dmp_motion_driver.o
    0x2000016c   0x00000024   Zero   RW         2705    .bss                mpu_userapi.o
    0x20000190   0x00000028   Zero   RW         2787    .bss                empl_outputs.o
    0x200001b8   0x000000c4   Zero   RW         2887    .bss                hal_outputs.o
    0x2000027c   0x000002d8   Zero   RW         3065    .bss                data_builder.o
    0x20000554   0x00000088   Zero   RW         3909    .bss                results_holder.o
    0x200005dc   0x00000054   Zero   RW         4110    .bss                start_manager.o
    0x20000630   0x00000198   Zero   RW         4144    .bss                storage_manager.o
    0x200007c8   0x00000460   Zero   RW         4209    .bss                libmpllib.lib(compass_vec_cal.o)
    0x20000c28   0x000002a0   Zero   RW         4299    .bss                libmpllib.lib(fast_no_motion.o)
    0x20000ec8   0x00000138   Zero   RW         4332    .bss                libmpllib.lib(fusion_9axis.o)
    0x20001000   0x000001c4   Zero   RW         4354    .bss                libmpllib.lib(gyro_tc.o)
    0x200011c4   0x000000b8   Zero   RW         4372    .bss                libmpllib.lib(mag_disturb.o)
    0x2000127c   0x0000006c   Zero   RW         4394    .bss                libmpllib.lib(quaternion_supervisor.o)
    0x200012e8   0x000004b8   Zero   RW         4412    .bss                libmpllib.lib(accel_auto_cal.o)
    0x200017a0   0x00000400   Zero   RW          130    STACK               startup_stm32f10x_md.o


==============================================================================

Image component sizes


      Code (inc. data)   RO Data    RW Data    ZI Data      Debug   Object Name

      1228        286          0        116         36       4312   control.o
         0          0          0          0          0       4536   core_cm3.o
      2816        332         68          0        728      26243   data_builder.o
       868         44          0          0         40       4230   empl_outputs.o
        96         10          0          0        196       5274   hal_outputs.o
       922        124          0          0          0       5589   i2c.o
     10330       1600        616         56          0      32280   inv_mpu.o
      2718        150       3062          0         16      20838   inv_mpu_dmp_motion_driver.o
       200         10          0          0          0       1018   log_stm32.o
       448        150          0          0          0     219622   main.o
        28          4          0          4          0       1058   message_layer.o
       112         12          0          0          0        872   misc.o
      1926          0          0          0          0      12425   ml_math_func.o
       248         76         47          0          0       2192   mpl.o
      3280        712         81         30         36       7956   mpu_userapi.o
       588         42          0          0          0       3023   pca9685.o
       808        122          0          0        136      13629   results_holder.o
       204         20          0          0         84       2916   start_manager.o
        36          8        236          0       1024        760   startup_stm32f10x_md.o
        52         12          0          0          0        953   stm32f10x_flash.o
       278          0          0          0          0       1804   stm32f10x_gpio.o
        24          0          0          0          0       3084   stm32f10x_it.o
       748         98          0         20          0       9846   stm32f10x_rcc.o
      1204        150          0          0          0      12279   stm32f10x_tim.o
       472          6          0          0          0       6131   stm32f10x_usart.o
       168         10          0          0        408       2213   storage_manager.o
       290         24          0         12          0       3264   sysclock.o
       328         28          0         20          0      45253   system_stm32f10x.o
      1096         52          0         28          0       2224   timer.o
       272         24          0          4          0       9814   usart.o

    ----------------------------------------------------------------------
     31830       4106       4148        292       2704     465638   Object Totals
         0          0         32          0          0          0   (incl. Generated)
        42          0          6          2          0          0   (incl. Padding)

    ----------------------------------------------------------------------

      Code (inc. data)   RO Data    RW Data    ZI Data      Debug   Library Member Name

      2796        150          0          0       1208       9108   accel_auto_cal.o
      7772        154          0         16       1120      19264   compass_vec_cal.o
      2548         42          0          0        672      13408   fast_no_motion.o
      1628         54          0          0        312       5308   fusion_9axis.o
      1212         30          0          0        452       5515   gyro_tc.o
      1360         46          0          0        184       7270   mag_disturb.o
      2368        102          0          0        108       5409   quaternion_supervisor.o
       284         42          0          0          0        120   acosf.o
       604         76          0          0          0        116   atan2f.o
       156          8          0          0          0        104   cos.o
       252         22         48          0          0        124   cos_i.o
       380         52          0          0          0        124   cosf.o
        50         10          0          0          0        272   dunder.o
       220         16          0          0          0         84   floor.o
        40          0          0          0          0         68   fpclassify.o
        38          0          0          0          0         68   fpclassifyf.o
        28          0          0          0          0        272   funder.o
       860         52         56          0          0        256   log.o
       170          0          0          0          0         96   poly.o
         0          0          8          0          0          0   qnan.o
       904         76        200          0          0        140   rred.o
       360         16         32          0          0         88   rredf.o
       236         12         40          0          0        128   sin_i.o
       392         54          0          0          0        124   sinf.o
        76          0          0          0          0         84   sqrt.o
        44          0          0          0          0         80   sqrtf.o
        86          0          0          0          0          0   __dczerorl2.o
         0          0          0          0          0          0   entry.o
         0          0          0          0          0          0   entry10a.o
         0          0          0          0          0          0   entry11a.o
         8          4          0          0          0          0   entry2.o
         4          0          0          0          0          0   entry5.o
         0          0          0          0          0          0   entry7b.o
         0          0          0          0          0          0   entry8b.o
         8          4          0          0          0          0   entry9a.o
        12          6          0          4          0         68   errno.o
        30          0          0          0          0          0   handlers.o
        36          8          0          0          0         68   init.o
         0          0          0          0          0          0   iusefp.o
        98          0          0          0          0         84   ldiv.o
        30          0          0          0          0         68   llshl.o
        36          0          0          0          0         68   llsshr.o
        32          0          0          0          0         68   llushr.o
        26          0          0          0          0         80   memcmp.o
        64          0          0          0          0         76   memmovea.o
        36          0          0          0          0        108   memseta.o
      2272         96          0          0          0        592   printfa.o
        44          0          0          0          0         80   uidiv.o
        98          0          0          0          0         92   uldiv.o
        48          0          0          0          0         68   cdcmple.o
        48          0          0          0          0         68   cdrcmple.o
        20          0          0          0          0         68   cfcmple.o
        20          0          0          0          0         68   cfrcmple.o
        56          0          0          0          0         88   d2f.o
       334          0          0          0          0        148   dadd.o
       222          0          0          0          0        100   ddiv.o
       186          0          0          0          0        176   depilogue.o
        62          0          0          0          0         80   dfixi.o
        50          0          0          0          0         76   dfixui.o
        48          0          0          0          0         68   dfixul.o
        34          0          0          0          0         76   dflti.o
        26          0          0          0          0         76   dfltui.o
       228          0          0          0          0         96   dmul.o
        46          0          0          0          0         80   dscalb.o
       162          0          0          0          0        100   dsqrt.o
        38          0          0          0          0         68   f2d.o
       176          0          0          0          0        140   fadd.o
       124          0          0          0          0         88   fdiv.o
       110          0          0          0          0        168   fepilogue.o
        50          0          0          0          0         68   ffixi.o
        66          0          0          0          0         76   ffixl.o
        40          0          0          0          0         68   ffixui.o
        18          0          0          0          0         68   fflti.o
        44          0          0          0          0         92   ffltl.o
        10          0          0          0          0         68   ffltui.o
       100          0          0          0          0         76   fmul.o
        60          0          0          0          0         76   frnd.o
        24          0          0          0          0         68   fscalb.o
        94          0          0          0          0         96   fsqrt.o

    ----------------------------------------------------------------------
     30254       1132        384         20       4056      71738   Library Totals
        12          0          0          0          0          0   (incl. Padding)

    ----------------------------------------------------------------------

      Code (inc. data)   RO Data    RW Data    ZI Data      Debug   Library Name

     19684        578          0         16       4056      65282   libmpllib.lib
      5094        436        384          0          0       2348   m_ws.l
      2920        118          0          4          0       1452   mc_w.l
      2544          0          0          0          0       2656   mf_w.l

    ----------------------------------------------------------------------
     30254       1132        384         20       4056      71738   Library Totals

    ----------------------------------------------------------------------

==============================================================================


      Code (inc. data)   RO Data    RW Data    ZI Data      Debug   

     62084       5238       4532        312       6760     519200   Grand Totals
     62084       5238       4532         84       6760     519200   ELF Image Totals (compressed)
     62084       5238       4532         84          0          0   ROM Totals

==============================================================================

    Total RO  Size (Code + RO Data)                66616 (  65.05kB)
    Total RW  Size (RW Data + ZI Data)              7072 (   6.91kB)
    Total ROM Size (Code + RO Data + RW Data)      66700 (  65.14kB)

==============================================================================

